194.177.195.20 - - [25/Nov/2022:08:10:01 +0200] "GET /stations/Delacroix-Attiki/NOAAMO.TXT HTTP/1.1" 200 3221 "-" "curl/7.64.0"
194.177.195.20 - - [25/Nov/2022:08:10:01 +0200] "GET /stations/Delacroix-Attiki/NOAAPRMO.TXT HTTP/1.1" 200 3692 "-" "curl/7.64.0"
194.177.195.20 - - [25/Nov/2022:08:10:01 +0200] "GET /stations/Delacroix-Attiki/NOAAYR.TXT HTTP/1.1" 200 3331 "-" "curl/7.64.0"
194.177.195.20 - - [25/Nov/2022:08:10:01 +0200] "GET /stations/Delacroix-Attiki/NOAAPRYR.TXT HTTP/1.1" 200 3470 "-" "curl/7.64.0"
194.177.195.20 - - [25/Nov/2022:08:10:01 +0200] "GET /stations/derveni/downld02.txt HTTP/1.1" 200 40416 "-" "curl/7.64.0"
194.177.195.20 - - [25/Nov/2022:08:10:01 +0200] "GET /stations/derveni/downld08.txt HTTP/1.1" 200 219266 "-" "curl/7.64.0"
194.177.195.20 - - [25/Nov/2022:08:10:01 +0200] "GET /stations/derveni/ZWNTANA.htm HTTP/1.1" 200 2282 "-" "curl/7.64.0"
194.177.195.20 - - [25/Nov/2022:08:10:01 +0200] "GET /stations/derveni/NOAAMO.TXT HTTP/1.1" 200 3247 "-" "curl/7.64.0"
194.177.195.20 - - [25/Nov/2022:08:10:01 +0200] "GET /stations/derveni/NOAAPRMO.TXT HTTP/1.1" 200 3719 "-" "curl/7.64.0"
194.177.195.20 - - [25/Nov/2022:08:10:01 +0200] "GET /stations/derveni/NOAAYR.TXT HTTP/1.1" 200 3357 "-" "curl/7.64.0"
194.177.195.20 - - [25/Nov/2022:08:10:01 +0200] "GET /stations/derveni/NOAAPRYR.TXT HTTP/1.1" 200 3496 "-" "curl/7.64.0"
194.177.195.20 - - [25/Nov/2022:08:10:01 +0200] "GET /stations/geraki/downld02.txt HTTP/1.1" 200 39381 "-" "curl/7.64.0"
194.177.195.20 - - [25/Nov/2022:08:10:01 +0200] "GET /stations/geraki/downld08.txt HTTP/1.1" 200 218231 "-" "curl/7.64.0"
194.177.195.20 - - [25/Nov/2022:08:10:01 +0200] "GET /stations/geraki/ZWNTANA.htm HTTP/1.1" 200 2297 "-" "curl/7.64.0"
194.177.195.20 - - [25/Nov/2022:08:10:01 +0200] "GET /stations/geraki/NOAAMO.TXT HTTP/1.1" 200 3168 "-" "curl/7.64.0"
194.177.195.20 - - [25/Nov/2022:08:10:01 +0200] "GET /stations/geraki/NOAAPRMO.TXT HTTP/1.1" 200 3718 "-" "curl/7.64.0"
194.177.195.20 - - [25/Nov/2022:08:10:01 +0200] "GET /stations/geraki/NOAAYR.TXT HTTP/1.1" 200 3356 "-" "curl/7.64.0"
194.177.195.20 - - [25/Nov/2022:08:10:01 +0200] "GET /stations/geraki/NOAAPRYR.TXT HTTP/1.1" 200 3495 "-" "curl/7.64.0"
194.177.195.20 - - [25/Nov/2022:08:10:01 +0200] "GET /stations/Harokopio-Athens/downld02.txt HTTP/1.1" 200 65583 "-" "curl/7.64.0"
194.177.195.20 - - [25/Nov/2022:08:10:01 +0200] "GET /stations/Harokopio-Athens/downld08.txt HTTP/1.1" 200 355025 "-" "curl/7.64.0"
194.177.195.20 - - [25/Nov/2022:08:10:01 +0200] "GET /stations/Harokopio-Athens/ZWNTANA.htm HTTP/1.1" 200 2301 "-" "curl/7.64.0"
194.177.195.20 - - [25/Nov/2022:08:10:01 +0200] "GET /stations/Harokopio-Athens/NOAAMO.TXT HTTP/1.1" 200 3248 "-" "curl/7.64.0"
194.177.195.20 - - [25/Nov/2022:08:10:01 +0200] "GET /stations/Harokopio-Athens/NOAAPRMO.TXT HTTP/1.1" 200 3719 "-" "curl/7.64.0"
194.177.195.20 - - [25/Nov/2022:08:10:01 +0200] "GET /stations/Harokopio-Athens/NOAAYR.TXT HTTP/1.1" 200 3358 "-" "curl/7.64.0"
194.177.195.20 - - [25/Nov/2022:08:10:01 +0200] "GET /stations/Harokopio-Athens/NOAAPRYR.TXT HTTP/1.1" 200 3497 "-" "curl/7.64.0"
194.177.195.20 - - [25/Nov/2022:08:10:06 +0200] "GET /stations/salamina/downld02.txt HTTP/1.1" 200 37698 "-" "curl/7.64.0"
194.177.195.20 - - [25/Nov/2022:08:10:06 +0200] "GET /stations/salamina/downld08.txt HTTP/1.1" 200 203588 "-" "curl/7.64.0"
194.177.195.20 - - [25/Nov/2022:08:10:06 +0200] "GET /stations/salamina/ZWNTANA.htm HTTP/1.1" 200 2282 "-" "curl/7.64.0"
194.177.195.20 - - [25/Nov/2022:08:10:06 +0200] "GET /stations/salamina/NOAAMO.TXT HTTP/1.1" 200 3248 "-" "curl/7.64.0"
194.177.195.20 - - [25/Nov/2022:08:10:06 +0200] "GET /stations/salamina/NOAAPRMO.TXT HTTP/1.1" 200 3719 "-" "curl/7.64.0"
194.177.195.20 - - [25/Nov/2022:08:10:06 +0200] "GET /stations/salamina/NOAAYR.TXT HTTP/1.1" 200 3358 "-" "curl/7.64.0"
194.177.195.20 - - [25/Nov/2022:08:10:06 +0200] "GET /stations/salamina/NOAAPRYR.TXT HTTP/1.1" 200 3497 "-" "curl/7.64.0"
83.212.240.12 - - [25/Nov/2022:08:10:55 +0200] "POST /wp-cron.php?doing_wp_cron=1669356655.9644699096679687500000 HTTP/1.1" 200 166 "http://esa13thconference.eu/wp-cron.php?doing_wp_cron=1669356655.9644699096679687500000" "WordPress/4.9.6; http://esa13thconference.eu"
185.220.101.7 - - [25/Nov/2022:08:10:55 +0200] "GET /index.php/contact/ HTTP/1.0" 200 73975 "http://esa13thconference.eu/index.php/contact/" "Mozilla/5.0 (Windows NT 6.1; WOW64) AppleWebKit/537.36 (KHTML, like Gecko) Chrome/90.0.4430.93 Safari/537.36"
83.212.240.12 - - [25/Nov/2022:08:10:58 +0200] "POST /wp-cron.php?doing_wp_cron=1669356658.6829431056976318359375 HTTP/1.1" 200 166 "http://esa13thconference.eu/wp-cron.php?doing_wp_cron=1669356658.6829431056976318359375" "WordPress/4.9.6; http://esa13thconference.eu"
185.220.101.7 - - [25/Nov/2022:08:10:58 +0200] "GET /index.php/contact/+http:/esa13thconference.eu/wp-admin/admin-ajax.php?action=formmakerwdcaptcha_fmc&digit=6&i=1 HTTP/1.0" 301 333 "http://esa13thconference.eu/index.php/contact/" "Mozilla/5.0 (Windows NT 6.1; WOW64) AppleWebKit/537.36 (KHTML, like Gecko) Chrome/90.0.4430.93 Safari/537.36"
83.212.240.12 - - [25/Nov/2022:08:11:00 +0200] "POST /wp-cron.php?doing_wp_cron=1669356660.5581529140472412109375 HTTP/1.1" 200 166 "http://esa13thconference.eu/wp-cron.php?doing_wp_cron=1669356660.5581529140472412109375" "WordPress/4.9.6; http://esa13thconference.eu"
185.220.101.7 - - [25/Nov/2022:08:11:00 +0200] "POST /index.php/contact/ HTTP/1.0" 302 50692 "http://esa13thconference.eu/index.php/contact/" "Mozilla/5.0 (Windows NT 6.1; WOW64) AppleWebKit/537.36 (KHTML, like Gecko) Chrome/90.0.4430.93 Safari/537.36"
83.212.240.12 - - [25/Nov/2022:08:11:03 +0200] "POST /wp-cron.php?doing_wp_cron=1669356663.9248549938201904296875 HTTP/1.1" 200 166 "http://esa13thconference.eu/wp-cron.php?doing_wp_cron=1669356663.9248549938201904296875" "WordPress/4.9.6; http://esa13thconference.eu"
185.220.101.7 - - [25/Nov/2022:08:11:03 +0200] "GET /index.php/contact/ HTTP/1.0" 200 74019 "http://esa13thconference.eu/index.php/contact/" "Mozilla/5.0 (Windows NT 6.1; WOW64) AppleWebKit/537.36 (KHTML, like Gecko) Chrome/90.0.4430.93 Safari/537.36"
83.212.240.12 - - [25/Nov/2022:08:11:06 +0200] "POST /wp-cron.php?doing_wp_cron=1669356666.4013040065765380859375 HTTP/1.1" 200 166 "http://esa13thconference.eu/wp-cron.php?doing_wp_cron=1669356666.4013040065765380859375" "WordPress/4.9.6; http://esa13thconference.eu"
185.220.101.7 - - [25/Nov/2022:08:11:05 +0200] "GET /index.php/contact/ HTTP/1.0" 200 73917 "http://esa13thconference.eu/index.php/contact/" "Mozilla/5.0 (Windows NT 6.1; WOW64) AppleWebKit/537.36 (KHTML, like Gecko) Chrome/90.0.4430.93 Safari/537.36"
94.65.67.92 - - [25/Nov/2022:08:11:23 +0200] "GET /stations/Harokopio-Athens/ HTTP/1.1" 200 4581 "-" "Mozilla/5.0 (Windows NT 6.1; Win64; x64; rv:107.0) Gecko/20100101 Firefox/107.0"
94.65.67.92 - - [25/Nov/2022:08:11:24 +0200] "GET /stations/Harokopio-Athens/hua_logo.gif HTTP/1.1" 200 3600 "http://meteoclima.hua.gr/stations/Harokopio-Athens/" "Mozilla/5.0 (Windows NT 6.1; Win64; x64; rv:107.0) Gecko/20100101 Firefox/107.0"
94.65.67.92 - - [25/Nov/2022:08:11:24 +0200] "GET /stations/Harokopio-Athens/OutsideTempHistory.gif HTTP/1.1" 200 13101 "http://meteoclima.hua.gr/stations/Harokopio-Athens/" "Mozilla/5.0 (Windows NT 6.1; Win64; x64; rv:107.0) Gecko/20100101 Firefox/107.0"
94.65.67.92 - - [25/Nov/2022:08:11:24 +0200] "GET /stations/Harokopio-Athens/OutsideHumidityHistory.gif HTTP/1.1" 200 12951 "http://meteoclima.hua.gr/stations/Harokopio-Athens/" "Mozilla/5.0 (Windows NT 6.1; Win64; x64; rv:107.0) Gecko/20100101 Firefox/107.0"
94.65.67.92 - - [25/Nov/2022:08:11:24 +0200] "GET /stations/Harokopio-Athens/SolarRadHistory.gif HTTP/1.1" 200 12461 "http://meteoclima.hua.gr/stations/Harokopio-Athens/" "Mozilla/5.0 (Windows NT 6.1; Win64; x64; rv:107.0) Gecko/20100101 Firefox/107.0"
94.65.67.92 - - [25/Nov/2022:08:11:24 +0200] "GET /stations/Harokopio-Athens/RainRateHistory.gif HTTP/1.1" 200 11888 "http://meteoclima.hua.gr/stations/Harokopio-Athens/" "Mozilla/5.0 (Windows NT 6.1; Win64; x64; rv:107.0) Gecko/20100101 Firefox/107.0"
94.65.67.92 - - [25/Nov/2022:08:11:24 +0200] "GET /stations/Harokopio-Athens/RainHistory.gif HTTP/1.1" 200 11717 "http://meteoclima.hua.gr/stations/Harokopio-Athens/" "Mozilla/5.0 (Windows NT 6.1; Win64; x64; rv:107.0) Gecko/20100101 Firefox/107.0"
94.65.67.92 - - [25/Nov/2022:08:11:24 +0200] "GET /stations/Harokopio-Athens/UVHistory.gif HTTP/1.1" 200 12250 "http://meteoclima.hua.gr/stations/Harokopio-Athens/" "Mozilla/5.0 (Windows NT 6.1; Win64; x64; rv:107.0) Gecko/20100101 Firefox/107.0"
94.65.67.92 - - [25/Nov/2022:08:11:24 +0200] "GET /stations/Harokopio-Athens/WindSpeedHistory.gif HTTP/1.1" 200 13878 "http://meteoclima.hua.gr/stations/Harokopio-Athens/" "Mozilla/5.0 (Windows NT 6.1; Win64; x64; rv:107.0) Gecko/20100101 Firefox/107.0"
94.65.67.92 - - [25/Nov/2022:08:11:24 +0200] "GET /stations/Harokopio-Athens/SoilMoist2History.gif HTTP/1.1" 200 11916 "http://meteoclima.hua.gr/stations/Harokopio-Athens/" "Mozilla/5.0 (Windows NT 6.1; Win64; x64; rv:107.0) Gecko/20100101 Firefox/107.0"
94.65.67.92 - - [25/Nov/2022:08:11:24 +0200] "GET /stations/Harokopio-Athens/SoilMoist3History.gif HTTP/1.1" 200 11916 "http://meteoclima.hua.gr/stations/Harokopio-Athens/" "Mozilla/5.0 (Windows NT 6.1; Win64; x64; rv:107.0) Gecko/20100101 Firefox/107.0"
94.65.67.92 - - [25/Nov/2022:08:11:24 +0200] "GET /stations/Harokopio-Athens/WindDirection.gif HTTP/1.1" 200 4914 "http://meteoclima.hua.gr/stations/Harokopio-Athens/" "Mozilla/5.0 (Windows NT 6.1; Win64; x64; rv:107.0) Gecko/20100101 Firefox/107.0"
94.65.67.92 - - [25/Nov/2022:08:11:24 +0200] "GET /stations/Harokopio-Athens/SoilMoist4History.gif HTTP/1.1" 200 11914 "http://meteoclima.hua.gr/stations/Harokopio-Athens/" "Mozilla/5.0 (Windows NT 6.1; Win64; x64; rv:107.0) Gecko/20100101 Firefox/107.0"
94.65.67.92 - - [25/Nov/2022:08:11:24 +0200] "GET /stations/Harokopio-Athens/RainStorm.gif HTTP/1.1" 200 4927 "http://meteoclima.hua.gr/stations/Harokopio-Athens/" "Mozilla/5.0 (Windows NT 6.1; Win64; x64; rv:107.0) Gecko/20100101 Firefox/107.0"
94.65.67.92 - - [25/Nov/2022:08:11:24 +0200] "GET /stations/Harokopio-Athens/MonthlyRain.gif HTTP/1.1" 200 4656 "http://meteoclima.hua.gr/stations/Harokopio-Athens/" "Mozilla/5.0 (Windows NT 6.1; Win64; x64; rv:107.0) Gecko/20100101 Firefox/107.0"
94.65.67.92 - - [25/Nov/2022:08:11:24 +0200] "GET /stations/Harokopio-Athens/BarometerHistory.gif HTTP/1.1" 200 13335 "http://meteoclima.hua.gr/stations/Harokopio-Athens/" "Mozilla/5.0 (Windows NT 6.1; Win64; x64; rv:107.0) Gecko/20100101 Firefox/107.0"
94.65.67.92 - - [25/Nov/2022:08:11:24 +0200] "GET /stations/Harokopio-Athens/WindDirectionHistory.gif HTTP/1.1" 200 13586 "http://meteoclima.hua.gr/stations/Harokopio-Athens/" "Mozilla/5.0 (Windows NT 6.1; Win64; x64; rv:107.0) Gecko/20100101 Firefox/107.0"
94.65.67.92 - - [25/Nov/2022:08:11:24 +0200] "GET /stations/Harokopio-Athens/LeafWet1History.gif HTTP/1.1" 200 11656 "http://meteoclima.hua.gr/stations/Harokopio-Athens/" "Mozilla/5.0 (Windows NT 6.1; Win64; x64; rv:107.0) Gecko/20100101 Firefox/107.0"
94.65.67.92 - - [25/Nov/2022:08:11:24 +0200] "GET /stations/Harokopio-Athens/SoilTemp3History.gif HTTP/1.1" 200 12072 "http://meteoclima.hua.gr/stations/Harokopio-Athens/" "Mozilla/5.0 (Windows NT 6.1; Win64; x64; rv:107.0) Gecko/20100101 Firefox/107.0"
94.65.67.92 - - [25/Nov/2022:08:11:24 +0200] "GET /stations/Harokopio-Athens/10MinAvgWindSpeed.gif HTTP/1.1" 200 4746 "http://meteoclima.hua.gr/stations/Harokopio-Athens/" "Mozilla/5.0 (Windows NT 6.1; Win64; x64; rv:107.0) Gecko/20100101 Firefox/107.0"
94.65.67.92 - - [25/Nov/2022:08:11:24 +0200] "GET /stations/Harokopio-Athens/RainRate.gif HTTP/1.1" 200 6186 "http://meteoclima.hua.gr/stations/Harokopio-Athens/" "Mozilla/5.0 (Windows NT 6.1; Win64; x64; rv:107.0) Gecko/20100101 Firefox/107.0"
94.65.67.92 - - [25/Nov/2022:08:11:24 +0200] "GET /stations/Harokopio-Athens/DewPointHistory.gif HTTP/1.1" 200 12706 "http://meteoclima.hua.gr/stations/Harokopio-Athens/" "Mozilla/5.0 (Windows NT 6.1; Win64; x64; rv:107.0) Gecko/20100101 Firefox/107.0"
94.65.67.92 - - [25/Nov/2022:08:11:24 +0200] "GET /stations/Harokopio-Athens/SoilTemp1History.gif HTTP/1.1" 200 12145 "http://meteoclima.hua.gr/stations/Harokopio-Athens/" "Mozilla/5.0 (Windows NT 6.1; Win64; x64; rv:107.0) Gecko/20100101 Firefox/107.0"
94.65.67.92 - - [25/Nov/2022:08:11:24 +0200] "GET /stations/Harokopio-Athens/SoilTemp4History.gif HTTP/1.1" 200 12038 "http://meteoclima.hua.gr/stations/Harokopio-Athens/" "Mozilla/5.0 (Windows NT 6.1; Win64; x64; rv:107.0) Gecko/20100101 Firefox/107.0"
94.65.67.92 - - [25/Nov/2022:08:11:24 +0200] "GET /stations/Harokopio-Athens/Rain.gif HTTP/1.1" 200 4910 "http://meteoclima.hua.gr/stations/Harokopio-Athens/" "Mozilla/5.0 (Windows NT 6.1; Win64; x64; rv:107.0) Gecko/20100101 Firefox/107.0"
94.65.67.92 - - [25/Nov/2022:08:11:24 +0200] "GET /stations/Harokopio-Athens/SoilMoist1History.gif HTTP/1.1" 200 12089 "http://meteoclima.hua.gr/stations/Harokopio-Athens/" "Mozilla/5.0 (Windows NT 6.1; Win64; x64; rv:107.0) Gecko/20100101 Firefox/107.0"
94.65.67.92 - - [25/Nov/2022:08:11:24 +0200] "GET /stations/Harokopio-Athens/SoilTemp2History.gif HTTP/1.1" 200 12273 "http://meteoclima.hua.gr/stations/Harokopio-Athens/" "Mozilla/5.0 (Windows NT 6.1; Win64; x64; rv:107.0) Gecko/20100101 Firefox/107.0"
94.65.67.92 - - [25/Nov/2022:08:11:24 +0200] "GET /stations/Harokopio-Athens/YearlyRain.gif HTTP/1.1" 200 5520 "http://meteoclima.hua.gr/stations/Harokopio-Athens/" "Mozilla/5.0 (Windows NT 6.1; Win64; x64; rv:107.0) Gecko/20100101 Firefox/107.0"
94.65.67.92 - - [25/Nov/2022:08:11:24 +0200] "GET /stations/Harokopio-Athens/WindSpeed.gif HTTP/1.1" 200 4780 "http://meteoclima.hua.gr/stations/Harokopio-Athens/" "Mozilla/5.0 (Windows NT 6.1; Win64; x64; rv:107.0) Gecko/20100101 Firefox/107.0"
94.65.67.92 - - [25/Nov/2022:08:11:24 +0200] "GET /stations/Harokopio-Athens/%CE%A4%CE%B1%20%CE%AD%CE%B3%CE%B3%CF%81%CE%B1%CF%86%CE%AC%20%CE%BC%CE%BF%CF%85/noa/meteo_stations/%CE%A4%CE%B1%20%CE%AD%CE%B3%CE%B3%CF%81%CE%B1%CF%86%CE%AC%20%CE%BC%CE%BF%CF%85/noa/meteo_stations/%CE%A4%CE%B1%20%CE%AD%CE%B3%CE%B3%CF%81%CE%B1%CF%86%CE%AC%20%CE%BC%CE%BF%CF%85/noa/meteo_stations/Pl_wa012.ico HTTP/1.1" 404 673 "http://meteoclima.hua.gr/stations/Harokopio-Athens/" "Mozilla/5.0 (Windows NT 6.1; Win64; x64; rv:107.0) Gecko/20100101 Firefox/107.0"
::1 - - [25/Nov/2022:08:11:30 +0200] "OPTIONS * HTTP/1.0" 200 126 "-" "Apache/2.4.10 (Debian) OpenSSL/1.0.1t mod_perl/2.0.9dev Perl/v5.20.2 (internal dummy connection)"
194.38.20.161 - - [25/Nov/2022:08:11:38 +0200] "GET /wp-content/themes/seotheme/db.php?u HTTP/1.1" 404 531 "-" "ALittle Client"
194.180.48.99 - - [25/Nov/2022:08:12:31 +0200] "GET /wp-content/plugins/core-stab/index.php HTTP/1.1" 404 539 "-" "Mozlila/5.0 (Linux; Android 7.0; SM-G892A Bulid/NRD90M; wv) AppleWebKit/537.36 (KHTML, like Gecko) Version/4.0 Chrome/60.0.3112.107 Moblie Safari/537.36"
66.249.76.156 - - [25/Nov/2022:08:13:09 +0200] "GET /diatrofi/forum/ratethread.php?tid=3684&rating=5&my_post_key=4b88cd6a68b546ade89af4bea70f8714 HTTP/1.1" 200 8010 "-" "Mozilla/5.0 (Linux; Android 6.0.1; Nexus 5X Build/MMB29P) AppleWebKit/537.36 (KHTML, like Gecko) Chrome/107.0.5304.110 Mobile Safari/537.36 (compatible; Googlebot/2.1; +http://www.google.com/bot.html)"
188.165.239.119 - - [25/Nov/2022:08:13:10 +0200] "GET /stations/derveni HTTP/1.1" 301 556 "-" "Go-http-client/1.1"
188.165.239.119 - - [25/Nov/2022:08:13:10 +0200] "GET /stations/derveni/ HTTP/1.1" 200 4431 "http://meteoclima.hua.gr/stations/derveni" "Go-http-client/1.1"
94.70.57.167 - - [25/Nov/2022:08:13:24 +0200] "GET /~elkesite/ HTTP/1.1" 200 44917 "https://www.hua.gr/" "Mozilla/5.0 (Windows NT 10.0; Win64; x64) AppleWebKit/537.36 (KHTML, like Gecko) Chrome/107.0.0.0 Safari/537.36"
93.109.141.153 - - [25/Nov/2022:08:13:36 +0200] "GET /stations/derveni/ HTTP/1.1" 200 4487 "-" "Mozilla/5.0 (Linux; Android 12; SAMSUNG SM-A135F) AppleWebKit/537.36 (KHTML, like Gecko) SamsungBrowser/19.0 Chrome/102.0.5005.125 Mobile Safari/537.36"
93.109.141.153 - - [25/Nov/2022:08:13:36 +0200] "GET /stations/derveni/hua_logo.gif HTTP/1.1" 200 3600 "http://meteoclima.hua.gr/stations/derveni/" "Mozilla/5.0 (Linux; Android 12; SAMSUNG SM-A135F) AppleWebKit/537.36 (KHTML, like Gecko) SamsungBrowser/19.0 Chrome/102.0.5005.125 Mobile Safari/537.36"
93.109.141.153 - - [25/Nov/2022:08:13:36 +0200] "GET /stations/derveni/Davis.jpg HTTP/1.1" 200 7493 "http://meteoclima.hua.gr/stations/derveni/" "Mozilla/5.0 (Linux; Android 12; SAMSUNG SM-A135F) AppleWebKit/537.36 (KHTML, like Gecko) SamsungBrowser/19.0 Chrome/102.0.5005.125 Mobile Safari/537.36"
93.109.141.153 - - [25/Nov/2022:08:13:36 +0200] "GET /stations/derveni/OutsideTempHistory.gif HTTP/1.1" 200 13433 "http://meteoclima.hua.gr/stations/derveni/" "Mozilla/5.0 (Linux; Android 12; SAMSUNG SM-A135F) AppleWebKit/537.36 (KHTML, like Gecko) SamsungBrowser/19.0 Chrome/102.0.5005.125 Mobile Safari/537.36"
93.109.141.153 - - [25/Nov/2022:08:13:36 +0200] "GET /stations/derveni/RainHistory.gif HTTP/1.1" 200 11717 "http://meteoclima.hua.gr/stations/derveni/" "Mozilla/5.0 (Linux; Android 12; SAMSUNG SM-A135F) AppleWebKit/537.36 (KHTML, like Gecko) SamsungBrowser/19.0 Chrome/102.0.5005.125 Mobile Safari/537.36"
93.109.141.153 - - [25/Nov/2022:08:13:36 +0200] "GET /stations/derveni/RainRateHistory.gif HTTP/1.1" 200 11887 "http://meteoclima.hua.gr/stations/derveni/" "Mozilla/5.0 (Linux; Android 12; SAMSUNG SM-A135F) AppleWebKit/537.36 (KHTML, like Gecko) SamsungBrowser/19.0 Chrome/102.0.5005.125 Mobile Safari/537.36"
93.109.141.153 - - [25/Nov/2022:08:13:36 +0200] "GET /stations/derveni/OutsideHumidityHistory.gif HTTP/1.1" 200 13490 "http://meteoclima.hua.gr/stations/derveni/" "Mozilla/5.0 (Linux; Android 12; SAMSUNG SM-A135F) AppleWebKit/537.36 (KHTML, like Gecko) SamsungBrowser/19.0 Chrome/102.0.5005.125 Mobile Safari/537.36"
93.109.141.153 - - [25/Nov/2022:08:13:36 +0200] "GET /stations/derveni/WindSpeedHistory.gif HTTP/1.1" 200 13758 "http://meteoclima.hua.gr/stations/derveni/" "Mozilla/5.0 (Linux; Android 12; SAMSUNG SM-A135F) AppleWebKit/537.36 (KHTML, like Gecko) SamsungBrowser/19.0 Chrome/102.0.5005.125 Mobile Safari/537.36"
93.109.141.153 - - [25/Nov/2022:08:13:36 +0200] "GET /stations/derveni/WindDirectionHistory.gif HTTP/1.1" 200 13020 "http://meteoclima.hua.gr/stations/derveni/" "Mozilla/5.0 (Linux; Android 12; SAMSUNG SM-A135F) AppleWebKit/537.36 (KHTML, like Gecko) SamsungBrowser/19.0 Chrome/102.0.5005.125 Mobile Safari/537.36"
93.109.141.153 - - [25/Nov/2022:08:13:36 +0200] "GET /stations/derveni/BarometerHistory.gif HTTP/1.1" 200 12725 "http://meteoclima.hua.gr/stations/derveni/" "Mozilla/5.0 (Linux; Android 12; SAMSUNG SM-A135F) AppleWebKit/537.36 (KHTML, like Gecko) SamsungBrowser/19.0 Chrome/102.0.5005.125 Mobile Safari/537.36"
93.109.141.153 - - [25/Nov/2022:08:13:36 +0200] "GET /stations/derveni/DewPointHistory.gif HTTP/1.1" 200 13230 "http://meteoclima.hua.gr/stations/derveni/" "Mozilla/5.0 (Linux; Android 12; SAMSUNG SM-A135F) AppleWebKit/537.36 (KHTML, like Gecko) SamsungBrowser/19.0 Chrome/102.0.5005.125 Mobile Safari/537.36"
93.109.141.153 - - [25/Nov/2022:08:13:36 +0200] "GET /stations/derveni/WindDirection.gif HTTP/1.1" 200 4934 "http://meteoclima.hua.gr/stations/derveni/" "Mozilla/5.0 (Linux; Android 12; SAMSUNG SM-A135F) AppleWebKit/537.36 (KHTML, like Gecko) SamsungBrowser/19.0 Chrome/102.0.5005.125 Mobile Safari/537.36"
93.109.141.153 - - [25/Nov/2022:08:13:36 +0200] "GET /stations/derveni/WindSpeed.gif HTTP/1.1" 200 4853 "http://meteoclima.hua.gr/stations/derveni/" "Mozilla/5.0 (Linux; Android 12; SAMSUNG SM-A135F) AppleWebKit/537.36 (KHTML, like Gecko) SamsungBrowser/19.0 Chrome/102.0.5005.125 Mobile Safari/537.36"
93.109.141.153 - - [25/Nov/2022:08:13:36 +0200] "GET /stations/derveni/10MinAvgWindSpeed.gif HTTP/1.1" 200 4830 "http://meteoclima.hua.gr/stations/derveni/" "Mozilla/5.0 (Linux; Android 12; SAMSUNG SM-A135F) AppleWebKit/537.36 (KHTML, like Gecko) SamsungBrowser/19.0 Chrome/102.0.5005.125 Mobile Safari/537.36"
93.109.141.153 - - [25/Nov/2022:08:13:36 +0200] "GET /stations/derveni/Rain.gif HTTP/1.1" 200 4912 "http://meteoclima.hua.gr/stations/derveni/" "Mozilla/5.0 (Linux; Android 12; SAMSUNG SM-A135F) AppleWebKit/537.36 (KHTML, like Gecko) SamsungBrowser/19.0 Chrome/102.0.5005.125 Mobile Safari/537.36"
93.109.141.153 - - [25/Nov/2022:08:13:37 +0200] "GET /stations/derveni/RainStorm.gif HTTP/1.1" 200 4929 "http://meteoclima.hua.gr/stations/derveni/" "Mozilla/5.0 (Linux; Android 12; SAMSUNG SM-A135F) AppleWebKit/537.36 (KHTML, like Gecko) SamsungBrowser/19.0 Chrome/102.0.5005.125 Mobile Safari/537.36"
93.109.141.153 - - [25/Nov/2022:08:13:37 +0200] "GET /stations/derveni/RainRate.gif HTTP/1.1" 200 6188 "http://meteoclima.hua.gr/stations/derveni/" "Mozilla/5.0 (Linux; Android 12; SAMSUNG SM-A135F) AppleWebKit/537.36 (KHTML, like Gecko) SamsungBrowser/19.0 Chrome/102.0.5005.125 Mobile Safari/537.36"
93.109.141.153 - - [25/Nov/2022:08:13:37 +0200] "GET /stations/derveni/MonthlyRain.gif HTTP/1.1" 200 5046 "http://meteoclima.hua.gr/stations/derveni/" "Mozilla/5.0 (Linux; Android 12; SAMSUNG SM-A135F) AppleWebKit/537.36 (KHTML, like Gecko) SamsungBrowser/19.0 Chrome/102.0.5005.125 Mobile Safari/537.36"
93.109.141.153 - - [25/Nov/2022:08:13:37 +0200] "GET /stations/derveni/YearlyRain.gif HTTP/1.1" 200 5015 "http://meteoclima.hua.gr/stations/derveni/" "Mozilla/5.0 (Linux; Android 12; SAMSUNG SM-A135F) AppleWebKit/537.36 (KHTML, like Gecko) SamsungBrowser/19.0 Chrome/102.0.5005.125 Mobile Safari/537.36"
93.109.141.153 - - [25/Nov/2022:08:13:37 +0200] "GET /stations/derveni/meteoSearchBanner.jpg HTTP/1.1" 200 5397 "http://meteoclima.hua.gr/stations/derveni/" "Mozilla/5.0 (Linux; Android 12; SAMSUNG SM-A135F) AppleWebKit/537.36 (KHTML, like Gecko) SamsungBrowser/19.0 Chrome/102.0.5005.125 Mobile Safari/537.36"
93.109.141.153 - - [25/Nov/2022:08:13:37 +0200] "GET /stations/derveni/%CE%A4%CE%B1%20%CE%AD%CE%B3%CE%B3%CF%81%CE%B1%CF%86%CE%AC%20%CE%BC%CE%BF%CF%85/noa/meteo_stations/%CE%A4%CE%B1%20%CE%AD%CE%B3%CE%B3%CF%81%CE%B1%CF%86%CE%AC%20%CE%BC%CE%BF%CF%85/noa/meteo_stations/%CE%A4%CE%B1%20%CE%AD%CE%B3%CE%B3%CF%81%CE%B1%CF%86%CE%AC%20%CE%BC%CE%BF%CF%85/noa/meteo_stations/Pl_wa012.ico HTTP/1.1" 404 664 "http://meteoclima.hua.gr/stations/derveni/" "Mozilla/5.0 (Linux; Android 12; SAMSUNG SM-A135F) AppleWebKit/537.36 (KHTML, like Gecko) SamsungBrowser/19.0 Chrome/102.0.5005.125 Mobile Safari/537.36"
94.70.57.167 - - [25/Nov/2022:08:13:40 +0200] "GET /~elkesite/%ce%ad%ce%bd%cf%84%cf%85%cf%80%ce%b1/ HTTP/1.1" 200 39300 "https://webms.hua.gr/~elkesite/" "Mozilla/5.0 (Windows NT 10.0; Win64; x64) AppleWebKit/537.36 (KHTML, like Gecko) Chrome/107.0.0.0 Safari/537.36"
94.70.57.167 - - [25/Nov/2022:08:13:43 +0200] "GET /~elkesite/wp-content/et-cache/690/et-core-unified-690.min.css?ver=1667393152 HTTP/1.1" 200 634 "https://webms.hua.gr/~elkesite/%ce%ad%ce%bd%cf%84%cf%85%cf%80%ce%b1/" "Mozilla/5.0 (Windows NT 10.0; Win64; x64) AppleWebKit/537.36 (KHTML, like Gecko) Chrome/107.0.0.0 Safari/537.36"
94.70.57.167 - - [25/Nov/2022:08:13:43 +0200] "GET /~elkesite/wp-content/et-cache/690/et-divi-dynamic-tb-571-tb-846-690.css?ver=1667393152 HTTP/1.1" 200 4648 "https://webms.hua.gr/~elkesite/%ce%ad%ce%bd%cf%84%cf%85%cf%80%ce%b1/" "Mozilla/5.0 (Windows NT 10.0; Win64; x64) AppleWebKit/537.36 (KHTML, like Gecko) Chrome/107.0.0.0 Safari/537.36"
94.70.57.167 - - [25/Nov/2022:08:13:43 +0200] "GET /~elkesite/wp-content/et-cache/690/et-core-unified-tb-571-tb-846-deferred-690.min.css?ver=1667393154 HTTP/1.1" 200 1285 "https://webms.hua.gr/~elkesite/%ce%ad%ce%bd%cf%84%cf%85%cf%80%ce%b1/" "Mozilla/5.0 (Windows NT 10.0; Win64; x64) AppleWebKit/537.36 (KHTML, like Gecko) Chrome/107.0.0.0 Safari/537.36"
::1 - - [25/Nov/2022:08:13:51 +0200] "OPTIONS * HTTP/1.0" 200 126 "-" "Apache/2.4.10 (Debian) OpenSSL/1.0.1t mod_perl/2.0.9dev Perl/v5.20.2 (internal dummy connection)"
::1 - - [25/Nov/2022:08:13:52 +0200] "OPTIONS * HTTP/1.0" 200 126 "-" "Apache/2.4.10 (Debian) OpenSSL/1.0.1t mod_perl/2.0.9dev Perl/v5.20.2 (internal dummy connection)"
94.65.67.241 - - [25/Nov/2022:08:13:56 +0200] "GET /labelgoogle.html HTTP/1.1" 200 553 "-" "Mozilla/5.0 (Windows NT 10.0; Win64; x64; rv:107.0) Gecko/20100101 Firefox/107.0"
185.25.20.5 - - [25/Nov/2022:08:14:02 +0200] "GET /stations/derveni/NOAAMO.TXT HTTP/1.0" 200 3266 "-" "-"
185.25.20.5 - - [25/Nov/2022:08:14:03 +0200] "GET /stations/geraki/NOAAMO.TXT HTTP/1.0" 200 3187 "-" "-"
94.70.57.167 - - [25/Nov/2022:08:14:04 +0200] "-" 408 137 "-" "-"
66.249.76.56 - - [25/Nov/2022:08:14:05 +0200] "GET /stations/geraki/ HTTP/1.1" 200 4652 "-" "Mozilla/5.0 (Linux; Android 6.0.1; Nexus 5X Build/MMB29P) AppleWebKit/537.36 (KHTML, like Gecko) Chrome/107.0.5304.110 Mobile Safari/537.36 (compatible; Googlebot/2.1; +http://www.google.com/bot.html)"
74.208.68.9 - - [25/Nov/2022:08:14:05 +0200] "GET /stations/derveni/downld02.txt HTTP/1.1" 200 6487 "-" "Mozilla/5.0 (Windows NT 10.0; Win64; x64; rv:69.0) Gecko/20100101 Firefox/69.0"
66.249.76.56 - - [25/Nov/2022:08:14:05 +0200] "GET /stations/salamina/ HTTP/1.1" 200 4481 "-" "Mozilla/5.0 (Linux; Android 6.0.1; Nexus 5X Build/MMB29P) AppleWebKit/537.36 (KHTML, like Gecko) Chrome/107.0.5304.110 Mobile Safari/537.36 (compatible; Googlebot/2.1; +http://www.google.com/bot.html)"
66.249.76.50 - - [25/Nov/2022:08:14:06 +0200] "GET /stations/Harokopio-Athens/ HTTP/1.1" 200 4584 "-" "Mozilla/5.0 (Linux; Android 6.0.1; Nexus 5X Build/MMB29P) AppleWebKit/537.36 (KHTML, like Gecko) Chrome/107.0.5304.110 Mobile Safari/537.36 (compatible; Googlebot/2.1; +http://www.google.com/bot.html)"
::1 - - [25/Nov/2022:08:14:11 +0200] "OPTIONS * HTTP/1.0" 200 126 "-" "Apache/2.4.10 (Debian) OpenSSL/1.0.1t mod_perl/2.0.9dev Perl/v5.20.2 (internal dummy connection)"
74.208.68.9 - - [25/Nov/2022:08:14:30 +0200] "GET /stations/Delacroix-Attiki/downld02.txt HTTP/1.1" 200 6745 "-" "Mozilla/5.0 (Windows NT 10.0; Win64; x64; rv:69.0) Gecko/20100101 Firefox/69.0"
94.70.57.167 - - [25/Nov/2022:08:14:33 +0200] "-" 408 137 "-" "-"
74.208.68.9 - - [25/Nov/2022:08:14:38 +0200] "GET /stations/geraki/downld02.txt HTTP/1.1" 200 6724 "-" "Mozilla/5.0 (Windows NT 10.0; Win64; x64; rv:69.0) Gecko/20100101 Firefox/69.0"
74.208.68.9 - - [25/Nov/2022:08:14:43 +0200] "GET /stations/Harokopio-Athens/downld02.txt HTTP/1.1" 200 7827 "-" "Mozilla/5.0 (Windows NT 10.0; Win64; x64; rv:69.0) Gecko/20100101 Firefox/69.0"
74.208.68.9 - - [25/Nov/2022:08:14:44 +0200] "GET /stations/salamina/downld02.txt HTTP/1.1" 200 5413 "-" "Mozilla/5.0 (Windows NT 10.0; Win64; x64; rv:69.0) Gecko/20100101 Firefox/69.0"
66.249.76.52 - - [25/Nov/2022:08:15:00 +0200] "GET /stations/Delacroix-Attiki/%CE%A4%CE%B1%20%CE%AD%CE%B3%CE%B3%CF%81%CE%B1%CF%86%CE%AC%20%CE%BC%CE%BF%CF%85/noa/meteo_stations/%CE%A4%CE%B1%20%CE%AD%CE%B3%CE%B3%CF%81%CE%B1%CF%86%CE%AC%20%CE%BC%CE%BF%CF%85/noa/meteo_stations/%CE%A4%CE%B1%20%CE%AD%CE%B3%CE%B3%CF%81%CE%B1%CF%86%CE%AC%20%CE%BC%CE%BF%CF%85/noa/meteo_stations/Pl_wa012.ico HTTP/1.1" 404 674 "-" "Googlebot-Image/1.0"
94.70.57.167 - - [25/Nov/2022:08:15:03 +0200] "-" 408 0 "-" "-"
94.70.57.167 - - [25/Nov/2022:08:15:03 +0200] "-" 408 0 "-" "-"
185.255.129.190 - - [25/Nov/2022:08:15:47 +0200] "GET /diatrofi/forum/showthread.php?tid=6370 HTTP/1.1" 200 15967 "https://webms.hua.gr/" "Mozilla/5.0 (Windows NT 10.0; WOW64) AppleWebKit/537.36 (KHTML, like Gecko) Chrome/103.0.0.0 Safari/537.36"
94.70.57.167 - - [25/Nov/2022:08:15:52 +0200] "GET /~elkesite/wp-content/uploads/2020/11/%CE%945_02_%CE%95_02_%CE%91%CE%AF%CF%84%CE%B7%CE%BC%CE%B1-%CE%A0%CE%BB%CE%B7%CF%81%CF%89%CE%BC%CE%AE%CF%82.doc HTTP/1.1" 301 859 "-" "Mozilla/5.0 (Windows NT 10.0; Win64; x64) AppleWebKit/537.36 (KHTML, like Gecko) Chrome/107.0.0.0 Safari/537.36"
94.70.57.167 - - [25/Nov/2022:08:15:52 +0200] "GET /~elkesite/wp-content/uploads/2020/11/%ce%945_02_%ce%95_02_%ce%91%ce%af%cf%84%ce%b7%ce%bc%ce%b1-%ce%a0%ce%bb%ce%b7%cf%81%cf%89%ce%bc%ce%ae%cf%82.doc HTTP/1.1" 200 744199 "-" "Mozilla/5.0 (Windows NT 10.0; Win64; x64) AppleWebKit/537.36 (KHTML, like Gecko) Chrome/107.0.0.0 Safari/537.36"
66.249.76.156 - - [25/Nov/2022:08:15:55 +0200] "GET /modip/?page_id=643&lang=el HTTP/1.1" 304 4080 "-" "Mozilla/5.0 (Linux; Android 6.0.1; Nexus 5X Build/MMB29P) AppleWebKit/537.36 (KHTML, like Gecko) Chrome/107.0.5304.110 Mobile Safari/537.36 (compatible; Googlebot/2.1; +http://www.google.com/bot.html)"
94.70.57.167 - - [25/Nov/2022:08:15:56 +0200] "GET /~elkesite/wp-content/uploads/2020/11/%ce%945_02_%ce%95_02_%ce%91%ce%af%cf%84%ce%b7%ce%bc%ce%b1-%ce%a0%ce%bb%ce%b7%cf%81%cf%89%ce%bc%ce%ae%cf%82.doc HTTP/1.1" 206 546 "-" "Mozilla/5.0 (Windows NT 10.0; Win64; x64) AppleWebKit/537.36 (KHTML, like Gecko) Chrome/107.0.0.0 Safari/537.36"
94.70.57.167 - - [25/Nov/2022:08:15:56 +0200] "GET /~elkesite/wp-content/uploads/2020/11/%ce%945_02_%ce%95_02_%ce%91%ce%af%cf%84%ce%b7%ce%bc%ce%b1-%ce%a0%ce%bb%ce%b7%cf%81%cf%89%ce%bc%ce%ae%cf%82.doc HTTP/1.1" 206 69696 "-" "Mozilla/5.0 (Windows NT 10.0; Win64; x64) AppleWebKit/537.36 (KHTML, like Gecko) Chrome/107.0.0.0 Safari/537.36"
94.70.57.167 - - [25/Nov/2022:08:15:58 +0200] "GET /~elkesite/wp-content/uploads/2020/11/%ce%945_02_%ce%95_02_%ce%91%ce%af%cf%84%ce%b7%ce%bc%ce%b1-%ce%a0%ce%bb%ce%b7%cf%81%cf%89%ce%bc%ce%ae%cf%82.doc HTTP/1.1" 206 546 "-" "Mozilla/5.0 (Windows NT 10.0; Win64; x64) AppleWebKit/537.36 (KHTML, like Gecko) Chrome/107.0.0.0 Safari/537.36"
94.70.57.167 - - [25/Nov/2022:08:15:58 +0200] "GET /~elkesite/wp-content/uploads/2020/11/%ce%945_02_%ce%95_02_%ce%91%ce%af%cf%84%ce%b7%ce%bc%ce%b1-%ce%a0%ce%bb%ce%b7%cf%81%cf%89%ce%bc%ce%ae%cf%82.doc HTTP/1.1" 206 69696 "-" "Mozilla/5.0 (Windows NT 10.0; Win64; x64) AppleWebKit/537.36 (KHTML, like Gecko) Chrome/107.0.0.0 Safari/537.36"
94.70.57.167 - - [25/Nov/2022:08:15:59 +0200] "GET /~elkesite/wp-content/uploads/2020/11/%ce%945_02_%ce%95_02_%ce%91%ce%af%cf%84%ce%b7%ce%bc%ce%b1-%ce%a0%ce%bb%ce%b7%cf%81%cf%89%ce%bc%ce%ae%cf%82.doc HTTP/1.1" 206 546 "-" "Mozilla/5.0 (Windows NT 10.0; Win64; x64) AppleWebKit/537.36 (KHTML, like Gecko) Chrome/107.0.0.0 Safari/537.36"
94.70.57.167 - - [25/Nov/2022:08:15:59 +0200] "GET /~elkesite/wp-content/uploads/2020/11/%ce%945_02_%ce%95_02_%ce%91%ce%af%cf%84%ce%b7%ce%bc%ce%b1-%ce%a0%ce%bb%ce%b7%cf%81%cf%89%ce%bc%ce%ae%cf%82.doc HTTP/1.1" 206 69696 "-" "Mozilla/5.0 (Windows NT 10.0; Win64; x64) AppleWebKit/537.36 (KHTML, like Gecko) Chrome/107.0.0.0 Safari/537.36"
94.70.57.167 - - [25/Nov/2022:08:16:03 +0200] "GET /~elkesite/wp-content/uploads/2020/11/%ce%945_02_%ce%95_02_%ce%91%ce%af%cf%84%ce%b7%ce%bc%ce%b1-%ce%a0%ce%bb%ce%b7%cf%81%cf%89%ce%bc%ce%ae%cf%82.doc HTTP/1.1" 206 546 "-" "Mozilla/5.0 (Windows NT 10.0; Win64; x64) AppleWebKit/537.36 (KHTML, like Gecko) Chrome/107.0.0.0 Safari/537.36"
94.70.57.167 - - [25/Nov/2022:08:16:03 +0200] "GET /~elkesite/wp-content/uploads/2020/11/%ce%945_02_%ce%95_02_%ce%91%ce%af%cf%84%ce%b7%ce%bc%ce%b1-%ce%a0%ce%bb%ce%b7%cf%81%cf%89%ce%bc%ce%ae%cf%82.doc HTTP/1.1" 206 69696 "-" "Mozilla/5.0 (Windows NT 10.0; Win64; x64) AppleWebKit/537.36 (KHTML, like Gecko) Chrome/107.0.0.0 Safari/537.36"
94.70.57.167 - - [25/Nov/2022:08:16:13 +0200] "GET /~elkesite/wp-content/uploads/2020/11/%ce%945_02_%ce%95_02_%ce%91%ce%af%cf%84%ce%b7%ce%bc%ce%b1-%ce%a0%ce%bb%ce%b7%cf%81%cf%89%ce%bc%ce%ae%cf%82.doc HTTP/1.1" 206 546 "-" "Mozilla/5.0 (Windows NT 10.0; Win64; x64) AppleWebKit/537.36 (KHTML, like Gecko) Chrome/107.0.0.0 Safari/537.36"
94.70.57.167 - - [25/Nov/2022:08:16:13 +0200] "GET /~elkesite/wp-content/uploads/2020/11/%ce%945_02_%ce%95_02_%ce%91%ce%af%cf%84%ce%b7%ce%bc%ce%b1-%ce%a0%ce%bb%ce%b7%cf%81%cf%89%ce%bc%ce%ae%cf%82.doc HTTP/1.1" 206 69696 "-" "Mozilla/5.0 (Windows NT 10.0; Win64; x64) AppleWebKit/537.36 (KHTML, like Gecko) Chrome/107.0.0.0 Safari/537.36"
94.70.57.167 - - [25/Nov/2022:08:16:17 +0200] "GET /~elkesite/wp-content/uploads/2020/11/%ce%945_02_%ce%95_02_%ce%91%ce%af%cf%84%ce%b7%ce%bc%ce%b1-%ce%a0%ce%bb%ce%b7%cf%81%cf%89%ce%bc%ce%ae%cf%82.doc HTTP/1.1" 206 546 "-" "Mozilla/5.0 (Windows NT 10.0; Win64; x64) AppleWebKit/537.36 (KHTML, like Gecko) Chrome/107.0.0.0 Safari/537.36"
94.70.57.167 - - [25/Nov/2022:08:16:17 +0200] "GET /~elkesite/wp-content/uploads/2020/11/%ce%945_02_%ce%95_02_%ce%91%ce%af%cf%84%ce%b7%ce%bc%ce%b1-%ce%a0%ce%bb%ce%b7%cf%81%cf%89%ce%bc%ce%ae%cf%82.doc HTTP/1.1" 206 596400 "-" "Mozilla/5.0 (Windows NT 10.0; Win64; x64) AppleWebKit/537.36 (KHTML, like Gecko) Chrome/107.0.0.0 Safari/537.36"
37.139.53.60 - - [25/Nov/2022:08:16:19 +0200] "GET /index.php HTTP/1.0" 200 50325 "http://meteoclima.hua.gr/index.php" "Mozilla/5.0 (Windows NT 10.0; Win64; x64) AppleWebKit/537.36 (KHTML, like Gecko) Chrome/90.0.4430.85 Safari/537.36 Edg/90.0.818.46"
37.139.53.60 - - [25/Nov/2022:08:16:20 +0200] "GET /index.php?option=com_content&view=article&id=101&Itemid=153 HTTP/1.0" 200 35574 "http://meteoclima.hua.gr/index.php?option=com_content&view=article&id=101&Itemid=153" "Mozilla/5.0 (Windows NT 10.0; Win64; x64) AppleWebKit/537.36 (KHTML, like Gecko) Chrome/90.0.4430.85 Safari/537.36 Edg/90.0.818.46"
37.139.53.60 - - [25/Nov/2022:08:16:20 +0200] "GET /index.php HTTP/1.0" 200 50126 "http://meteoclima.hua.gr/index.php" "Mozilla/5.0 (Windows NT 10.0; Win64; x64) AppleWebKit/537.36 (KHTML, like Gecko) Chrome/90.0.4430.85 Safari/537.36 Edg/90.0.818.46"
37.139.53.60 - - [25/Nov/2022:08:16:21 +0200] "GET /index.php?option=com_users&view=registration HTTP/1.0" 200 36772 "http://meteoclima.hua.gr/index.php?option=com_users&view=registration" "Mozilla/5.0 (Windows NT 10.0; Win64; x64) AppleWebKit/537.36 (KHTML, like Gecko) Chrome/90.0.4430.85 Safari/537.36 Edg/90.0.818.46"
37.139.53.60 - - [25/Nov/2022:08:16:22 +0200] "POST /index.php?option=com_users&task=registration.register HTTP/1.0" 303 246 "http://meteoclima.hua.gr/index.php?option=com_users&view=registration" "Mozilla/5.0 (Windows NT 10.0; Win64; x64) AppleWebKit/537.36 (KHTML, like Gecko) Chrome/90.0.4430.85 Safari/537.36 Edg/90.0.818.46"
37.139.53.60 - - [25/Nov/2022:08:16:23 +0200] "GET /index.php?option=com_users&view=registration&layout=complete HTTP/1.0" 200 33080 "http://meteoclima.hua.gr/index.php?option=com_users&view=registration&layout=complete" "Mozilla/5.0 (Windows NT 10.0; Win64; x64) AppleWebKit/537.36 (KHTML, like Gecko) Chrome/90.0.4430.85 Safari/537.36 Edg/90.0.818.46"
94.70.57.167 - - [25/Nov/2022:08:16:43 +0200] "-" 408 0 "-" "-"
94.70.57.167 - - [25/Nov/2022:08:16:49 +0200] "-" 408 0 "-" "-"
94.71.4.182 - - [25/Nov/2022:08:17:25 +0200] "GET /stations/geraki/ HTTP/1.1" 200 4652 "http://meteoclima.hua.gr/stations/geraki/" "Mozilla/5.0 (Linux; Android 10; SM-G965F) AppleWebKit/537.36 (KHTML, like Gecko) Chrome/107.0.0.0 Mobile Safari/537.36"
94.71.4.182 - - [25/Nov/2022:08:17:26 +0200] "GET /stations/geraki/OutsideTempHistory.gif HTTP/1.1" 200 13521 "http://meteoclima.hua.gr/stations/geraki/" "Mozilla/5.0 (Linux; Android 10; SM-G965F) AppleWebKit/537.36 (KHTML, like Gecko) Chrome/107.0.0.0 Mobile Safari/537.36"
94.71.4.182 - - [25/Nov/2022:08:17:26 +0200] "GET /stations/geraki/OutsideHumidityHistory.gif HTTP/1.1" 200 13216 "http://meteoclima.hua.gr/stations/geraki/" "Mozilla/5.0 (Linux; Android 10; SM-G965F) AppleWebKit/537.36 (KHTML, like Gecko) Chrome/107.0.0.0 Mobile Safari/537.36"
94.71.4.182 - - [25/Nov/2022:08:17:26 +0200] "GET /stations/geraki/RainHistory.gif HTTP/1.1" 200 12894 "http://meteoclima.hua.gr/stations/geraki/" "Mozilla/5.0 (Linux; Android 10; SM-G965F) AppleWebKit/537.36 (KHTML, like Gecko) Chrome/107.0.0.0 Mobile Safari/537.36"
94.71.4.182 - - [25/Nov/2022:08:17:26 +0200] "GET /stations/geraki/RainRateHistory.gif HTTP/1.1" 200 12359 "http://meteoclima.hua.gr/stations/geraki/" "Mozilla/5.0 (Linux; Android 10; SM-G965F) AppleWebKit/537.36 (KHTML, like Gecko) Chrome/107.0.0.0 Mobile Safari/537.36"
94.71.4.182 - - [25/Nov/2022:08:17:26 +0200] "GET /stations/geraki/BarometerHistory.gif HTTP/1.1" 200 13170 "http://meteoclima.hua.gr/stations/geraki/" "Mozilla/5.0 (Linux; Android 10; SM-G965F) AppleWebKit/537.36 (KHTML, like Gecko) Chrome/107.0.0.0 Mobile Safari/537.36"
94.71.4.182 - - [25/Nov/2022:08:17:26 +0200] "GET /stations/geraki/RainRate.gif HTTP/1.1" 200 6175 "http://meteoclima.hua.gr/stations/geraki/" "Mozilla/5.0 (Linux; Android 10; SM-G965F) AppleWebKit/537.36 (KHTML, like Gecko) Chrome/107.0.0.0 Mobile Safari/537.36"
94.71.4.182 - - [25/Nov/2022:08:17:26 +0200] "GET /stations/geraki/10MinAvgWindSpeed.gif HTTP/1.1" 200 4771 "http://meteoclima.hua.gr/stations/geraki/" "Mozilla/5.0 (Linux; Android 10; SM-G965F) AppleWebKit/537.36 (KHTML, like Gecko) Chrome/107.0.0.0 Mobile Safari/537.36"
94.71.4.182 - - [25/Nov/2022:08:17:26 +0200] "GET /stations/geraki/MonthlyRain.gif HTTP/1.1" 200 4940 "http://meteoclima.hua.gr/stations/geraki/" "Mozilla/5.0 (Linux; Android 10; SM-G965F) AppleWebKit/537.36 (KHTML, like Gecko) Chrome/107.0.0.0 Mobile Safari/537.36"
94.71.4.182 - - [25/Nov/2022:08:17:26 +0200] "GET /stations/geraki/DewPointHistory.gif HTTP/1.1" 200 13425 "http://meteoclima.hua.gr/stations/geraki/" "Mozilla/5.0 (Linux; Android 10; SM-G965F) AppleWebKit/537.36 (KHTML, like Gecko) Chrome/107.0.0.0 Mobile Safari/537.36"
94.71.4.182 - - [25/Nov/2022:08:17:26 +0200] "GET /stations/geraki/YearlyRain.gif HTTP/1.1" 200 4893 "http://meteoclima.hua.gr/stations/geraki/" "Mozilla/5.0 (Linux; Android 10; SM-G965F) AppleWebKit/537.36 (KHTML, like Gecko) Chrome/107.0.0.0 Mobile Safari/537.36"
94.71.4.182 - - [25/Nov/2022:08:17:26 +0200] "GET /stations/geraki/WindDirection.gif HTTP/1.1" 200 4857 "http://meteoclima.hua.gr/stations/geraki/" "Mozilla/5.0 (Linux; Android 10; SM-G965F) AppleWebKit/537.36 (KHTML, like Gecko) Chrome/107.0.0.0 Mobile Safari/537.36"
94.71.4.182 - - [25/Nov/2022:08:17:26 +0200] "GET /stations/geraki/Rain.gif HTTP/1.1" 200 4899 "http://meteoclima.hua.gr/stations/geraki/" "Mozilla/5.0 (Linux; Android 10; SM-G965F) AppleWebKit/537.36 (KHTML, like Gecko) Chrome/107.0.0.0 Mobile Safari/537.36"
94.71.4.182 - - [25/Nov/2022:08:17:26 +0200] "GET /stations/geraki/RainStorm.gif HTTP/1.1" 200 4678 "http://meteoclima.hua.gr/stations/geraki/" "Mozilla/5.0 (Linux; Android 10; SM-G965F) AppleWebKit/537.36 (KHTML, like Gecko) Chrome/107.0.0.0 Mobile Safari/537.36"
94.71.4.182 - - [25/Nov/2022:08:17:26 +0200] "GET /stations/geraki/WindSpeed.gif HTTP/1.1" 200 4725 "http://meteoclima.hua.gr/stations/geraki/" "Mozilla/5.0 (Linux; Android 10; SM-G965F) AppleWebKit/537.36 (KHTML, like Gecko) Chrome/107.0.0.0 Mobile Safari/537.36"
94.71.4.182 - - [25/Nov/2022:08:17:26 +0200] "GET /stations/geraki/WindSpeedHistory.gif HTTP/1.1" 200 13665 "http://meteoclima.hua.gr/stations/geraki/" "Mozilla/5.0 (Linux; Android 10; SM-G965F) AppleWebKit/537.36 (KHTML, like Gecko) Chrome/107.0.0.0 Mobile Safari/537.36"
94.71.4.182 - - [25/Nov/2022:08:17:26 +0200] "GET /stations/geraki/WindDirectionHistory.gif HTTP/1.1" 200 14707 "http://meteoclima.hua.gr/stations/geraki/" "Mozilla/5.0 (Linux; Android 10; SM-G965F) AppleWebKit/537.36 (KHTML, like Gecko) Chrome/107.0.0.0 Mobile Safari/537.36"
94.71.4.182 - - [25/Nov/2022:08:17:26 +0200] "GET /stations/geraki/%CE%A4%CE%B1%20%CE%AD%CE%B3%CE%B3%CF%81%CE%B1%CF%86%CE%AC%20%CE%BC%CE%BF%CF%85/noa/meteo_stations/%CE%A4%CE%B1%20%CE%AD%CE%B3%CE%B3%CF%81%CE%B1%CF%86%CE%AC%20%CE%BC%CE%BF%CF%85/noa/meteo_stations/%CE%A4%CE%B1%20%CE%AD%CE%B3%CE%B3%CF%81%CE%B1%CF%86%CE%AC%20%CE%BC%CE%BF%CF%85/noa/meteo_stations/Pl_wa012.ico HTTP/1.1" 404 663 "http://meteoclima.hua.gr/stations/geraki/" "Mozilla/5.0 (Linux; Android 10; SM-G965F) AppleWebKit/537.36 (KHTML, like Gecko) Chrome/107.0.0.0 Mobile Safari/537.36"
::1 - - [25/Nov/2022:08:17:32 +0200] "OPTIONS * HTTP/1.0" 200 126 "-" "Apache/2.4.10 (Debian) OpenSSL/1.0.1t mod_perl/2.0.9dev Perl/v5.20.2 (internal dummy connection)"
94.65.67.241 - - [25/Nov/2022:08:17:57 +0200] "GET / HTTP/1.1" 200 11198 "-" "Mozilla/5.0 (Windows NT 10.0; Win64; x64; rv:107.0) Gecko/20100101 Firefox/107.0"
94.65.67.241 - - [25/Nov/2022:08:17:57 +0200] "GET /media/jui/js/jquery-noconflict.js HTTP/1.1" 304 180 "http://meteoclima.hua.gr/" "Mozilla/5.0 (Windows NT 10.0; Win64; x64; rv:107.0) Gecko/20100101 Firefox/107.0"
94.65.67.241 - - [25/Nov/2022:08:17:57 +0200] "GET /media/jui/js/jquery-migrate.min.js HTTP/1.1" 200 3415 "http://meteoclima.hua.gr/" "Mozilla/5.0 (Windows NT 10.0; Win64; x64; rv:107.0) Gecko/20100101 Firefox/107.0"
94.65.67.241 - - [25/Nov/2022:08:17:57 +0200] "GET /media/system/js/core.js HTTP/1.1" 200 2030 "http://meteoclima.hua.gr/" "Mozilla/5.0 (Windows NT 10.0; Win64; x64; rv:107.0) Gecko/20100101 Firefox/107.0"
94.65.67.241 - - [25/Nov/2022:08:17:57 +0200] "GET /media/jui/js/jquery.min.js HTTP/1.1" 200 33579 "http://meteoclima.hua.gr/" "Mozilla/5.0 (Windows NT 10.0; Win64; x64; rv:107.0) Gecko/20100101 Firefox/107.0"
94.65.67.241 - - [25/Nov/2022:08:17:57 +0200] "GET /media/system/js/mootools-core.js HTTP/1.1" 200 27269 "http://meteoclima.hua.gr/" "Mozilla/5.0 (Windows NT 10.0; Win64; x64; rv:107.0) Gecko/20100101 Firefox/107.0"
94.65.67.241 - - [25/Nov/2022:08:17:57 +0200] "GET /media/system/js/caption.js HTTP/1.1" 200 685 "http://meteoclima.hua.gr/" "Mozilla/5.0 (Windows NT 10.0; Win64; x64; rv:107.0) Gecko/20100101 Firefox/107.0"
94.65.67.241 - - [25/Nov/2022:08:17:57 +0200] "GET /plugins/system/jat3/jat3/base-themes/default/js/core.js HTTP/1.1" 200 2296 "http://meteoclima.hua.gr/" "Mozilla/5.0 (Windows NT 10.0; Win64; x64; rv:107.0) Gecko/20100101 Firefox/107.0"
94.65.67.241 - - [25/Nov/2022:08:17:57 +0200] "GET /media/system/js/mootools-more.js HTTP/1.1" 200 68040 "http://meteoclima.hua.gr/" "Mozilla/5.0 (Windows NT 10.0; Win64; x64; rv:107.0) Gecko/20100101 Firefox/107.0"
94.65.67.241 - - [25/Nov/2022:08:17:57 +0200] "GET /templates/ja_purity_ii/js/ja.rightcol.js HTTP/1.1" 200 1332 "http://meteoclima.hua.gr/" "Mozilla/5.0 (Windows NT 10.0; Win64; x64; rv:107.0) Gecko/20100101 Firefox/107.0"
94.65.67.241 - - [25/Nov/2022:08:17:57 +0200] "GET /plugins/system/jat3/jat3/base-themes/default/js/menu/mega.js HTTP/1.1" 200 4821 "http://meteoclima.hua.gr/" "Mozilla/5.0 (Windows NT 10.0; Win64; x64; rv:107.0) Gecko/20100101 Firefox/107.0"
94.65.67.241 - - [25/Nov/2022:08:17:57 +0200] "GET / HTTP/1.1" 200 11197 "http://meteoclima.hua.gr/" "Mozilla/5.0 (Windows NT 10.0; Win64; x64; rv:107.0) Gecko/20100101 Firefox/107.0"
94.65.67.241 - - [25/Nov/2022:08:17:58 +0200] "GET /templates/ja_purity_ii//images/header/header3.jpg HTTP/1.1" 200 11944 "http://meteoclima.hua.gr/" "Mozilla/5.0 (Windows NT 10.0; Win64; x64; rv:107.0) Gecko/20100101 Firefox/107.0"
94.65.67.241 - - [25/Nov/2022:08:17:58 +0200] "GET /images/stories/data/weathericons/sunny.gif HTTP/1.1" 304 180 "http://meteoclima.hua.gr/" "Mozilla/5.0 (Windows NT 10.0; Win64; x64; rv:107.0) Gecko/20100101 Firefox/107.0"
94.65.67.241 - - [25/Nov/2022:08:17:58 +0200] "GET /images/stories/data/laps/prec-mslp.d01.000.300x300.png HTTP/1.1" 304 182 "http://meteoclima.hua.gr/" "Mozilla/5.0 (Windows NT 10.0; Win64; x64; rv:107.0) Gecko/20100101 Firefox/107.0"
94.65.67.241 - - [25/Nov/2022:08:17:58 +0200] "GET /images/stories/data/weathericons/rain.gif HTTP/1.1" 304 180 "http://meteoclima.hua.gr/" "Mozilla/5.0 (Windows NT 10.0; Win64; x64; rv:107.0) Gecko/20100101 Firefox/107.0"
94.65.67.241 - - [25/Nov/2022:08:17:58 +0200] "GET /images/stories/data/weathericons/overcast.gif HTTP/1.1" 304 180 "http://meteoclima.hua.gr/" "Mozilla/5.0 (Windows NT 10.0; Win64; x64; rv:107.0) Gecko/20100101 Firefox/107.0"
94.65.67.241 - - [25/Nov/2022:08:17:58 +0200] "GET /images/stories/data/weathericons/showers.gif HTTP/1.1" 304 180 "http://meteoclima.hua.gr/" "Mozilla/5.0 (Windows NT 10.0; Win64; x64; rv:107.0) Gecko/20100101 Firefox/107.0"
94.65.67.241 - - [25/Nov/2022:08:17:58 +0200] "GET /images/stories/data/weathericons/sunnyintervals.gif HTTP/1.1" 304 180 "http://meteoclima.hua.gr/" "Mozilla/5.0 (Windows NT 10.0; Win64; x64; rv:107.0) Gecko/20100101 Firefox/107.0"
94.65.67.241 - - [25/Nov/2022:08:17:58 +0200] "GET /slideshow.php HTTP/1.1" 200 761 "http://meteoclima.hua.gr/" "Mozilla/5.0 (Windows NT 10.0; Win64; x64; rv:107.0) Gecko/20100101 Firefox/107.0"
94.65.67.241 - - [25/Nov/2022:08:17:58 +0200] "GET /images/stories/data/laps/prec-mslp-wind.d02.hires.zoom.000.300x300.png HTTP/1.1" 304 182 "http://meteoclima.hua.gr/" "Mozilla/5.0 (Windows NT 10.0; Win64; x64; rv:107.0) Gecko/20100101 Firefox/107.0"
94.65.67.241 - - [25/Nov/2022:08:17:58 +0200] "GET /slideshow_seasonal.php HTTP/1.1" 200 771 "http://meteoclima.hua.gr/" "Mozilla/5.0 (Windows NT 10.0; Win64; x64; rv:107.0) Gecko/20100101 Firefox/107.0"
94.65.67.241 - - [25/Nov/2022:08:17:58 +0200] "GET /images/stories/data/wrf/dust/DUST_DRY_DEPOSITION_GOCART.000009.png HTTP/1.1" 304 182 "http://meteoclima.hua.gr/" "Mozilla/5.0 (Windows NT 10.0; Win64; x64; rv:107.0) Gecko/20100101 Firefox/107.0"
94.65.67.241 - - [25/Nov/2022:08:17:58 +0200] "GET /images/stories/data/boltek/hua/screenshot/latest.jpg HTTP/1.1" 304 182 "http://meteoclima.hua.gr/" "Mozilla/5.0 (Windows NT 10.0; Win64; x64; rv:107.0) Gecko/20100101 Firefox/107.0"
94.65.67.241 - - [25/Nov/2022:08:17:59 +0200] "GET /slideshow-bg.png HTTP/1.1" 404 513 "http://meteoclima.hua.gr/slideshow_seasonal.php" "Mozilla/5.0 (Windows NT 10.0; Win64; x64; rv:107.0) Gecko/20100101 Firefox/107.0"
94.65.67.241 - - [25/Nov/2022:08:17:59 +0200] "GET /templates/ja_purity_ii/images/favicon.ico HTTP/1.1" 304 180 "http://meteoclima.hua.gr/" "Mozilla/5.0 (Windows NT 10.0; Win64; x64; rv:107.0) Gecko/20100101 Firefox/107.0"
94.65.67.241 - - [25/Nov/2022:08:18:00 +0200] "GET /images/stories/data/wrf/google/latest-cloud.png HTTP/1.1" 200 260211 "http://meteoclima.hua.gr/europe_cloud_overlay.html" "Mozilla/5.0 (Windows NT 10.0; Win64; x64; rv:107.0) Gecko/20100101 Firefox/107.0"
94.65.67.241 - - [25/Nov/2022:08:18:00 +0200] "GET /images/stories/data/wrf/google/latest-rain.png HTTP/1.1" 200 24381 "http://meteoclima.hua.gr/europe_rain_overlay.html" "Mozilla/5.0 (Windows NT 10.0; Win64; x64; rv:107.0) Gecko/20100101 Firefox/107.0"
94.65.67.241 - - [25/Nov/2022:08:18:00 +0200] "GET /images/stories/data/wrf/google/latest-t2m.png HTTP/1.1" 200 27878 "http://meteoclima.hua.gr/europe_temperature_overlay.html" "Mozilla/5.0 (Windows NT 10.0; Win64; x64; rv:107.0) Gecko/20100101 Firefox/107.0"
83.212.240.12 - - [25/Nov/2022:08:18:04 +0200] "POST /wp-cron.php?doing_wp_cron=1669357084.4799408912658691406250 HTTP/1.1" 200 166 "http://esa13thconference.eu/wp-cron.php?doing_wp_cron=1669357084.4799408912658691406250" "WordPress/4.9.6; http://esa13thconference.eu"
185.119.81.100 - - [25/Nov/2022:08:18:03 +0200] "GET /wp-login.php HTTP/1.1" 200 1840 "-" "Mozilla/5.0 (Windows NT 6.1; WOW64) AppleWebKit/537.36 (KHTML, like Gecko) Chrome/50.0.2661.75 Safari/537.36"
141.237.30.78 - - [25/Nov/2022:08:18:06 +0200] "-" 408 0 "-" "-"
83.212.240.12 - - [25/Nov/2022:08:18:06 +0200] "POST /wp-cron.php?doing_wp_cron=1669357086.1108710765838623046875 HTTP/1.1" 200 166 "http://esa13thconference.eu/wp-cron.php?doing_wp_cron=1669357086.1108710765838623046875" "WordPress/4.9.6; http://esa13thconference.eu"
141.237.30.78 - - [25/Nov/2022:08:18:06 +0200] "-" 408 0 "-" "-"
185.119.81.100 - - [25/Nov/2022:08:18:05 +0200] "POST /wp-login.php HTTP/1.1" 200 2356 "http://esa13thconference.eu/wp-login.php" "Mozilla/5.0 (Windows NT 6.1; WOW64) AppleWebKit/537.36 (KHTML, like Gecko) Chrome/50.0.2661.75 Safari/537.36"
::1 - - [25/Nov/2022:08:18:09 +0200] "OPTIONS * HTTP/1.0" 200 126 "-" "Apache/2.4.10 (Debian) OpenSSL/1.0.1t mod_perl/2.0.9dev Perl/v5.20.2 (internal dummy connection)"
::1 - - [25/Nov/2022:08:18:10 +0200] "OPTIONS * HTTP/1.0" 200 126 "-" "Apache/2.4.10 (Debian) OpenSSL/1.0.1t mod_perl/2.0.9dev Perl/v5.20.2 (internal dummy connection)"
::1 - - [25/Nov/2022:08:18:13 +0200] "OPTIONS * HTTP/1.0" 200 126 "-" "Apache/2.4.10 (Debian) OpenSSL/1.0.1t mod_perl/2.0.9dev Perl/v5.20.2 (internal dummy connection)"
83.212.240.12 - - [25/Nov/2022:08:18:40 +0200] "POST /wp-cron.php?doing_wp_cron=1669357120.3454298973083496093750 HTTP/1.1" 200 166 "http://esa13thconference.eu/wp-cron.php?doing_wp_cron=1669357120.3454298973083496093750" "WordPress/4.9.6; http://esa13thconference.eu"
66.249.76.164 - - [25/Nov/2022:08:18:39 +0200] "GET /index.php/feed/ HTTP/1.1" 200 10962 "-" "Mozilla/5.0 (compatible; Googlebot/2.1; +http://www.google.com/bot.html)"
83.212.240.12 - - [25/Nov/2022:08:18:47 +0200] "POST /wp-cron.php?doing_wp_cron=1669357127.4059729576110839843750 HTTP/1.1" 200 166 "http://esa13thconference.eu/wp-cron.php?doing_wp_cron=1669357127.4059729576110839843750" "WordPress/4.9.6; http://esa13thconference.eu"
69.171.249.18 - - [25/Nov/2022:08:18:46 +0200] "GET / HTTP/1.1" 206 15938 "-" "facebookexternalhit/1.1 (+http://www.facebook.com/externalhit_uatext.php)"
83.212.240.12 - - [25/Nov/2022:08:18:56 +0200] "POST /wp-cron.php?doing_wp_cron=1669357136.9371869564056396484375 HTTP/1.1" 200 166 "http://esa13thconference.eu/wp-cron.php?doing_wp_cron=1669357136.9371869564056396484375" "WordPress/4.9.6; http://esa13thconference.eu"
206.189.129.168 - - [25/Nov/2022:08:18:56 +0200] "POST /wp-login.php HTTP/1.1" 200 2301 "-" "Mozilla/5.0 (Windows NT 10.0; WOW64) AppleWebKit/537.36 (KHTML, like Gecko) Chrome/57.0.2987.133 Safari/537.36"
74.208.68.9 - - [25/Nov/2022:08:19:20 +0200] "GET /stations/derveni/downld02.txt HTTP/1.1" 200 6487 "-" "Mozilla/5.0 (Windows NT 10.0; Win64; x64; rv:69.0) Gecko/20100101 Firefox/69.0"
74.208.68.9 - - [25/Nov/2022:08:19:32 +0200] "GET /stations/Harokopio-Athens/downld02.txt HTTP/1.1" 200 7827 "-" "Mozilla/5.0 (Windows NT 10.0; Win64; x64; rv:69.0) Gecko/20100101 Firefox/69.0"
83.212.240.12 - - [25/Nov/2022:08:19:34 +0200] "POST /wp-cron.php?doing_wp_cron=1669357174.4375760555267333984375 HTTP/1.1" 200 166 "http://esa13thconference.eu/wp-cron.php?doing_wp_cron=1669357174.4375760555267333984375" "WordPress/4.9.6; http://esa13thconference.eu"
