74.208.68.9 - - [25/Nov/2022:08:34:45 +0200] "GET /stations/Harokopio-Athens/downld02.txt HTTP/1.1" 200 7917 "-" "Mozilla/5.0 (Windows NT 10.0; Win64; x64; rv:69.0) Gecko/20100101 Firefox/69.0"
94.71.4.182 - - [25/Nov/2022:08:34:51 +0200] "GET /stations/geraki/ HTTP/1.1" 200 4652 "http://meteoclima.hua.gr/stations/geraki/" "Mozilla/5.0 (Linux; Android 10; SM-G965F) AppleWebKit/537.36 (KHTML, like Gecko) Chrome/107.0.0.0 Mobile Safari/537.36"
94.71.4.182 - - [25/Nov/2022:08:34:51 +0200] "GET /stations/geraki/OutsideTempHistory.gif HTTP/1.1" 304 181 "http://meteoclima.hua.gr/stations/geraki/" "Mozilla/5.0 (Linux; Android 10; SM-G965F) AppleWebKit/537.36 (KHTML, like Gecko) Chrome/107.0.0.0 Mobile Safari/537.36"
94.71.4.182 - - [25/Nov/2022:08:34:51 +0200] "GET /stations/geraki/OutsideHumidityHistory.gif HTTP/1.1" 304 182 "http://meteoclima.hua.gr/stations/geraki/" "Mozilla/5.0 (Linux; Android 10; SM-G965F) AppleWebKit/537.36 (KHTML, like Gecko) Chrome/107.0.0.0 Mobile Safari/537.36"
94.71.4.182 - - [25/Nov/2022:08:34:51 +0200] "GET /stations/geraki/RainHistory.gif HTTP/1.1" 304 181 "http://meteoclima.hua.gr/stations/geraki/" "Mozilla/5.0 (Linux; Android 10; SM-G965F) AppleWebKit/537.36 (KHTML, like Gecko) Chrome/107.0.0.0 Mobile Safari/537.36"
94.71.4.182 - - [25/Nov/2022:08:34:51 +0200] "GET /stations/geraki/RainRateHistory.gif HTTP/1.1" 304 181 "http://meteoclima.hua.gr/stations/geraki/" "Mozilla/5.0 (Linux; Android 10; SM-G965F) AppleWebKit/537.36 (KHTML, like Gecko) Chrome/107.0.0.0 Mobile Safari/537.36"
94.71.4.182 - - [25/Nov/2022:08:34:51 +0200] "GET /stations/geraki/WindSpeedHistory.gif HTTP/1.1" 304 181 "http://meteoclima.hua.gr/stations/geraki/" "Mozilla/5.0 (Linux; Android 10; SM-G965F) AppleWebKit/537.36 (KHTML, like Gecko) Chrome/107.0.0.0 Mobile Safari/537.36"
94.71.4.182 - - [25/Nov/2022:08:34:51 +0200] "GET /stations/geraki/WindDirectionHistory.gif HTTP/1.1" 304 182 "http://meteoclima.hua.gr/stations/geraki/" "Mozilla/5.0 (Linux; Android 10; SM-G965F) AppleWebKit/537.36 (KHTML, like Gecko) Chrome/107.0.0.0 Mobile Safari/537.36"
94.71.4.182 - - [25/Nov/2022:08:34:51 +0200] "GET /stations/geraki/BarometerHistory.gif HTTP/1.1" 304 182 "http://meteoclima.hua.gr/stations/geraki/" "Mozilla/5.0 (Linux; Android 10; SM-G965F) AppleWebKit/537.36 (KHTML, like Gecko) Chrome/107.0.0.0 Mobile Safari/537.36"
94.71.4.182 - - [25/Nov/2022:08:34:51 +0200] "GET /stations/geraki/DewPointHistory.gif HTTP/1.1" 304 182 "http://meteoclima.hua.gr/stations/geraki/" "Mozilla/5.0 (Linux; Android 10; SM-G965F) AppleWebKit/537.36 (KHTML, like Gecko) Chrome/107.0.0.0 Mobile Safari/537.36"
94.71.4.182 - - [25/Nov/2022:08:34:51 +0200] "GET /stations/geraki/WindDirection.gif HTTP/1.1" 304 182 "http://meteoclima.hua.gr/stations/geraki/" "Mozilla/5.0 (Linux; Android 10; SM-G965F) AppleWebKit/537.36 (KHTML, like Gecko) Chrome/107.0.0.0 Mobile Safari/537.36"
94.71.4.182 - - [25/Nov/2022:08:34:51 +0200] "GET /stations/geraki/Rain.gif HTTP/1.1" 304 181 "http://meteoclima.hua.gr/stations/geraki/" "Mozilla/5.0 (Linux; Android 10; SM-G965F) AppleWebKit/537.36 (KHTML, like Gecko) Chrome/107.0.0.0 Mobile Safari/537.36"
94.71.4.182 - - [25/Nov/2022:08:34:51 +0200] "GET /stations/geraki/RainStorm.gif HTTP/1.1" 304 181 "http://meteoclima.hua.gr/stations/geraki/" "Mozilla/5.0 (Linux; Android 10; SM-G965F) AppleWebKit/537.36 (KHTML, like Gecko) Chrome/107.0.0.0 Mobile Safari/537.36"
94.71.4.182 - - [25/Nov/2022:08:34:51 +0200] "GET /stations/geraki/RainRate.gif HTTP/1.1" 304 181 "http://meteoclima.hua.gr/stations/geraki/" "Mozilla/5.0 (Linux; Android 10; SM-G965F) AppleWebKit/537.36 (KHTML, like Gecko) Chrome/107.0.0.0 Mobile Safari/537.36"
94.71.4.182 - - [25/Nov/2022:08:34:51 +0200] "GET /stations/geraki/WindSpeed.gif HTTP/1.1" 304 181 "http://meteoclima.hua.gr/stations/geraki/" "Mozilla/5.0 (Linux; Android 10; SM-G965F) AppleWebKit/537.36 (KHTML, like Gecko) Chrome/107.0.0.0 Mobile Safari/537.36"
94.71.4.182 - - [25/Nov/2022:08:34:51 +0200] "GET /stations/geraki/10MinAvgWindSpeed.gif HTTP/1.1" 304 181 "http://meteoclima.hua.gr/stations/geraki/" "Mozilla/5.0 (Linux; Android 10; SM-G965F) AppleWebKit/537.36 (KHTML, like Gecko) Chrome/107.0.0.0 Mobile Safari/537.36"
94.71.4.182 - - [25/Nov/2022:08:34:51 +0200] "GET /stations/geraki/MonthlyRain.gif HTTP/1.1" 304 181 "http://meteoclima.hua.gr/stations/geraki/" "Mozilla/5.0 (Linux; Android 10; SM-G965F) AppleWebKit/537.36 (KHTML, like Gecko) Chrome/107.0.0.0 Mobile Safari/537.36"
94.71.4.182 - - [25/Nov/2022:08:34:51 +0200] "GET /stations/geraki/YearlyRain.gif HTTP/1.1" 304 181 "http://meteoclima.hua.gr/stations/geraki/" "Mozilla/5.0 (Linux; Android 10; SM-G965F) AppleWebKit/537.36 (KHTML, like Gecko) Chrome/107.0.0.0 Mobile Safari/537.36"
::1 - - [25/Nov/2022:08:34:58 +0200] "OPTIONS * HTTP/1.0" 200 126 "-" "Apache/2.4.10 (Debian) OpenSSL/1.0.1t mod_perl/2.0.9dev Perl/v5.20.2 (internal dummy connection)"
83.212.240.12 - - [25/Nov/2022:08:36:04 +0200] "POST /wp-cron.php?doing_wp_cron=1669358164.3734600543975830078125 HTTP/1.1" 200 166 "http://esa13thconference.eu/wp-cron.php?doing_wp_cron=1669358164.3734600543975830078125" "WordPress/4.9.6; http://esa13thconference.eu"
109.61.170.87 - - [25/Nov/2022:08:36:05 +0200] "GET /index.php HTTP/1.0" 200 50325 "http://meteoclima.hua.gr/index.php" "Mozilla/5.0 (Windows NT 10.0) AppleWebKit/537.36 (KHTML, like Gecko) Chrome/90.0.4430.85 Safari/537.36 Edg/90.0.818.46"
34.133.220.74 - - [25/Nov/2022:08:36:03 +0200] "POST /wp-login.php HTTP/1.1" 200 2297 "-" "Mozilla/5.0 (Windows NT 10.0; Win64; x64) AppleWebKit/537.36 (KHTML, like Gecko) Chrome/78.0.3904.70 Safari/537.36"
109.61.170.87 - - [25/Nov/2022:08:36:06 +0200] "GET /index.php?option=com_content&view=article&id=101&Itemid=153 HTTP/1.0" 200 35574 "http://meteoclima.hua.gr/index.php?option=com_content&view=article&id=101&Itemid=153" "Mozilla/5.0 (Windows NT 10.0) AppleWebKit/537.36 (KHTML, like Gecko) Chrome/90.0.4430.85 Safari/537.36 Edg/90.0.818.46"
109.61.170.87 - - [25/Nov/2022:08:36:06 +0200] "GET /index.php HTTP/1.0" 200 50126 "http://meteoclima.hua.gr/index.php" "Mozilla/5.0 (Windows NT 10.0) AppleWebKit/537.36 (KHTML, like Gecko) Chrome/90.0.4430.85 Safari/537.36 Edg/90.0.818.46"
109.61.170.87 - - [25/Nov/2022:08:36:07 +0200] "GET /index.php?option=com_users&view=registration HTTP/1.0" 200 36772 "http://meteoclima.hua.gr/index.php?option=com_users&view=registration" "Mozilla/5.0 (Windows NT 10.0) AppleWebKit/537.36 (KHTML, like Gecko) Chrome/90.0.4430.85 Safari/537.36 Edg/90.0.818.46"
109.61.170.87 - - [25/Nov/2022:08:36:08 +0200] "POST /index.php?option=com_users&task=registration.register HTTP/1.0" 303 246 "http://meteoclima.hua.gr/index.php?option=com_users&view=registration" "Mozilla/5.0 (Windows NT 10.0) AppleWebKit/537.36 (KHTML, like Gecko) Chrome/90.0.4430.85 Safari/537.36 Edg/90.0.818.46"
109.61.170.87 - - [25/Nov/2022:08:36:09 +0200] "GET /index.php?option=com_users&view=registration&layout=complete HTTP/1.0" 200 33080 "http://meteoclima.hua.gr/index.php?option=com_users&view=registration&layout=complete" "Mozilla/5.0 (Windows NT 10.0) AppleWebKit/537.36 (KHTML, like Gecko) Chrome/90.0.4430.85 Safari/537.36 Edg/90.0.818.46"
37.139.53.65 - - [25/Nov/2022:08:37:20 +0200] "GET /index.php HTTP/1.0" 200 50325 "http://meteoclima.hua.gr/index.php" "Mozilla/5.0 (Windows NT 6.1) AppleWebKit/537.36 (KHTML, like Gecko) Chrome/90.0.4430.93 Safari/537.36"
37.139.53.65 - - [25/Nov/2022:08:37:21 +0200] "GET /index.php?option=com_content&view=article&id=101&Itemid=153 HTTP/1.0" 200 35574 "http://meteoclima.hua.gr/index.php?option=com_content&view=article&id=101&Itemid=153" "Mozilla/5.0 (Windows NT 6.1) AppleWebKit/537.36 (KHTML, like Gecko) Chrome/90.0.4430.93 Safari/537.36"
37.139.53.65 - - [25/Nov/2022:08:37:21 +0200] "GET /index.php HTTP/1.0" 200 50126 "http://meteoclima.hua.gr/index.php" "Mozilla/5.0 (Windows NT 6.1) AppleWebKit/537.36 (KHTML, like Gecko) Chrome/90.0.4430.93 Safari/537.36"
37.139.53.65 - - [25/Nov/2022:08:37:22 +0200] "GET /index.php?option=com_users&view=registration HTTP/1.0" 200 36772 "http://meteoclima.hua.gr/index.php?option=com_users&view=registration" "Mozilla/5.0 (Windows NT 6.1) AppleWebKit/537.36 (KHTML, like Gecko) Chrome/90.0.4430.93 Safari/537.36"
37.139.53.65 - - [25/Nov/2022:08:37:22 +0200] "POST /index.php?option=com_users&task=registration.register HTTP/1.0" 303 246 "http://meteoclima.hua.gr/index.php?option=com_users&view=registration" "Mozilla/5.0 (Windows NT 6.1) AppleWebKit/537.36 (KHTML, like Gecko) Chrome/90.0.4430.93 Safari/537.36"
37.139.53.65 - - [25/Nov/2022:08:37:23 +0200] "GET /index.php?option=com_users&view=registration&layout=complete HTTP/1.0" 200 33080 "http://meteoclima.hua.gr/index.php?option=com_users&view=registration&layout=complete" "Mozilla/5.0 (Windows NT 6.1) AppleWebKit/537.36 (KHTML, like Gecko) Chrome/90.0.4430.93 Safari/537.36"
66.249.76.50 - - [25/Nov/2022:08:37:54 +0200] "GET /stations/derveni/?CFID=a6d30301-78a2-4124-af39-b05447faee06&CFTOKEN=0 HTTP/1.1" 200 4494 "-" "Mozilla/5.0 (Linux; Android 6.0.1; Nexus 5X Build/MMB29P) AppleWebKit/537.36 (KHTML, like Gecko) Chrome/107.0.5304.110 Mobile Safari/537.36 (compatible; Googlebot/2.1; +http://www.google.com/bot.html)"
66.249.76.50 - - [25/Nov/2022:08:37:55 +0200] "GET /stations/Delacroix-Attiki/?CFID=02c16dac-77f3-4e25-876c-711d10a89ec2&CFTOKEN=0 HTTP/1.1" 200 4541 "-" "Mozilla/5.0 (Linux; Android 6.0.1; Nexus 5X Build/MMB29P) AppleWebKit/537.36 (KHTML, like Gecko) Chrome/107.0.5304.110 Mobile Safari/537.36 (compatible; Googlebot/2.1; +http://www.google.com/bot.html)"
66.249.76.50 - - [25/Nov/2022:08:37:55 +0200] "GET /stations/salamina/?CFID=33929611-a508-4030-bde4-234250950c3b&CFTOKEN=0 HTTP/1.1" 200 4482 "-" "Mozilla/5.0 (Linux; Android 6.0.1; Nexus 5X Build/MMB29P) AppleWebKit/537.36 (KHTML, like Gecko) Chrome/107.0.5304.110 Mobile Safari/537.36 (compatible; Googlebot/2.1; +http://www.google.com/bot.html)"
66.249.76.50 - - [25/Nov/2022:08:37:56 +0200] "GET /stations/Harokopio-Athens/?CFID=388df0c6-5dd9-4eac-86a1-08b000e3d444&CFTOKEN=0 HTTP/1.1" 200 4580 "-" "Mozilla/5.0 (Linux; Android 6.0.1; Nexus 5X Build/MMB29P) AppleWebKit/537.36 (KHTML, like Gecko) Chrome/107.0.5304.110 Mobile Safari/537.36 (compatible; Googlebot/2.1; +http://www.google.com/bot.html)"
94.65.67.241 - - [25/Nov/2022:08:38:01 +0200] "GET / HTTP/1.1" 200 11199 "-" "Mozilla/5.0 (Windows NT 10.0; Win64; x64; rv:107.0) Gecko/20100101 Firefox/107.0"
94.65.67.241 - - [25/Nov/2022:08:38:01 +0200] "GET /media/system/js/core.js HTTP/1.1" 200 2030 "http://meteoclima.hua.gr/" "Mozilla/5.0 (Windows NT 10.0; Win64; x64; rv:107.0) Gecko/20100101 Firefox/107.0"
94.65.67.241 - - [25/Nov/2022:08:38:01 +0200] "GET /media/jui/js/jquery-migrate.min.js HTTP/1.1" 200 3415 "http://meteoclima.hua.gr/" "Mozilla/5.0 (Windows NT 10.0; Win64; x64; rv:107.0) Gecko/20100101 Firefox/107.0"
94.65.67.241 - - [25/Nov/2022:08:38:01 +0200] "GET /media/jui/js/jquery-noconflict.js HTTP/1.1" 304 180 "http://meteoclima.hua.gr/" "Mozilla/5.0 (Windows NT 10.0; Win64; x64; rv:107.0) Gecko/20100101 Firefox/107.0"
94.65.67.241 - - [25/Nov/2022:08:38:01 +0200] "GET /media/system/js/mootools-core.js HTTP/1.1" 200 27269 "http://meteoclima.hua.gr/" "Mozilla/5.0 (Windows NT 10.0; Win64; x64; rv:107.0) Gecko/20100101 Firefox/107.0"
94.65.67.241 - - [25/Nov/2022:08:38:01 +0200] "GET /media/jui/js/jquery.min.js HTTP/1.1" 200 33579 "http://meteoclima.hua.gr/" "Mozilla/5.0 (Windows NT 10.0; Win64; x64; rv:107.0) Gecko/20100101 Firefox/107.0"
94.65.67.241 - - [25/Nov/2022:08:38:01 +0200] "GET /media/system/js/caption.js HTTP/1.1" 200 685 "http://meteoclima.hua.gr/" "Mozilla/5.0 (Windows NT 10.0; Win64; x64; rv:107.0) Gecko/20100101 Firefox/107.0"
94.65.67.241 - - [25/Nov/2022:08:38:01 +0200] "GET /plugins/system/jat3/jat3/base-themes/default/js/core.js HTTP/1.1" 200 2296 "http://meteoclima.hua.gr/" "Mozilla/5.0 (Windows NT 10.0; Win64; x64; rv:107.0) Gecko/20100101 Firefox/107.0"
94.65.67.241 - - [25/Nov/2022:08:38:01 +0200] "GET /plugins/system/jat3/jat3/base-themes/default/js/menu/mega.js HTTP/1.1" 200 4821 "http://meteoclima.hua.gr/" "Mozilla/5.0 (Windows NT 10.0; Win64; x64; rv:107.0) Gecko/20100101 Firefox/107.0"
94.65.67.241 - - [25/Nov/2022:08:38:01 +0200] "GET /templates/ja_purity_ii/js/ja.rightcol.js HTTP/1.1" 200 1332 "http://meteoclima.hua.gr/" "Mozilla/5.0 (Windows NT 10.0; Win64; x64; rv:107.0) Gecko/20100101 Firefox/107.0"
94.65.67.241 - - [25/Nov/2022:08:38:01 +0200] "GET /media/system/js/mootools-more.js HTTP/1.1" 200 68040 "http://meteoclima.hua.gr/" "Mozilla/5.0 (Windows NT 10.0; Win64; x64; rv:107.0) Gecko/20100101 Firefox/107.0"
94.65.67.241 - - [25/Nov/2022:08:38:01 +0200] "GET / HTTP/1.1" 200 11198 "http://meteoclima.hua.gr/" "Mozilla/5.0 (Windows NT 10.0; Win64; x64; rv:107.0) Gecko/20100101 Firefox/107.0"
185.213.155.168 - - [25/Nov/2022:08:38:01 +0200] "GET /index.php HTTP/1.0" 200 50325 "http://meteoclima.hua.gr/index.php" "Mozilla/5.0 (Windows NT 6.1; Win64; x64) AppleWebKit/537.36 (KHTML, like Gecko) Chrome/90.0.4430.85 Safari/537.36 Edg/90.0.818.49"
94.65.67.241 - - [25/Nov/2022:08:38:02 +0200] "GET /templates/ja_purity_ii//images/header/header1.jpg HTTP/1.1" 304 181 "http://meteoclima.hua.gr/" "Mozilla/5.0 (Windows NT 10.0; Win64; x64; rv:107.0) Gecko/20100101 Firefox/107.0"
94.65.67.241 - - [25/Nov/2022:08:38:02 +0200] "GET /images/stories/data/weathericons/sunnyintervals.gif HTTP/1.1" 304 180 "http://meteoclima.hua.gr/" "Mozilla/5.0 (Windows NT 10.0; Win64; x64; rv:107.0) Gecko/20100101 Firefox/107.0"
94.65.67.241 - - [25/Nov/2022:08:38:02 +0200] "GET /images/stories/data/weathericons/showers.gif HTTP/1.1" 304 180 "http://meteoclima.hua.gr/" "Mozilla/5.0 (Windows NT 10.0; Win64; x64; rv:107.0) Gecko/20100101 Firefox/107.0"
94.65.67.241 - - [25/Nov/2022:08:38:02 +0200] "GET /images/stories/data/weathericons/rain.gif HTTP/1.1" 304 180 "http://meteoclima.hua.gr/" "Mozilla/5.0 (Windows NT 10.0; Win64; x64; rv:107.0) Gecko/20100101 Firefox/107.0"
94.65.67.241 - - [25/Nov/2022:08:38:02 +0200] "GET /images/stories/data/weathericons/overcast.gif HTTP/1.1" 304 180 "http://meteoclima.hua.gr/" "Mozilla/5.0 (Windows NT 10.0; Win64; x64; rv:107.0) Gecko/20100101 Firefox/107.0"
94.65.67.241 - - [25/Nov/2022:08:38:02 +0200] "GET /images/stories/data/weathericons/sunny.gif HTTP/1.1" 304 180 "http://meteoclima.hua.gr/" "Mozilla/5.0 (Windows NT 10.0; Win64; x64; rv:107.0) Gecko/20100101 Firefox/107.0"
94.65.67.241 - - [25/Nov/2022:08:38:02 +0200] "GET /slideshow.php HTTP/1.1" 200 761 "http://meteoclima.hua.gr/" "Mozilla/5.0 (Windows NT 10.0; Win64; x64; rv:107.0) Gecko/20100101 Firefox/107.0"
94.65.67.241 - - [25/Nov/2022:08:38:02 +0200] "GET /slideshow_seasonal.php HTTP/1.1" 200 771 "http://meteoclima.hua.gr/" "Mozilla/5.0 (Windows NT 10.0; Win64; x64; rv:107.0) Gecko/20100101 Firefox/107.0"
94.65.67.241 - - [25/Nov/2022:08:38:02 +0200] "GET /images/stories/data/wrf/dust/DUST_DRY_DEPOSITION_GOCART.000009.png HTTP/1.1" 304 182 "http://meteoclima.hua.gr/" "Mozilla/5.0 (Windows NT 10.0; Win64; x64; rv:107.0) Gecko/20100101 Firefox/107.0"
94.65.67.241 - - [25/Nov/2022:08:38:02 +0200] "GET /images/stories/data/laps/prec-mslp-wind.d02.hires.zoom.000.300x300.png HTTP/1.1" 304 182 "http://meteoclima.hua.gr/" "Mozilla/5.0 (Windows NT 10.0; Win64; x64; rv:107.0) Gecko/20100101 Firefox/107.0"
94.65.67.241 - - [25/Nov/2022:08:38:02 +0200] "GET /images/stories/data/laps/prec-mslp.d01.000.300x300.png HTTP/1.1" 200 611279 "http://meteoclima.hua.gr/" "Mozilla/5.0 (Windows NT 10.0; Win64; x64; rv:107.0) Gecko/20100101 Firefox/107.0"
94.65.67.241 - - [25/Nov/2022:08:38:02 +0200] "GET /images/stories/data/boltek/hua/screenshot/latest.jpg HTTP/1.1" 200 249318 "http://meteoclima.hua.gr/" "Mozilla/5.0 (Windows NT 10.0; Win64; x64; rv:107.0) Gecko/20100101 Firefox/107.0"
185.213.155.168 - - [25/Nov/2022:08:38:02 +0200] "GET /index.php?option=com_content&view=article&id=101&Itemid=153 HTTP/1.0" 200 35574 "http://meteoclima.hua.gr/index.php?option=com_content&view=article&id=101&Itemid=153" "Mozilla/5.0 (Windows NT 6.1; Win64; x64) AppleWebKit/537.36 (KHTML, like Gecko) Chrome/90.0.4430.85 Safari/537.36 Edg/90.0.818.49"
94.65.67.241 - - [25/Nov/2022:08:38:03 +0200] "GET /slideshow-bg.png HTTP/1.1" 404 513 "http://meteoclima.hua.gr/slideshow.php" "Mozilla/5.0 (Windows NT 10.0; Win64; x64; rv:107.0) Gecko/20100101 Firefox/107.0"
94.65.67.241 - - [25/Nov/2022:08:38:03 +0200] "GET /templates/ja_purity_ii/images/favicon.ico HTTP/1.1" 304 180 "http://meteoclima.hua.gr/" "Mozilla/5.0 (Windows NT 10.0; Win64; x64; rv:107.0) Gecko/20100101 Firefox/107.0"
185.213.155.168 - - [25/Nov/2022:08:38:02 +0200] "GET /index.php HTTP/1.0" 200 50126 "http://meteoclima.hua.gr/index.php" "Mozilla/5.0 (Windows NT 6.1; Win64; x64) AppleWebKit/537.36 (KHTML, like Gecko) Chrome/90.0.4430.85 Safari/537.36 Edg/90.0.818.49"
185.213.155.168 - - [25/Nov/2022:08:38:03 +0200] "GET /index.php?option=com_users&view=registration HTTP/1.0" 200 36772 "http://meteoclima.hua.gr/index.php?option=com_users&view=registration" "Mozilla/5.0 (Windows NT 6.1; Win64; x64) AppleWebKit/537.36 (KHTML, like Gecko) Chrome/90.0.4430.85 Safari/537.36 Edg/90.0.818.49"
185.213.155.168 - - [25/Nov/2022:08:38:04 +0200] "POST /index.php?option=com_users&task=registration.register HTTP/1.0" 303 246 "http://meteoclima.hua.gr/index.php?option=com_users&view=registration" "Mozilla/5.0 (Windows NT 6.1; Win64; x64) AppleWebKit/537.36 (KHTML, like Gecko) Chrome/90.0.4430.85 Safari/537.36 Edg/90.0.818.49"
94.65.67.241 - - [25/Nov/2022:08:38:04 +0200] "GET /images/stories/data/wrf/google/latest-cloud.png HTTP/1.1" 200 260211 "http://meteoclima.hua.gr/europe_cloud_overlay.html" "Mozilla/5.0 (Windows NT 10.0; Win64; x64; rv:107.0) Gecko/20100101 Firefox/107.0"
185.213.155.168 - - [25/Nov/2022:08:38:04 +0200] "GET /index.php?option=com_users&view=registration&layout=complete HTTP/1.0" 200 33080 "http://meteoclima.hua.gr/index.php?option=com_users&view=registration&layout=complete" "Mozilla/5.0 (Windows NT 6.1; Win64; x64) AppleWebKit/537.36 (KHTML, like Gecko) Chrome/90.0.4430.85 Safari/537.36 Edg/90.0.818.49"
94.65.67.241 - - [25/Nov/2022:08:38:05 +0200] "GET /images/stories/data/wrf/google/latest-rain.png HTTP/1.1" 200 24381 "http://meteoclima.hua.gr/europe_rain_overlay.html" "Mozilla/5.0 (Windows NT 10.0; Win64; x64; rv:107.0) Gecko/20100101 Firefox/107.0"
94.65.67.241 - - [25/Nov/2022:08:38:05 +0200] "GET /images/stories/data/wrf/google/latest-t2m.png HTTP/1.1" 200 27878 "http://meteoclima.hua.gr/europe_temperature_overlay.html" "Mozilla/5.0 (Windows NT 10.0; Win64; x64; rv:107.0) Gecko/20100101 Firefox/107.0"
::1 - - [25/Nov/2022:08:38:08 +0200] "OPTIONS * HTTP/1.0" 200 126 "-" "Apache/2.4.10 (Debian) OpenSSL/1.0.1t mod_perl/2.0.9dev Perl/v5.20.2 (internal dummy connection)"
::1 - - [25/Nov/2022:08:38:11 +0200] "OPTIONS * HTTP/1.0" 200 126 "-" "Apache/2.4.10 (Debian) OpenSSL/1.0.1t mod_perl/2.0.9dev Perl/v5.20.2 (internal dummy connection)"
89.46.99.223 - - [25/Nov/2022:08:38:11 +0200] "GET /index.php?option=com_content&view=article&id=112&Itemid=132 HTTP/1.1" 200 7697 "-" "-"
::1 - - [25/Nov/2022:08:38:17 +0200] "OPTIONS * HTTP/1.0" 200 126 "-" "Apache/2.4.10 (Debian) OpenSSL/1.0.1t mod_perl/2.0.9dev Perl/v5.20.2 (internal dummy connection)"
66.249.76.154 - - [25/Nov/2022:08:38:40 +0200] "GET /~elkesite/wp-content/uploads/2020/11/%CE%9524-%CE%88%CE%BD%CF%84%CF%85%CF%80%CE%BF-%CE%91%CE%AF%CF%84%CE%B7%CF%83%CE%B7%CF%82.doc HTTP/1.1" 301 823 "-" "Mozilla/5.0 (Linux; Android 6.0.1; Nexus 5X Build/MMB29P) AppleWebKit/537.36 (KHTML, like Gecko) Chrome/107.0.5304.110 Mobile Safari/537.36 (compatible; Googlebot/2.1; +http://www.google.com/bot.html)"
66.249.76.130 - - [25/Nov/2022:08:38:40 +0200] "GET /~elkesite/wp-content/uploads/2020/11/%CE%9524-%CE%88%CE%BD%CF%84%CF%85%CF%80%CE%BF-%CE%91%CE%AF%CF%84%CE%B7%CF%83%CE%B7%CF%82.doc HTTP/1.1" 200 37564 "-" "Mozilla/5.0 (Linux; Android 6.0.1; Nexus 5X Build/MMB29P) AppleWebKit/537.36 (KHTML, like Gecko) Chrome/107.0.5304.110 Mobile Safari/537.36 (compatible; Googlebot/2.1; +http://www.google.com/bot.html)"
74.208.68.9 - - [25/Nov/2022:08:39:01 +0200] "GET /stations/Delacroix-Attiki/downld02.txt HTTP/1.1" 200 6817 "-" "Mozilla/5.0 (Windows NT 10.0; Win64; x64; rv:69.0) Gecko/20100101 Firefox/69.0"
74.208.68.9 - - [25/Nov/2022:08:39:09 +0200] "GET /stations/salamina/downld02.txt HTTP/1.1" 200 5466 "-" "Mozilla/5.0 (Windows NT 10.0; Win64; x64; rv:69.0) Gecko/20100101 Firefox/69.0"
83.212.240.12 - - [25/Nov/2022:08:39:17 +0200] "POST /wp-cron.php?doing_wp_cron=1669358357.8767740726470947265625 HTTP/1.1" 200 166 "http://esa13thconference.eu/wp-cron.php?doing_wp_cron=1669358357.8767740726470947265625" "WordPress/4.9.6; http://esa13thconference.eu"
185.119.81.100 - - [25/Nov/2022:08:39:17 +0200] "GET /wp-login.php HTTP/1.1" 200 1840 "-" "Mozilla/5.0 (Windows NT 6.1; WOW64) AppleWebKit/537.36 (KHTML, like Gecko) Chrome/51.0.2704.103 Safari/537.36"
83.212.240.12 - - [25/Nov/2022:08:39:19 +0200] "POST /wp-cron.php?doing_wp_cron=1669358359.6237599849700927734375 HTTP/1.1" 200 166 "http://esa13thconference.eu/wp-cron.php?doing_wp_cron=1669358359.6237599849700927734375" "WordPress/4.9.6; http://esa13thconference.eu"
185.119.81.100 - - [25/Nov/2022:08:39:19 +0200] "POST /wp-login.php HTTP/1.1" 200 2349 "http://esa13thconference.eu/wp-login.php" "Mozilla/5.0 (Windows NT 6.1; WOW64) AppleWebKit/537.36 (KHTML, like Gecko) Chrome/51.0.2704.103 Safari/537.36"
74.208.68.9 - - [25/Nov/2022:08:39:26 +0200] "GET /stations/Harokopio-Athens/downld02.txt HTTP/1.1" 200 7917 "-" "Mozilla/5.0 (Windows NT 10.0; Win64; x64; rv:69.0) Gecko/20100101 Firefox/69.0"
85.74.158.0 - - [25/Nov/2022:08:39:27 +0200] "GET / HTTP/1.1" 200 11343 "-" "Mozilla/5.0 (Android 12; Mobile; rv:107.0) Gecko/107.0 Firefox/107.0"
85.74.158.0 - - [25/Nov/2022:08:39:27 +0200] "GET /media/jui/css/icomoon.css HTTP/1.1" 200 2613 "http://meteoclima.hua.gr/" "Mozilla/5.0 (Android 12; Mobile; rv:107.0) Gecko/107.0 Firefox/107.0"
85.74.158.0 - - [25/Nov/2022:08:39:27 +0200] "GET /images/stories/data/weathericons/sunnyintervals.gif HTTP/1.1" 304 181 "http://meteoclima.hua.gr/" "Mozilla/5.0 (Android 12; Mobile; rv:107.0) Gecko/107.0 Firefox/107.0"
85.74.158.0 - - [25/Nov/2022:08:39:27 +0200] "GET /images/stories/data/weathericons/rain.gif HTTP/1.1" 304 181 "http://meteoclima.hua.gr/" "Mozilla/5.0 (Android 12; Mobile; rv:107.0) Gecko/107.0 Firefox/107.0"
85.74.158.0 - - [25/Nov/2022:08:39:27 +0200] "GET /images/stories/data/weathericons/overcast.gif HTTP/1.1" 304 181 "http://meteoclima.hua.gr/" "Mozilla/5.0 (Android 12; Mobile; rv:107.0) Gecko/107.0 Firefox/107.0"
85.74.158.0 - - [25/Nov/2022:08:39:27 +0200] "GET /images/stories/data/wrf/dust/DUST_DRY_DEPOSITION_GOCART.000009.png HTTP/1.1" 304 183 "http://meteoclima.hua.gr/" "Mozilla/5.0 (Android 12; Mobile; rv:107.0) Gecko/107.0 Firefox/107.0"
85.74.158.0 - - [25/Nov/2022:08:39:27 +0200] "GET /images/stories/data/boltek/hua/screenshot/latest.jpg HTTP/1.1" 200 249318 "http://meteoclima.hua.gr/" "Mozilla/5.0 (Android 12; Mobile; rv:107.0) Gecko/107.0 Firefox/107.0"
85.74.158.0 - - [25/Nov/2022:08:39:27 +0200] "GET /templates/ja_purity_ii//images/header/header1.jpg HTTP/1.1" 200 10416 "http://meteoclima.hua.gr/" "Mozilla/5.0 (Android 12; Mobile; rv:107.0) Gecko/107.0 Firefox/107.0"
85.74.158.0 - - [25/Nov/2022:08:39:27 +0200] "GET /templates/ja_purity_ii/images/header-mask.png HTTP/1.1" 200 12400 "http://meteoclima.hua.gr/templates/ja_purity_ii/css/template.css" "Mozilla/5.0 (Android 12; Mobile; rv:107.0) Gecko/107.0 Firefox/107.0"
85.74.158.0 - - [25/Nov/2022:08:39:28 +0200] "GET /slideshow.php HTTP/1.1" 200 761 "http://meteoclima.hua.gr/" "Mozilla/5.0 (Android 12; Mobile; rv:107.0) Gecko/107.0 Firefox/107.0"
85.74.158.0 - - [25/Nov/2022:08:39:28 +0200] "GET /labelgoogle.html HTTP/1.1" 200 553 "http://meteoclima.hua.gr/" "Mozilla/5.0 (Android 12; Mobile; rv:107.0) Gecko/107.0 Firefox/107.0"
85.74.158.0 - - [25/Nov/2022:08:39:28 +0200] "GET /slideshow_seasonal.php HTTP/1.1" 200 772 "http://meteoclima.hua.gr/" "Mozilla/5.0 (Android 12; Mobile; rv:107.0) Gecko/107.0 Firefox/107.0"
85.74.158.0 - - [25/Nov/2022:08:39:27 +0200] "GET /images/stories/data/laps/prec-mslp-wind.d02.hires.zoom.000.300x300.png HTTP/1.1" 200 523564 "http://meteoclima.hua.gr/" "Mozilla/5.0 (Android 12; Mobile; rv:107.0) Gecko/107.0 Firefox/107.0"
85.74.158.0 - - [25/Nov/2022:08:39:27 +0200] "GET /images/stories/data/laps/prec-mslp.d01.000.300x300.png HTTP/1.1" 200 611280 "http://meteoclima.hua.gr/" "Mozilla/5.0 (Android 12; Mobile; rv:107.0) Gecko/107.0 Firefox/107.0"
85.74.158.0 - - [25/Nov/2022:08:39:28 +0200] "GET /images/stories/data/wrf/meteograms/nmmV3-chart_eu.gif HTTP/1.1" 200 41365 "http://meteoclima.hua.gr/slideshow.php" "Mozilla/5.0 (Android 12; Mobile; rv:107.0) Gecko/107.0 Firefox/107.0"
85.74.158.0 - - [25/Nov/2022:08:39:28 +0200] "GET /images/stories/data/wrf/meteograms/nmmV3-chart.gif HTTP/1.1" 200 29648 "http://meteoclima.hua.gr/slideshow.php" "Mozilla/5.0 (Android 12; Mobile; rv:107.0) Gecko/107.0 Firefox/107.0"
85.74.158.0 - - [25/Nov/2022:08:39:28 +0200] "GET /slideshow-bg.png HTTP/1.1" 404 513 "http://meteoclima.hua.gr/slideshow_seasonal.php" "Mozilla/5.0 (Android 12; Mobile; rv:107.0) Gecko/107.0 Firefox/107.0"
85.74.158.0 - - [25/Nov/2022:08:39:28 +0200] "GET /images/stories/data/wrf/google/windlbl.png HTTP/1.1" 200 16872 "http://meteoclima.hua.gr/europe_cloud_overlay.html" "Mozilla/5.0 (Android 12; Mobile; rv:107.0) Gecko/107.0 Firefox/107.0"
85.74.158.0 - - [25/Nov/2022:08:39:28 +0200] "GET /images/stories/data/wrf/google/t2mc.png HTTP/1.1" 200 6134 "http://meteoclima.hua.gr/europe_temperature_overlay.html" "Mozilla/5.0 (Android 12; Mobile; rv:107.0) Gecko/107.0 Firefox/107.0"
85.74.158.0 - - [25/Nov/2022:08:39:29 +0200] "GET /images/stories/data/wrf/google/latest-rain.png HTTP/1.1" 200 24381 "http://meteoclima.hua.gr/europe_rain_overlay.html" "Mozilla/5.0 (Android 12; Mobile; rv:107.0) Gecko/107.0 Firefox/107.0"
85.74.158.0 - - [25/Nov/2022:08:39:29 +0200] "GET /images/stories/data/wrf/google/latest-cloud.png HTTP/1.1" 200 260211 "http://meteoclima.hua.gr/europe_cloud_overlay.html" "Mozilla/5.0 (Android 12; Mobile; rv:107.0) Gecko/107.0 Firefox/107.0"
85.74.158.0 - - [25/Nov/2022:08:39:29 +0200] "GET /images/stories/data/wrf/google/latest-t2m.png HTTP/1.1" 200 27878 "http://meteoclima.hua.gr/europe_temperature_overlay.html" "Mozilla/5.0 (Android 12; Mobile; rv:107.0) Gecko/107.0 Firefox/107.0"
77.88.9.10 - - [25/Nov/2022:08:39:29 +0200] "GET /robots.txt HTTP/1.1" 403 522 "-" "Mozilla/5.0 (compatible; YandexBot/3.0; +http://yandex.com/bots)"
77.88.9.11 - - [25/Nov/2022:08:39:33 +0200] "GET /wp-content/uploads/2016/12/esa2017_CFPs.pdf HTTP/1.1" 403 555 "-" "Mozilla/5.0 (compatible; YandexBot/3.0; +http://yandex.com/bots)"
::1 - - [25/Nov/2022:08:39:39 +0200] "OPTIONS * HTTP/1.0" 200 126 "-" "Apache/2.4.10 (Debian) OpenSSL/1.0.1t mod_perl/2.0.9dev Perl/v5.20.2 (internal dummy connection)"
85.74.158.0 - - [25/Nov/2022:08:39:44 +0200] "GET /index.php?option=com_content&view=article&id=93&Itemid=120 HTTP/1.1" 200 7603 "http://meteoclima.hua.gr/" "Mozilla/5.0 (Android 12; Mobile; rv:107.0) Gecko/107.0 Firefox/107.0"
85.74.158.0 - - [25/Nov/2022:08:39:44 +0200] "GET /templates/ja_purity_ii//images/header/header3.jpg HTTP/1.1" 304 182 "http://meteoclima.hua.gr/index.php?option=com_content&view=article&id=93&Itemid=120" "Mozilla/5.0 (Android 12; Mobile; rv:107.0) Gecko/107.0 Firefox/107.0"
85.74.158.0 - - [25/Nov/2022:08:39:45 +0200] "GET /metgram.html HTTP/1.1" 200 1638 "http://meteoclima.hua.gr/index.php?option=com_content&view=article&id=93&Itemid=120" "Mozilla/5.0 (Android 12; Mobile; rv:107.0) Gecko/107.0 Firefox/107.0"
85.74.158.0 - - [25/Nov/2022:08:39:45 +0200] "GET /framedown_metgramgr.html HTTP/1.1" 200 523 "http://meteoclima.hua.gr/index.php?option=com_content&view=article&id=93&Itemid=120" "Mozilla/5.0 (Android 12; Mobile; rv:107.0) Gecko/107.0 Firefox/107.0"
85.74.158.0 - - [25/Nov/2022:08:39:45 +0200] "GET /images/stories/data/wrf/python/meteograms/nmmV3-meteogram-001.png HTTP/1.1" 200 96081 "http://meteoclima.hua.gr/framedown_metgramgr.html" "Mozilla/5.0 (Android 12; Mobile; rv:107.0) Gecko/107.0 Firefox/107.0"
74.208.68.9 - - [25/Nov/2022:08:39:48 +0200] "GET /stations/geraki/downld02.txt HTTP/1.1" 200 6724 "-" "Mozilla/5.0 (Windows NT 10.0; Win64; x64; rv:69.0) Gecko/20100101 Firefox/69.0"
83.212.240.12 - - [25/Nov/2022:08:39:48 +0200] "POST /wp-cron.php?doing_wp_cron=1669358388.8435990810394287109375 HTTP/1.1" 200 166 "http://esa13thconference.eu/wp-cron.php?doing_wp_cron=1669358388.8435990810394287109375" "WordPress/4.9.6; http://esa13thconference.eu"
190.110.197.114 - - [25/Nov/2022:08:39:48 +0200] "GET /wp-login.php HTTP/1.1" 200 1841 "-" "Mozilla/5.0 (Windows NT 10.0; Win64; x64; rv:87.0) Gecko/20100101 Firefox/87.0"
83.212.240.12 - - [25/Nov/2022:08:39:50 +0200] "POST /wp-cron.php?doing_wp_cron=1669358390.8827660083770751953125 HTTP/1.1" 200 166 "http://esa13thconference.eu/wp-cron.php?doing_wp_cron=1669358390.8827660083770751953125" "WordPress/4.9.6; http://esa13thconference.eu"
74.208.68.9 - - [25/Nov/2022:08:39:52 +0200] "GET /stations/derveni/downld02.txt HTTP/1.1" 200 6547 "-" "Mozilla/5.0 (Windows NT 10.0; Win64; x64; rv:69.0) Gecko/20100101 Firefox/69.0"
190.110.197.114 - - [25/Nov/2022:08:39:50 +0200] "POST /wp-login.php HTTP/1.1" 200 2318 "-" "Mozilla/5.0 (Windows NT 10.0; Win64; x64; rv:87.0) Gecko/20100101 Firefox/87.0"
85.74.158.0 - - [25/Nov/2022:08:39:56 +0200] "GET /index.php?option=com_content&view=article&id=162&Itemid=128 HTTP/1.1" 200 7620 "http://meteoclima.hua.gr/index.php?option=com_content&view=article&id=93&Itemid=120" "Mozilla/5.0 (Android 12; Mobile; rv:107.0) Gecko/107.0 Firefox/107.0"
85.74.158.0 - - [25/Nov/2022:08:39:56 +0200] "GET /wrfdust.html HTTP/1.1" 200 1253 "http://meteoclima.hua.gr/index.php?option=com_content&view=article&id=162&Itemid=128" "Mozilla/5.0 (Android 12; Mobile; rv:107.0) Gecko/107.0 Firefox/107.0"
85.74.158.0 - - [25/Nov/2022:08:39:56 +0200] "GET /framemiddust.html HTTP/1.1" 200 589 "http://meteoclima.hua.gr/index.php?option=com_content&view=article&id=162&Itemid=128" "Mozilla/5.0 (Android 12; Mobile; rv:107.0) Gecko/107.0 Firefox/107.0"
85.74.158.0 - - [25/Nov/2022:08:39:56 +0200] "GET /framedowndust.html HTTP/1.1" 200 526 "http://meteoclima.hua.gr/index.php?option=com_content&view=article&id=162&Itemid=128" "Mozilla/5.0 (Android 12; Mobile; rv:107.0) Gecko/107.0 Firefox/107.0"
85.74.158.0 - - [25/Nov/2022:08:39:56 +0200] "GET /images/stories/data/wrf/dust/tornado/DUST_LOAD_GOCART.024.png HTTP/1.1" 200 276431 "http://meteoclima.hua.gr/framedowndust.html" "Mozilla/5.0 (Android 12; Mobile; rv:107.0) Gecko/107.0 Firefox/107.0"
185.106.122.182 - - [25/Nov/2022:08:40:01 +0200] "GET / HTTP/1.1" 301 529 "-" "Mozilla/5.0 (X11; Ubuntu; Linux x86_64; rv:76.0) Gecko/20100101 Firefox/76.0"
194.177.195.20 - - [25/Nov/2022:08:40:01 +0200] "GET /stations/Delacroix-Attiki/downld02.txt HTTP/1.1" 200 41037 "-" "curl/7.64.0"
194.177.195.20 - - [25/Nov/2022:08:40:01 +0200] "GET /stations/Delacroix-Attiki/downld08.txt HTTP/1.1" 200 219887 "-" "curl/7.64.0"
194.177.195.20 - - [25/Nov/2022:08:40:01 +0200] "GET /stations/Delacroix-Attiki/ZWNTANA.htm HTTP/1.1" 200 2276 "-" "curl/7.64.0"
194.177.195.20 - - [25/Nov/2022:08:40:01 +0200] "GET /stations/Delacroix-Attiki/NOAAMO.TXT HTTP/1.1" 200 3221 "-" "curl/7.64.0"
194.177.195.20 - - [25/Nov/2022:08:40:01 +0200] "GET /stations/Delacroix-Attiki/NOAAPRMO.TXT HTTP/1.1" 200 3692 "-" "curl/7.64.0"
194.177.195.20 - - [25/Nov/2022:08:40:01 +0200] "GET /stations/Delacroix-Attiki/NOAAYR.TXT HTTP/1.1" 200 3331 "-" "curl/7.64.0"
194.177.195.20 - - [25/Nov/2022:08:40:01 +0200] "GET /stations/Delacroix-Attiki/NOAAPRYR.TXT HTTP/1.1" 200 3470 "-" "curl/7.64.0"
194.177.195.20 - - [25/Nov/2022:08:40:01 +0200] "GET /stations/derveni/downld02.txt HTTP/1.1" 200 41037 "-" "curl/7.64.0"
194.177.195.20 - - [25/Nov/2022:08:40:01 +0200] "GET /stations/derveni/downld08.txt HTTP/1.1" 200 219887 "-" "curl/7.64.0"
194.177.195.20 - - [25/Nov/2022:08:40:01 +0200] "GET /stations/derveni/ZWNTANA.htm HTTP/1.1" 200 2283 "-" "curl/7.64.0"
194.177.195.20 - - [25/Nov/2022:08:40:01 +0200] "GET /stations/derveni/NOAAMO.TXT HTTP/1.1" 200 3247 "-" "curl/7.64.0"
194.177.195.20 - - [25/Nov/2022:08:40:01 +0200] "GET /stations/derveni/NOAAPRMO.TXT HTTP/1.1" 200 3719 "-" "curl/7.64.0"
194.177.195.20 - - [25/Nov/2022:08:40:01 +0200] "GET /stations/derveni/NOAAYR.TXT HTTP/1.1" 200 3357 "-" "curl/7.64.0"
194.177.195.20 - - [25/Nov/2022:08:40:01 +0200] "GET /stations/derveni/NOAAPRYR.TXT HTTP/1.1" 200 3496 "-" "curl/7.64.0"
194.177.195.20 - - [25/Nov/2022:08:40:01 +0200] "GET /stations/geraki/downld02.txt HTTP/1.1" 200 39381 "-" "curl/7.64.0"
194.177.195.20 - - [25/Nov/2022:08:40:01 +0200] "GET /stations/geraki/downld08.txt HTTP/1.1" 200 218231 "-" "curl/7.64.0"
194.177.195.20 - - [25/Nov/2022:08:40:01 +0200] "GET /stations/geraki/ZWNTANA.htm HTTP/1.1" 200 2297 "-" "curl/7.64.0"
194.177.195.20 - - [25/Nov/2022:08:40:01 +0200] "GET /stations/geraki/NOAAMO.TXT HTTP/1.1" 200 3168 "-" "curl/7.64.0"
194.177.195.20 - - [25/Nov/2022:08:40:01 +0200] "GET /stations/geraki/NOAAPRMO.TXT HTTP/1.1" 200 3718 "-" "curl/7.64.0"
194.177.195.20 - - [25/Nov/2022:08:40:01 +0200] "GET /stations/geraki/NOAAYR.TXT HTTP/1.1" 200 3356 "-" "curl/7.64.0"
194.177.195.20 - - [25/Nov/2022:08:40:01 +0200] "GET /stations/geraki/NOAAPRYR.TXT HTTP/1.1" 200 3495 "-" "curl/7.64.0"
194.177.195.20 - - [25/Nov/2022:08:40:01 +0200] "GET /stations/Harokopio-Athens/downld02.txt HTTP/1.1" 200 66589 "-" "curl/7.64.0"
194.177.195.20 - - [25/Nov/2022:08:40:01 +0200] "GET /stations/Harokopio-Athens/downld08.txt HTTP/1.1" 200 356030 "-" "curl/7.64.0"
194.177.195.20 - - [25/Nov/2022:08:40:01 +0200] "GET /stations/Harokopio-Athens/ZWNTANA.htm HTTP/1.1" 200 2299 "-" "curl/7.64.0"
194.177.195.20 - - [25/Nov/2022:08:40:01 +0200] "GET /stations/Harokopio-Athens/NOAAMO.TXT HTTP/1.1" 200 3248 "-" "curl/7.64.0"
194.177.195.20 - - [25/Nov/2022:08:40:01 +0200] "GET /stations/Harokopio-Athens/NOAAPRMO.TXT HTTP/1.1" 200 3719 "-" "curl/7.64.0"
194.177.195.20 - - [25/Nov/2022:08:40:01 +0200] "GET /stations/Harokopio-Athens/NOAAYR.TXT HTTP/1.1" 200 3358 "-" "curl/7.64.0"
194.177.195.20 - - [25/Nov/2022:08:40:01 +0200] "GET /stations/Harokopio-Athens/NOAAPRYR.TXT HTTP/1.1" 200 3497 "-" "curl/7.64.0"
85.74.158.0 - - [25/Nov/2022:08:40:04 +0200] "GET /images/stories/data/wrf/dust/DUST_LOAD.html HTTP/1.1" 200 634 "http://meteoclima.hua.gr/wrfdust.html" "Mozilla/5.0 (Android 12; Mobile; rv:107.0) Gecko/107.0 Firefox/107.0"
85.74.158.0 - - [25/Nov/2022:08:40:04 +0200] "GET /images/stories/data/wrf/dust/tornado/DUST_LOAD_GOCART.120.png HTTP/1.1" 200 289513 "http://meteoclima.hua.gr/wrfdust.html" "Mozilla/5.0 (Android 12; Mobile; rv:107.0) Gecko/107.0 Firefox/107.0"
194.177.195.20 - - [25/Nov/2022:08:40:06 +0200] "GET /stations/salamina/downld02.txt HTTP/1.1" 200 38274 "-" "curl/7.64.0"
194.177.195.20 - - [25/Nov/2022:08:40:06 +0200] "GET /stations/salamina/downld08.txt HTTP/1.1" 200 204164 "-" "curl/7.64.0"
194.177.195.20 - - [25/Nov/2022:08:40:06 +0200] "GET /stations/salamina/ZWNTANA.htm HTTP/1.1" 200 2284 "-" "curl/7.64.0"
194.177.195.20 - - [25/Nov/2022:08:40:06 +0200] "GET /stations/salamina/NOAAMO.TXT HTTP/1.1" 200 3248 "-" "curl/7.64.0"
194.177.195.20 - - [25/Nov/2022:08:40:06 +0200] "GET /stations/salamina/NOAAPRMO.TXT HTTP/1.1" 200 3719 "-" "curl/7.64.0"
194.177.195.20 - - [25/Nov/2022:08:40:06 +0200] "GET /stations/salamina/NOAAYR.TXT HTTP/1.1" 200 3358 "-" "curl/7.64.0"
194.177.195.20 - - [25/Nov/2022:08:40:06 +0200] "GET /stations/salamina/NOAAPRYR.TXT HTTP/1.1" 200 3497 "-" "curl/7.64.0"
85.74.158.0 - - [25/Nov/2022:08:40:10 +0200] "GET /images/stories/data/laps/prec-mslp-wind.d02.hires.zoom.000.300x300.png HTTP/1.1" 304 183 "http://meteoclima.hua.gr/" "Mozilla/5.0 (Android 12; Mobile; rv:107.0) Gecko/107.0 Firefox/107.0"
85.74.158.0 - - [25/Nov/2022:08:40:10 +0200] "GET /images/stories/data/boltek/hua/screenshot/latest.jpg HTTP/1.1" 304 183 "http://meteoclima.hua.gr/" "Mozilla/5.0 (Android 12; Mobile; rv:107.0) Gecko/107.0 Firefox/107.0"
85.74.158.0 - - [25/Nov/2022:08:40:10 +0200] "GET /slideshow.php HTTP/1.1" 200 761 "http://meteoclima.hua.gr/" "Mozilla/5.0 (Android 12; Mobile; rv:107.0) Gecko/107.0 Firefox/107.0"
85.74.158.0 - - [25/Nov/2022:08:40:10 +0200] "GET /slideshow_seasonal.php HTTP/1.1" 200 771 "http://meteoclima.hua.gr/" "Mozilla/5.0 (Android 12; Mobile; rv:107.0) Gecko/107.0 Firefox/107.0"
85.74.158.0 - - [25/Nov/2022:08:40:10 +0200] "GET /slideshow-bg.png HTTP/1.1" 404 513 "http://meteoclima.hua.gr/slideshow.php" "Mozilla/5.0 (Android 12; Mobile; rv:107.0) Gecko/107.0 Firefox/107.0"
85.74.158.0 - - [25/Nov/2022:08:40:10 +0200] "GET /slideshow-bg.png HTTP/1.1" 404 513 "http://meteoclima.hua.gr/slideshow_seasonal.php" "Mozilla/5.0 (Android 12; Mobile; rv:107.0) Gecko/107.0 Firefox/107.0"
83.212.240.12 - - [25/Nov/2022:08:40:44 +0200] "POST /wp-cron.php?doing_wp_cron=1669358444.3425650596618652343750 HTTP/1.1" 200 166 "http://esa13thconference.eu/wp-cron.php?doing_wp_cron=1669358444.3425650596618652343750" "WordPress/4.9.6; http://esa13thconference.eu"
64.225.65.31 - - [25/Nov/2022:08:40:43 +0200] "POST /wp-login.php HTTP/1.1" 200 2303 "-" "Mozilla/5.0 (Windows NT 10.0; WOW64) AppleWebKit/537.36 (KHTML, like Gecko) Chrome/55.0.2883.87 Safari/537.36"
66.249.76.130 - - [25/Nov/2022:08:41:47 +0200] "GET /~varlamis/ HTTP/1.1" 200 8538 "-" "Mozilla/5.0 (Linux; Android 6.0.1; Nexus 5X Build/MMB29P) AppleWebKit/537.36 (KHTML, like Gecko) Chrome/107.0.5304.110 Mobile Safari/537.36 (compatible; Googlebot/2.1; +http://www.google.com/bot.html)"
2.87.89.208 - - [25/Nov/2022:08:41:55 +0200] "GET /stations/Delacroix-Attiki/logo.jpg HTTP/1.1" 200 5546 "http://penteli.meteo.gr/" "Mozilla/5.0 (Windows NT 10.0; Win64; x64; rv:107.0) Gecko/20100101 Firefox/107.0"
85.73.185.204 - - [25/Nov/2022:08:42:13 +0200] "GET /stations/Harokopio-Athens/ HTTP/1.1" 200 4583 "https://www.google.com/" "Mozilla/5.0 (Linux; Android 12; SM-A326B) AppleWebKit/537.36 (KHTML, like Gecko) Chrome/107.0.0.0 Mobile Safari/537.36"
85.73.185.204 - - [25/Nov/2022:08:42:13 +0200] "GET /stations/Harokopio-Athens/pep-logo.jpg HTTP/1.1" 200 52126 "http://meteoclima.hua.gr/stations/Harokopio-Athens/" "Mozilla/5.0 (Linux; Android 12; SM-A326B) AppleWebKit/537.36 (KHTML, like Gecko) Chrome/107.0.0.0 Mobile Safari/537.36"
85.73.185.204 - - [25/Nov/2022:08:42:13 +0200] "GET /stations/Harokopio-Athens/OutsideTempHistory.gif HTTP/1.1" 200 13113 "http://meteoclima.hua.gr/stations/Harokopio-Athens/" "Mozilla/5.0 (Linux; Android 12; SM-A326B) AppleWebKit/537.36 (KHTML, like Gecko) Chrome/107.0.0.0 Mobile Safari/537.36"
85.73.185.204 - - [25/Nov/2022:08:42:13 +0200] "GET /stations/Harokopio-Athens/OutsideHumidityHistory.gif HTTP/1.1" 200 12975 "http://meteoclima.hua.gr/stations/Harokopio-Athens/" "Mozilla/5.0 (Linux; Android 12; SM-A326B) AppleWebKit/537.36 (KHTML, like Gecko) Chrome/107.0.0.0 Mobile Safari/537.36"
85.73.185.204 - - [25/Nov/2022:08:42:13 +0200] "GET /stations/Harokopio-Athens/SolarRadHistory.gif HTTP/1.1" 200 12462 "http://meteoclima.hua.gr/stations/Harokopio-Athens/" "Mozilla/5.0 (Linux; Android 12; SM-A326B) AppleWebKit/537.36 (KHTML, like Gecko) Chrome/107.0.0.0 Mobile Safari/537.36"
85.73.185.204 - - [25/Nov/2022:08:42:13 +0200] "GET /stations/Harokopio-Athens/UVHistory.gif HTTP/1.1" 200 12250 "http://meteoclima.hua.gr/stations/Harokopio-Athens/" "Mozilla/5.0 (Linux; Android 12; SM-A326B) AppleWebKit/537.36 (KHTML, like Gecko) Chrome/107.0.0.0 Mobile Safari/537.36"
85.73.185.204 - - [25/Nov/2022:08:42:13 +0200] "GET /stations/Harokopio-Athens/RainHistory.gif HTTP/1.1" 200 11715 "http://meteoclima.hua.gr/stations/Harokopio-Athens/" "Mozilla/5.0 (Linux; Android 12; SM-A326B) AppleWebKit/537.36 (KHTML, like Gecko) Chrome/107.0.0.0 Mobile Safari/537.36"
85.73.185.204 - - [25/Nov/2022:08:42:13 +0200] "GET /stations/Harokopio-Athens/DewPointHistory.gif HTTP/1.1" 200 12726 "http://meteoclima.hua.gr/stations/Harokopio-Athens/" "Mozilla/5.0 (Linux; Android 12; SM-A326B) AppleWebKit/537.36 (KHTML, like Gecko) Chrome/107.0.0.0 Mobile Safari/537.36"
85.73.185.204 - - [25/Nov/2022:08:42:13 +0200] "GET /stations/Harokopio-Athens/SoilTemp4History.gif HTTP/1.1" 200 12036 "http://meteoclima.hua.gr/stations/Harokopio-Athens/" "Mozilla/5.0 (Linux; Android 12; SM-A326B) AppleWebKit/537.36 (KHTML, like Gecko) Chrome/107.0.0.0 Mobile Safari/537.36"
85.73.185.204 - - [25/Nov/2022:08:42:13 +0200] "GET /stations/Harokopio-Athens/10MinAvgWindSpeed.gif HTTP/1.1" 200 4779 "http://meteoclima.hua.gr/stations/Harokopio-Athens/" "Mozilla/5.0 (Linux; Android 12; SM-A326B) AppleWebKit/537.36 (KHTML, like Gecko) Chrome/107.0.0.0 Mobile Safari/537.36"
85.73.185.204 - - [25/Nov/2022:08:42:13 +0200] "GET /stations/Harokopio-Athens/RainStorm.gif HTTP/1.1" 200 4926 "http://meteoclima.hua.gr/stations/Harokopio-Athens/" "Mozilla/5.0 (Linux; Android 12; SM-A326B) AppleWebKit/537.36 (KHTML, like Gecko) Chrome/107.0.0.0 Mobile Safari/537.36"
85.73.185.204 - - [25/Nov/2022:08:42:13 +0200] "GET /stations/Harokopio-Athens/MonthlyRain.gif HTTP/1.1" 200 4656 "http://meteoclima.hua.gr/stations/Harokopio-Athens/" "Mozilla/5.0 (Linux; Android 12; SM-A326B) AppleWebKit/537.36 (KHTML, like Gecko) Chrome/107.0.0.0 Mobile Safari/537.36"
85.73.185.204 - - [25/Nov/2022:08:42:13 +0200] "GET /stations/Harokopio-Athens/RainRateHistory.gif HTTP/1.1" 200 11887 "http://meteoclima.hua.gr/stations/Harokopio-Athens/" "Mozilla/5.0 (Linux; Android 12; SM-A326B) AppleWebKit/537.36 (KHTML, like Gecko) Chrome/107.0.0.0 Mobile Safari/537.36"
85.73.185.204 - - [25/Nov/2022:08:42:13 +0200] "GET /stations/Harokopio-Athens/WindSpeedHistory.gif HTTP/1.1" 200 13943 "http://meteoclima.hua.gr/stations/Harokopio-Athens/" "Mozilla/5.0 (Linux; Android 12; SM-A326B) AppleWebKit/537.36 (KHTML, like Gecko) Chrome/107.0.0.0 Mobile Safari/537.36"
85.73.185.204 - - [25/Nov/2022:08:42:13 +0200] "GET /stations/Harokopio-Athens/SoilMoist4History.gif HTTP/1.1" 200 11911 "http://meteoclima.hua.gr/stations/Harokopio-Athens/" "Mozilla/5.0 (Linux; Android 12; SM-A326B) AppleWebKit/537.36 (KHTML, like Gecko) Chrome/107.0.0.0 Mobile Safari/537.36"
85.73.185.204 - - [25/Nov/2022:08:42:13 +0200] "GET /stations/Harokopio-Athens/WindDirectionHistory.gif HTTP/1.1" 200 13618 "http://meteoclima.hua.gr/stations/Harokopio-Athens/" "Mozilla/5.0 (Linux; Android 12; SM-A326B) AppleWebKit/537.36 (KHTML, like Gecko) Chrome/107.0.0.0 Mobile Safari/537.36"
85.73.185.204 - - [25/Nov/2022:08:42:13 +0200] "GET /stations/Harokopio-Athens/SoilMoist3History.gif HTTP/1.1" 200 11913 "http://meteoclima.hua.gr/stations/Harokopio-Athens/" "Mozilla/5.0 (Linux; Android 12; SM-A326B) AppleWebKit/537.36 (KHTML, like Gecko) Chrome/107.0.0.0 Mobile Safari/537.36"
85.73.185.204 - - [25/Nov/2022:08:42:13 +0200] "GET /stations/Harokopio-Athens/BarometerHistory.gif HTTP/1.1" 200 12832 "http://meteoclima.hua.gr/stations/Harokopio-Athens/" "Mozilla/5.0 (Linux; Android 12; SM-A326B) AppleWebKit/537.36 (KHTML, like Gecko) Chrome/107.0.0.0 Mobile Safari/537.36"
85.73.185.204 - - [25/Nov/2022:08:42:13 +0200] "GET /stations/Harokopio-Athens/WindDirection.gif HTTP/1.1" 200 4978 "http://meteoclima.hua.gr/stations/Harokopio-Athens/" "Mozilla/5.0 (Linux; Android 12; SM-A326B) AppleWebKit/537.36 (KHTML, like Gecko) Chrome/107.0.0.0 Mobile Safari/537.36"
85.73.185.204 - - [25/Nov/2022:08:42:13 +0200] "GET /stations/Harokopio-Athens/YearlyRain.gif HTTP/1.1" 200 5519 "http://meteoclima.hua.gr/stations/Harokopio-Athens/" "Mozilla/5.0 (Linux; Android 12; SM-A326B) AppleWebKit/537.36 (KHTML, like Gecko) Chrome/107.0.0.0 Mobile Safari/537.36"
85.73.185.204 - - [25/Nov/2022:08:42:13 +0200] "GET /stations/Harokopio-Athens/Rain.gif HTTP/1.1" 200 4909 "http://meteoclima.hua.gr/stations/Harokopio-Athens/" "Mozilla/5.0 (Linux; Android 12; SM-A326B) AppleWebKit/537.36 (KHTML, like Gecko) Chrome/107.0.0.0 Mobile Safari/537.36"
85.73.185.204 - - [25/Nov/2022:08:42:13 +0200] "GET /stations/Harokopio-Athens/SoilMoist1History.gif HTTP/1.1" 200 12086 "http://meteoclima.hua.gr/stations/Harokopio-Athens/" "Mozilla/5.0 (Linux; Android 12; SM-A326B) AppleWebKit/537.36 (KHTML, like Gecko) Chrome/107.0.0.0 Mobile Safari/537.36"
85.73.185.204 - - [25/Nov/2022:08:42:13 +0200] "GET /stations/Harokopio-Athens/SoilTemp1History.gif HTTP/1.1" 200 12144 "http://meteoclima.hua.gr/stations/Harokopio-Athens/" "Mozilla/5.0 (Linux; Android 12; SM-A326B) AppleWebKit/537.36 (KHTML, like Gecko) Chrome/107.0.0.0 Mobile Safari/537.36"
85.73.185.204 - - [25/Nov/2022:08:42:13 +0200] "GET /stations/Harokopio-Athens/SoilMoist2History.gif HTTP/1.1" 200 11913 "http://meteoclima.hua.gr/stations/Harokopio-Athens/" "Mozilla/5.0 (Linux; Android 12; SM-A326B) AppleWebKit/537.36 (KHTML, like Gecko) Chrome/107.0.0.0 Mobile Safari/537.36"
85.73.185.204 - - [25/Nov/2022:08:42:13 +0200] "GET /stations/Harokopio-Athens/LeafWet1History.gif HTTP/1.1" 200 11655 "http://meteoclima.hua.gr/stations/Harokopio-Athens/" "Mozilla/5.0 (Linux; Android 12; SM-A326B) AppleWebKit/537.36 (KHTML, like Gecko) Chrome/107.0.0.0 Mobile Safari/537.36"
85.73.185.204 - - [25/Nov/2022:08:42:13 +0200] "GET /stations/Harokopio-Athens/SoilTemp3History.gif HTTP/1.1" 200 12071 "http://meteoclima.hua.gr/stations/Harokopio-Athens/" "Mozilla/5.0 (Linux; Android 12; SM-A326B) AppleWebKit/537.36 (KHTML, like Gecko) Chrome/107.0.0.0 Mobile Safari/537.36"
85.73.185.204 - - [25/Nov/2022:08:42:13 +0200] "GET /stations/Harokopio-Athens/WindSpeed.gif HTTP/1.1" 200 4727 "http://meteoclima.hua.gr/stations/Harokopio-Athens/" "Mozilla/5.0 (Linux; Android 12; SM-A326B) AppleWebKit/537.36 (KHTML, like Gecko) Chrome/107.0.0.0 Mobile Safari/537.36"
85.73.185.204 - - [25/Nov/2022:08:42:13 +0200] "GET /stations/Harokopio-Athens/SoilTemp2History.gif HTTP/1.1" 200 12272 "http://meteoclima.hua.gr/stations/Harokopio-Athens/" "Mozilla/5.0 (Linux; Android 12; SM-A326B) AppleWebKit/537.36 (KHTML, like Gecko) Chrome/107.0.0.0 Mobile Safari/537.36"
85.73.185.204 - - [25/Nov/2022:08:42:13 +0200] "GET /stations/Harokopio-Athens/RainRate.gif HTTP/1.1" 200 6187 "http://meteoclima.hua.gr/stations/Harokopio-Athens/" "Mozilla/5.0 (Linux; Android 12; SM-A326B) AppleWebKit/537.36 (KHTML, like Gecko) Chrome/107.0.0.0 Mobile Safari/537.36"
85.73.185.204 - - [25/Nov/2022:08:42:14 +0200] "GET /stations/Harokopio-Athens/espa-logo.png HTTP/1.1" 200 19297 "http://meteoclima.hua.gr/stations/Harokopio-Athens/" "Mozilla/5.0 (Linux; Android 12; SM-A326B) AppleWebKit/537.36 (KHTML, like Gecko) Chrome/107.0.0.0 Mobile Safari/537.36"
::1 - - [25/Nov/2022:08:42:19 +0200] "OPTIONS * HTTP/1.0" 200 126 "-" "Apache/2.4.10 (Debian) OpenSSL/1.0.1t mod_perl/2.0.9dev Perl/v5.20.2 (internal dummy connection)"
83.212.240.12 - - [25/Nov/2022:08:42:39 +0200] "POST /wp-cron.php?doing_wp_cron=1669358559.3370571136474609375000 HTTP/1.1" 200 166 "http://esa13thconference.eu/wp-cron.php?doing_wp_cron=1669358559.3370571136474609375000" "WordPress/4.9.6; http://esa13thconference.eu"
142.93.201.0 - - [25/Nov/2022:08:42:38 +0200] "POST /wp-login.php HTTP/1.1" 200 2306 "-" "Mozilla/5.0 (Windows NT 6.3; Win64; x64) AppleWebKit/537.36 (KHTML, like Gecko) Chrome/65.0.3325.181 Safari/537.36"
188.165.239.119 - - [25/Nov/2022:08:43:10 +0200] "GET /stations/derveni HTTP/1.1" 301 556 "-" "Go-http-client/1.1"
188.165.239.119 - - [25/Nov/2022:08:43:10 +0200] "GET /stations/derveni/ HTTP/1.1" 200 4435 "http://meteoclima.hua.gr/stations/derveni" "Go-http-client/1.1"
74.208.68.9 - - [25/Nov/2022:08:43:59 +0200] "GET /stations/geraki/downld02.txt HTTP/1.1" 200 6724 "-" "Mozilla/5.0 (Windows NT 10.0; Win64; x64; rv:69.0) Gecko/20100101 Firefox/69.0"
185.25.20.5 - - [25/Nov/2022:08:44:03 +0200] "GET /stations/derveni/NOAAMO.TXT HTTP/1.0" 200 3266 "-" "-"
94.65.67.241 - - [25/Nov/2022:08:44:03 +0200] "GET /labelgoogle.html HTTP/1.1" 200 553 "-" "Mozilla/5.0 (Windows NT 10.0; Win64; x64; rv:107.0) Gecko/20100101 Firefox/107.0"
185.25.20.5 - - [25/Nov/2022:08:44:03 +0200] "GET /stations/geraki/NOAAMO.TXT HTTP/1.0" 200 3187 "-" "-"
74.208.68.9 - - [25/Nov/2022:08:44:08 +0200] "GET /stations/Delacroix-Attiki/downld02.txt HTTP/1.1" 200 6855 "-" "Mozilla/5.0 (Windows NT 10.0; Win64; x64; rv:69.0) Gecko/20100101 Firefox/69.0"
74.208.68.9 - - [25/Nov/2022:08:44:28 +0200] "GET /stations/salamina/downld02.txt HTTP/1.1" 200 5495 "-" "Mozilla/5.0 (Windows NT 10.0; Win64; x64; rv:69.0) Gecko/20100101 Firefox/69.0"
74.208.68.9 - - [25/Nov/2022:08:44:36 +0200] "GET /stations/Harokopio-Athens/downld02.txt HTTP/1.1" 200 7948 "-" "Mozilla/5.0 (Windows NT 10.0; Win64; x64; rv:69.0) Gecko/20100101 Firefox/69.0"
74.208.68.9 - - [25/Nov/2022:08:44:42 +0200] "GET /stations/derveni/downld02.txt HTTP/1.1" 200 6581 "-" "Mozilla/5.0 (Windows NT 10.0; Win64; x64; rv:69.0) Gecko/20100101 Firefox/69.0"
66.249.76.156 - - [25/Nov/2022:08:44:47 +0200] "GET /~dimosthe/wp-content/uploads/2017/01/simpra03.pdf HTTP/1.1" 200 475658 "-" "Mozilla/5.0 (Linux; Android 6.0.1; Nexus 5X Build/MMB29P) AppleWebKit/537.36 (KHTML, like Gecko) Chrome/107.0.5304.110 Mobile Safari/537.36 (compatible; Googlebot/2.1; +http://www.google.com/bot.html)"
94.71.4.182 - - [25/Nov/2022:08:45:35 +0200] "GET /stations/geraki/ HTTP/1.1" 200 4652 "http://meteoclima.hua.gr/stations/geraki/" "Mozilla/5.0 (Linux; Android 10; SM-G965F) AppleWebKit/537.36 (KHTML, like Gecko) Chrome/107.0.0.0 Mobile Safari/537.36"
94.71.4.182 - - [25/Nov/2022:08:45:36 +0200] "GET /stations/geraki/OutsideTempHistory.gif HTTP/1.1" 200 13521 "http://meteoclima.hua.gr/stations/geraki/" "Mozilla/5.0 (Linux; Android 10; SM-G965F) AppleWebKit/537.36 (KHTML, like Gecko) Chrome/107.0.0.0 Mobile Safari/537.36"
