94.71.4.182 - - [25/Nov/2022:09:01:37 +0200] "GET /stations/geraki/WindSpeed.gif HTTP/1.1" 304 181 "http://meteoclima.hua.gr/stations/geraki/" "Mozilla/5.0 (Linux; Android 10; SM-G965F) AppleWebKit/537.36 (KHTML, like Gecko) Chrome/107.0.0.0 Mobile Safari/537.36"
94.71.4.182 - - [25/Nov/2022:09:01:37 +0200] "GET /stations/geraki/10MinAvgWindSpeed.gif HTTP/1.1" 304 181 "http://meteoclima.hua.gr/stations/geraki/" "Mozilla/5.0 (Linux; Android 10; SM-G965F) AppleWebKit/537.36 (KHTML, like Gecko) Chrome/107.0.0.0 Mobile Safari/537.36"
94.71.4.182 - - [25/Nov/2022:09:01:37 +0200] "GET /stations/geraki/Rain.gif HTTP/1.1" 304 181 "http://meteoclima.hua.gr/stations/geraki/" "Mozilla/5.0 (Linux; Android 10; SM-G965F) AppleWebKit/537.36 (KHTML, like Gecko) Chrome/107.0.0.0 Mobile Safari/537.36"
94.71.4.182 - - [25/Nov/2022:09:01:37 +0200] "GET /stations/geraki/RainStorm.gif HTTP/1.1" 304 181 "http://meteoclima.hua.gr/stations/geraki/" "Mozilla/5.0 (Linux; Android 10; SM-G965F) AppleWebKit/537.36 (KHTML, like Gecko) Chrome/107.0.0.0 Mobile Safari/537.36"
94.71.4.182 - - [25/Nov/2022:09:01:37 +0200] "GET /stations/geraki/RainRate.gif HTTP/1.1" 304 181 "http://meteoclima.hua.gr/stations/geraki/" "Mozilla/5.0 (Linux; Android 10; SM-G965F) AppleWebKit/537.36 (KHTML, like Gecko) Chrome/107.0.0.0 Mobile Safari/537.36"
94.71.4.182 - - [25/Nov/2022:09:01:38 +0200] "GET /stations/geraki/MonthlyRain.gif HTTP/1.1" 304 181 "http://meteoclima.hua.gr/stations/geraki/" "Mozilla/5.0 (Linux; Android 10; SM-G965F) AppleWebKit/537.36 (KHTML, like Gecko) Chrome/107.0.0.0 Mobile Safari/537.36"
94.71.4.182 - - [25/Nov/2022:09:01:38 +0200] "GET /stations/geraki/YearlyRain.gif HTTP/1.1" 304 181 "http://meteoclima.hua.gr/stations/geraki/" "Mozilla/5.0 (Linux; Android 10; SM-G965F) AppleWebKit/537.36 (KHTML, like Gecko) Chrome/107.0.0.0 Mobile Safari/537.36"
5.75.252.229 - - [25/Nov/2022:09:01:43 +0200] "POST /wp-content/plugins/cherry-plugin/admin/import-export/upload.php HTTP/1.1" 408 493 "www.google.com" "Mozlila/5.0 (Linux; Android 7.0; SM-G892A Bulid/NRD90M; wv) AppleWebKit/537.36 (KHTML, like Gecko) Version/4.0 Chrome/60.0.3112.107 Moblie Safari/537.36"
5.75.252.229 - - [25/Nov/2022:09:02:04 +0200] "POST /wp-content/plugins/formcraft/file-upload/server/php/ HTTP/1.1" 404 553 "www.google.com" "Mozlila/5.0 (Linux; Android 7.0; SM-G892A Bulid/NRD90M; wv) AppleWebKit/537.36 (KHTML, like Gecko) Version/4.0 Chrome/60.0.3112.107 Moblie Safari/537.36"
5.75.252.229 - - [25/Nov/2022:09:02:04 +0200] "GET /wp-content/plugins/formcraft/file-upload/server/php/files/a57bze8931.php HTTP/1.1" 404 573 "www.google.com" "Mozlila/5.0 (Linux; Android 7.0; SM-G892A Bulid/NRD90M; wv) AppleWebKit/537.36 (KHTML, like Gecko) Version/4.0 Chrome/60.0.3112.107 Moblie Safari/537.36"
83.212.240.12 - - [25/Nov/2022:09:02:07 +0200] "POST /wp-cron.php?doing_wp_cron=1669359727.2455909252166748046875 HTTP/1.1" 200 166 "http://esa13thconference.eu/wp-cron.php?doing_wp_cron=1669359727.2455909252166748046875" "WordPress/4.9.6; http://esa13thconference.eu"
5.75.252.229 - - [25/Nov/2022:09:02:06 +0200] "POST /wp-admin/admin-ajax.php HTTP/1.1" 400 404 "www.google.com" "Mozlila/5.0 (Linux; Android 7.0; SM-G892A Bulid/NRD90M; wv) AppleWebKit/537.36 (KHTML, like Gecko) Version/4.0 Chrome/60.0.3112.107 Moblie Safari/537.36"
5.75.252.229 - - [25/Nov/2022:09:02:08 +0200] "GET /wp-content/uploads/typehub/custom/a57bze8931/.__a57bze8931.php HTTP/1.1" 404 563 "www.google.com" "Mozlila/5.0 (Linux; Android 7.0; SM-G892A Bulid/NRD90M; wv) AppleWebKit/537.36 (KHTML, like Gecko) Version/4.0 Chrome/60.0.3112.107 Moblie Safari/537.36"
5.75.252.229 - - [25/Nov/2022:09:02:10 +0200] "POST /wp-content/plugins/superstorefinder-wp/ssf-wp-admin/pages/import.php HTTP/1.1" 404 569 "www.google.com" "Mozlila/5.0 (Linux; Android 7.0; SM-G892A Bulid/NRD90M; wv) AppleWebKit/537.36 (KHTML, like Gecko) Version/4.0 Chrome/60.0.3112.107 Moblie Safari/537.36"
5.75.252.229 - - [25/Nov/2022:09:02:11 +0200] "GET /wp-content/plugins/superstorefinder-wp/ssf-wp-admin/pages/SSF_WP_UPLOADS_PATH/csv/import/abruzi.php HTTP/1.1" 404 600 "www.google.com" "Mozlila/5.0 (Linux; Android 7.0; SM-G892A Bulid/NRD90M; wv) AppleWebKit/537.36 (KHTML, like Gecko) Version/4.0 Chrome/60.0.3112.107 Moblie Safari/537.36"
83.212.240.12 - - [25/Nov/2022:09:02:14 +0200] "POST /wp-cron.php?doing_wp_cron=1669359734.8278439044952392578125 HTTP/1.1" 200 166 "http://esa13thconference.eu/wp-cron.php?doing_wp_cron=1669359734.8278439044952392578125" "WordPress/4.9.6; http://esa13thconference.eu"
5.75.252.229 - - [25/Nov/2022:09:02:14 +0200] "POST /wp-admin/admin-ajax.php HTTP/1.1" 400 404 "www.google.com" "Mozlila/5.0 (Linux; Android 7.0; SM-G892A Bulid/NRD90M; wv) AppleWebKit/537.36 (KHTML, like Gecko) Version/4.0 Chrome/60.0.3112.107 Moblie Safari/537.36"
5.75.252.229 - - [25/Nov/2022:09:02:16 +0200] "GET /abruzi.php4 HTTP/1.1" 404 512 "www.google.com" "Mozlila/5.0 (Linux; Android 7.0; SM-G892A Bulid/NRD90M; wv) AppleWebKit/537.36 (KHTML, like Gecko) Version/4.0 Chrome/60.0.3112.107 Moblie Safari/537.36"
37.139.53.80 - - [25/Nov/2022:09:02:16 +0200] "GET /index.php HTTP/1.0" 200 50326 "http://meteoclima.hua.gr/index.php" "Mozilla/5.0 (Windows NT 10.0; WOW64) AppleWebKit/537.36 (KHTML, like Gecko) Chrome/90.0.4400.8 Safari/537.36"
37.139.53.80 - - [25/Nov/2022:09:02:17 +0200] "GET /index.php?option=com_content&view=article&id=101&Itemid=153 HTTP/1.0" 200 35574 "http://meteoclima.hua.gr/index.php?option=com_content&view=article&id=101&Itemid=153" "Mozilla/5.0 (Windows NT 10.0; WOW64) AppleWebKit/537.36 (KHTML, like Gecko) Chrome/90.0.4400.8 Safari/537.36"
37.139.53.80 - - [25/Nov/2022:09:02:17 +0200] "GET /index.php HTTP/1.0" 200 50126 "http://meteoclima.hua.gr/index.php" "Mozilla/5.0 (Windows NT 10.0; WOW64) AppleWebKit/537.36 (KHTML, like Gecko) Chrome/90.0.4400.8 Safari/537.36"
5.75.252.229 - - [25/Nov/2022:09:02:18 +0200] "POST /wp-json/wp_live_chat_support/v1/remote_upload HTTP/1.1" 404 546 "www.google.com" "Mozlila/5.0 (Linux; Android 7.0; SM-G892A Bulid/NRD90M; wv) AppleWebKit/537.36 (KHTML, like Gecko) Version/4.0 Chrome/60.0.3112.107 Moblie Safari/537.36"
5.75.252.229 - - [25/Nov/2022:09:02:19 +0200] "GET /wp-content/uploads/wp_live_chat/abruzi.php HTTP/1.1" 404 543 "www.google.com" "Mozlila/5.0 (Linux; Android 7.0; SM-G892A Bulid/NRD90M; wv) AppleWebKit/537.36 (KHTML, like Gecko) Version/4.0 Chrome/60.0.3112.107 Moblie Safari/537.36"
37.139.53.80 - - [25/Nov/2022:09:02:18 +0200] "GET /index.php?option=com_users&view=registration HTTP/1.0" 200 36772 "http://meteoclima.hua.gr/index.php?option=com_users&view=registration" "Mozilla/5.0 (Windows NT 10.0; WOW64) AppleWebKit/537.36 (KHTML, like Gecko) Chrome/90.0.4400.8 Safari/537.36"
37.139.53.80 - - [25/Nov/2022:09:02:19 +0200] "POST /index.php?option=com_users&task=registration.register HTTP/1.0" 303 246 "http://meteoclima.hua.gr/index.php?option=com_users&view=registration" "Mozilla/5.0 (Windows NT 10.0; WOW64) AppleWebKit/537.36 (KHTML, like Gecko) Chrome/90.0.4400.8 Safari/537.36"
37.139.53.80 - - [25/Nov/2022:09:02:20 +0200] "GET /index.php?option=com_users&view=registration&layout=complete HTTP/1.0" 200 33080 "http://meteoclima.hua.gr/index.php?option=com_users&view=registration&layout=complete" "Mozilla/5.0 (Windows NT 10.0; WOW64) AppleWebKit/537.36 (KHTML, like Gecko) Chrome/90.0.4400.8 Safari/537.36"
207.46.13.179 - - [25/Nov/2022:09:02:26 +0200] "GET /~varlamis HTTP/1.1" 301 4507 "-" "Mozilla/5.0 AppleWebKit/537.36 (KHTML, like Gecko; compatible; MicrosoftPreview/2.0; +https://aka.ms/MicrosoftPreview) Chrome/100.0.4896.127 Safari/537.36"
207.46.13.179 - - [25/Nov/2022:09:02:26 +0200] "GET /~varlamis/ HTTP/1.1" 200 4666 "-" "Mozilla/5.0 AppleWebKit/537.36 (KHTML, like Gecko; compatible; MicrosoftPreview/2.0; +https://aka.ms/MicrosoftPreview) Chrome/100.0.4896.127 Safari/537.36"
94.71.4.182 - - [25/Nov/2022:09:02:28 +0200] "GET /stations/geraki/ HTTP/1.1" 200 4652 "http://meteoclima.hua.gr/stations/geraki/" "Mozilla/5.0 (Linux; Android 10; SM-G965F) AppleWebKit/537.36 (KHTML, like Gecko) Chrome/107.0.0.0 Mobile Safari/537.36"
5.75.252.229 - - [25/Nov/2022:09:02:21 +0200] "POST /wp-admin/admin.php?page=html2wp-settings HTTP/1.1" 408 493 "www.google.com" "Mozlila/5.0 (Linux; Android 7.0; SM-G892A Bulid/NRD90M; wv) AppleWebKit/537.36 (KHTML, like Gecko) Version/4.0 Chrome/60.0.3112.107 Moblie Safari/537.36"
207.46.13.179 - - [25/Nov/2022:09:02:53 +0200] "GET /~varlamis HTTP/1.1" 301 4507 "-" "Mozilla/5.0 AppleWebKit/537.36 (KHTML, like Gecko; compatible; MicrosoftPreview/2.0; +https://aka.ms/MicrosoftPreview) Chrome/100.0.4896.127 Safari/537.36"
207.46.13.179 - - [25/Nov/2022:09:02:53 +0200] "GET /~varlamis/ HTTP/1.1" 200 4666 "-" "Mozilla/5.0 AppleWebKit/537.36 (KHTML, like Gecko; compatible; MicrosoftPreview/2.0; +https://aka.ms/MicrosoftPreview) Chrome/100.0.4896.127 Safari/537.36"
83.212.240.12 - - [25/Nov/2022:09:02:58 +0200] "POST /wp-cron.php?doing_wp_cron=1669359778.3154170513153076171875 HTTP/1.1" 200 166 "http://esa13thconference.eu/wp-cron.php?doing_wp_cron=1669359778.3154170513153076171875" "WordPress/4.9.6; http://esa13thconference.eu"
5.75.252.229 - - [25/Nov/2022:09:02:57 +0200] "GET /wp-admin/admin-ajax.php?action=p3dlite_handle_upload HTTP/1.1" 400 404 "-" "python-requests/2.28.1"
83.212.240.12 - - [25/Nov/2022:09:03:00 +0200] "POST /wp-cron.php?doing_wp_cron=1669359780.9194951057434082031250 HTTP/1.1" 200 166 "http://esa13thconference.eu/wp-cron.php?doing_wp_cron=1669359780.9194951057434082031250" "WordPress/4.9.6; http://esa13thconference.eu"
5.75.252.229 - - [25/Nov/2022:09:03:00 +0200] "GET /wp-admin/admin-ajax.php?action=_ning_upload_image HTTP/1.1" 400 404 "-" "python-requests/2.28.1"
5.75.252.229 - - [25/Nov/2022:09:03:02 +0200] "GET /wp-content/plugins/wp-file-manager/lib/php/connector.minimal.php HTTP/1.1" 404 565 "www.google.com" "Mozlila/5.0 (Linux; Android 7.0; SM-G892A Bulid/NRD90M; wv) AppleWebKit/537.36 (KHTML, like Gecko) Version/4.0 Chrome/60.0.3112.107 Moblie Safari/537.36"
5.75.252.229 - - [25/Nov/2022:09:03:03 +0200] "GET /wp-content/plugins/wp-file-manager-pro/lib/php/connector.minimal.php HTTP/1.1" 404 569 "www.google.com" "Mozlila/5.0 (Linux; Android 7.0; SM-G892A Bulid/NRD90M; wv) AppleWebKit/537.36 (KHTML, like Gecko) Version/4.0 Chrome/60.0.3112.107 Moblie Safari/537.36"
188.165.239.119 - - [25/Nov/2022:09:03:10 +0200] "GET /stations/derveni HTTP/1.1" 301 556 "-" "Go-http-client/1.1"
188.165.239.119 - - [25/Nov/2022:09:03:10 +0200] "GET /stations/derveni/ HTTP/1.1" 200 4440 "http://meteoclima.hua.gr/stations/derveni" "Go-http-client/1.1"
66.249.76.150 - - [25/Nov/2022:09:03:18 +0200] "GET /~elkesite/wp-content/uploads/2021/08/%CE%9D%CE%AD%CE%B5%CF%82-%CE%B4%CE%B9%CE%B1%CE%B4%CE%B9%CE%BA%CE%B1%CF%83%CE%AF%CE%B5%CF%82-%CF%80%CF%81%CE%BF%CE%BC%CE%B7%CE%B8%CE%B5%CE%B9%CF%8E%CE%BD-%CF%85%CF%80%CE%B7%CF%81%CE%B5%CF%83%CE%B9%CF%8E%CE%BD-%CE%9C%CE%9F%CE%94%CE%A5-%CE%95%CE%9B%CE%9A%CE%95-02-086-2021.pdf HTTP/1.1" 301 1185 "-" "Mozilla/5.0 (compatible; Googlebot/2.1; +http://www.google.com/bot.html)"
66.249.76.158 - - [25/Nov/2022:09:03:19 +0200] "GET /~elkesite/wp-content/uploads/2021/08/%CE%9D%CE%AD%CE%B5%CF%82-%CE%B4%CE%B9%CE%B1%CE%B4%CE%B9%CE%BA%CE%B1%CF%83%CE%AF%CE%B5%CF%82-%CF%80%CF%81%CE%BF%CE%BC%CE%B7%CE%B8%CE%B5%CE%B9%CF%8E%CE%BD-%CF%85%CF%80%CE%B7%CF%81%CE%B5%CF%83%CE%B9%CF%8E%CE%BD-%CE%9C%CE%9F%CE%94%CE%A5-%CE%95%CE%9B%CE%9A%CE%95-02-086-2021.pdf HTTP/1.1" 200 847224 "-" "Mozilla/5.0 (compatible; Googlebot/2.1; +http://www.google.com/bot.html)"
94.71.4.182 - - [25/Nov/2022:09:03:21 +0200] "-" 408 0 "-" "-"
83.212.240.12 - - [25/Nov/2022:09:03:33 +0200] "POST /wp-cron.php?doing_wp_cron=1669359813.4305520057678222656250 HTTP/1.1" 200 166 "http://esa13thconference.eu/wp-cron.php?doing_wp_cron=1669359813.4305520057678222656250" "WordPress/4.9.6; http://esa13thconference.eu"
80.88.88.149 - - [25/Nov/2022:09:03:32 +0200] "POST /wp-login.php HTTP/1.1" 200 2307 "-" "Mozilla/5.0 (Windows NT 10.0; WOW64) AppleWebKit/537.36 (KHTML, like Gecko) Chrome/57.0.2987.133 Safari/537.36"
94.65.67.241 - - [25/Nov/2022:09:04:07 +0200] "GET /labelgoogle.html HTTP/1.1" 200 553 "-" "Mozilla/5.0 (Windows NT 10.0; Win64; x64; rv:107.0) Gecko/20100101 Firefox/107.0"
74.208.68.9 - - [25/Nov/2022:09:04:11 +0200] "GET /stations/Harokopio-Athens/downld02.txt HTTP/1.1" 200 8063 "-" "Mozilla/5.0 (Windows NT 10.0; Win64; x64; rv:69.0) Gecko/20100101 Firefox/69.0"
74.208.68.9 - - [25/Nov/2022:09:04:13 +0200] "GET /stations/Delacroix-Attiki/downld02.txt HTTP/1.1" 200 6941 "-" "Mozilla/5.0 (Windows NT 10.0; Win64; x64; rv:69.0) Gecko/20100101 Firefox/69.0"
74.208.68.9 - - [25/Nov/2022:09:04:20 +0200] "GET /stations/geraki/downld02.txt HTTP/1.1" 200 6724 "-" "Mozilla/5.0 (Windows NT 10.0; Win64; x64; rv:69.0) Gecko/20100101 Firefox/69.0"
74.208.68.9 - - [25/Nov/2022:09:04:27 +0200] "GET /stations/derveni/downld02.txt HTTP/1.1" 200 6635 "-" "Mozilla/5.0 (Windows NT 10.0; Win64; x64; rv:69.0) Gecko/20100101 Firefox/69.0"
37.139.53.70 - - [25/Nov/2022:09:04:42 +0200] "GET /index.php HTTP/1.0" 200 50325 "http://meteoclima.hua.gr/index.php" "Mozilla/5.0 (Windows NT 10.0; WOW64) AppleWebKit/537.36 (KHTML, like Gecko) Chrome/90.0.4400.8 Safari/537.36"
37.139.53.70 - - [25/Nov/2022:09:04:43 +0200] "GET /index.php?option=com_content&view=article&id=101&Itemid=153 HTTP/1.0" 200 35574 "http://meteoclima.hua.gr/index.php?option=com_content&view=article&id=101&Itemid=153" "Mozilla/5.0 (Windows NT 10.0; WOW64) AppleWebKit/537.36 (KHTML, like Gecko) Chrome/90.0.4400.8 Safari/537.36"
37.139.53.70 - - [25/Nov/2022:09:04:43 +0200] "GET /index.php HTTP/1.0" 200 50126 "http://meteoclima.hua.gr/index.php" "Mozilla/5.0 (Windows NT 10.0; WOW64) AppleWebKit/537.36 (KHTML, like Gecko) Chrome/90.0.4400.8 Safari/537.36"
37.139.53.70 - - [25/Nov/2022:09:04:44 +0200] "GET /index.php?option=com_users&view=registration HTTP/1.0" 200 36772 "http://meteoclima.hua.gr/index.php?option=com_users&view=registration" "Mozilla/5.0 (Windows NT 10.0; WOW64) AppleWebKit/537.36 (KHTML, like Gecko) Chrome/90.0.4400.8 Safari/537.36"
37.139.53.70 - - [25/Nov/2022:09:04:44 +0200] "POST /index.php?option=com_users&task=registration.register HTTP/1.0" 303 246 "http://meteoclima.hua.gr/index.php?option=com_users&view=registration" "Mozilla/5.0 (Windows NT 10.0; WOW64) AppleWebKit/537.36 (KHTML, like Gecko) Chrome/90.0.4400.8 Safari/537.36"
37.139.53.70 - - [25/Nov/2022:09:04:46 +0200] "GET /index.php?option=com_users&view=registration&layout=complete HTTP/1.0" 200 33080 "http://meteoclima.hua.gr/index.php?option=com_users&view=registration&layout=complete" "Mozilla/5.0 (Windows NT 10.0; WOW64) AppleWebKit/537.36 (KHTML, like Gecko) Chrome/90.0.4400.8 Safari/537.36"
74.208.68.9 - - [25/Nov/2022:09:04:46 +0200] "GET /stations/salamina/downld02.txt HTTP/1.1" 200 5549 "-" "Mozilla/5.0 (Windows NT 10.0; Win64; x64; rv:69.0) Gecko/20100101 Firefox/69.0"
83.212.240.12 - - [25/Nov/2022:09:04:59 +0200] "POST /wp-cron.php?doing_wp_cron=1669359899.9834411144256591796875 HTTP/1.1" 200 166 "http://esa13thconference.eu/wp-cron.php?doing_wp_cron=1669359899.9834411144256591796875" "WordPress/4.9.6; http://esa13thconference.eu"
157.245.204.23 - - [25/Nov/2022:09:04:59 +0200] "POST /wp-login.php HTTP/1.1" 200 2309 "-" "Mozilla/5.0 (Windows NT 6.1; WOW64) AppleWebKit/537.36 (KHTML, like Gecko) Chrome/48.0.2564.109 Safari/537.36"
159.223.33.31 - - [25/Nov/2022:09:05:04 +0200] "GET //wp-admin/setup-config.php?step=1 HTTP/1.1" 404 523 "-" "python-requests/2.18.4"
194.219.202.34 - - [25/Nov/2022:09:05:16 +0200] "GET /otrs/customer.pl HTTP/1.1" 301 597 "-" "Mozilla/5.0 (Windows NT 10.0; Win64; x64; rv:107.0) Gecko/20100101 Firefox/107.0"
194.219.202.34 - - [25/Nov/2022:09:05:16 +0200] "GET /otrs/customer.pl HTTP/1.1" 200 8606 "-" "Mozilla/5.0 (Windows NT 10.0; Win64; x64; rv:107.0) Gecko/20100101 Firefox/107.0"
194.219.202.34 - - [25/Nov/2022:09:05:28 +0200] "GET /otrs-web/skins/Customer/default/css-cache/CommonCSS_aa99ebf30c86e0a3449f1d5fb46ebb8a.css HTTP/1.1" 200 15517 "https://webms.hua.gr/otrs/customer.pl" "Mozilla/5.0 (Windows NT 10.0; Win64; x64; rv:107.0) Gecko/20100101 Firefox/107.0"
194.219.202.34 - - [25/Nov/2022:09:05:28 +0200] "GET /otrs-web/skins/Customer/default/css/thirdparty/ui-theme/jquery-ui.css HTTP/1.1" 200 4714 "https://webms.hua.gr/otrs/customer.pl" "Mozilla/5.0 (Windows NT 10.0; Win64; x64; rv:107.0) Gecko/20100101 Firefox/107.0"
194.219.202.34 - - [25/Nov/2022:09:05:28 +0200] "GET /otrs-web/skins/Customer/default/css/thirdparty/jstree-theme/default/style.css HTTP/1.1" 200 1648 "https://webms.hua.gr/otrs/customer.pl" "Mozilla/5.0 (Windows NT 10.0; Win64; x64; rv:107.0) Gecko/20100101 Firefox/107.0"
194.219.202.34 - - [25/Nov/2022:09:05:28 +0200] "GET /otrs-web/js/js-cache/ModuleJS_57c21cd086c20688f0cfaf2544e819be.js HTTP/1.1" 200 1563 "https://webms.hua.gr/otrs/customer.pl" "Mozilla/5.0 (Windows NT 10.0; Win64; x64; rv:107.0) Gecko/20100101 Firefox/107.0"
194.219.202.34 - - [25/Nov/2022:09:05:28 +0200] "GET /otrs-web/skins/Customer/default/css-cache/ResponsiveCSS_db22ce69484bd540371f0f205aff79ee.css HTTP/1.1" 200 1910 "https://webms.hua.gr/otrs/customer.pl" "Mozilla/5.0 (Windows NT 10.0; Win64; x64; rv:107.0) Gecko/20100101 Firefox/107.0"
194.219.202.34 - - [25/Nov/2022:09:05:28 +0200] "GET /otrs-web/skins/Customer/default/img/back.jpg HTTP/1.1" 200 1262 "https://webms.hua.gr/otrs-web/skins/Customer/default/css-cache/CommonCSS_aa99ebf30c86e0a3449f1d5fb46ebb8a.css" "Mozilla/5.0 (Windows NT 10.0; Win64; x64; rv:107.0) Gecko/20100101 Firefox/107.0"
194.219.202.34 - - [25/Nov/2022:09:05:29 +0200] "GET /otrs-web/skins/Customer/default/img/body_bg.png HTTP/1.1" 200 459 "https://webms.hua.gr/otrs-web/skins/Customer/default/css-cache/CommonCSS_aa99ebf30c86e0a3449f1d5fb46ebb8a.css" "Mozilla/5.0 (Windows NT 10.0; Win64; x64; rv:107.0) Gecko/20100101 Firefox/107.0"
194.219.202.34 - - [25/Nov/2022:09:05:28 +0200] "GET /otrs-web/js/js-cache/CommonJS_c3149a47b8a6ebcb29543fb2279192f8.js HTTP/1.1" 200 139442 "https://webms.hua.gr/otrs/customer.pl" "Mozilla/5.0 (Windows NT 10.0; Win64; x64; rv:107.0) Gecko/20100101 Firefox/107.0"
194.219.202.34 - - [25/Nov/2022:09:05:29 +0200] "GET /otrs-web/skins/Agent/default/img/icons/apple-touch-icon.png HTTP/1.1" 200 5117 "https://webms.hua.gr/otrs/customer.pl" "Mozilla/5.0 (Windows NT 10.0; Win64; x64; rv:107.0) Gecko/20100101 Firefox/107.0"
194.219.202.34 - - [25/Nov/2022:09:05:29 +0200] "GET /otrs-web/skins/Agent/default/img/icons/product.ico HTTP/1.1" 200 1508 "https://webms.hua.gr/otrs/customer.pl" "Mozilla/5.0 (Windows NT 10.0; Win64; x64; rv:107.0) Gecko/20100101 Firefox/107.0"
194.219.202.34 - - [25/Nov/2022:09:05:39 +0200] "POST /otrs/customer.pl HTTP/1.1" 200 4944 "https://webms.hua.gr/otrs/customer.pl" "Mozilla/5.0 (Windows NT 10.0; Win64; x64; rv:107.0) Gecko/20100101 Firefox/107.0"
194.219.202.34 - - [25/Nov/2022:09:05:46 +0200] "POST /otrs/customer.pl HTTP/1.1" 302 741 "https://webms.hua.gr/otrs/customer.pl" "Mozilla/5.0 (Windows NT 10.0; Win64; x64; rv:107.0) Gecko/20100101 Firefox/107.0"
194.219.202.34 - - [25/Nov/2022:09:05:47 +0200] "GET /otrs/customer.pl? HTTP/1.1" 302 441 "https://webms.hua.gr/otrs/customer.pl" "Mozilla/5.0 (Windows NT 10.0; Win64; x64; rv:107.0) Gecko/20100101 Firefox/107.0"
207.46.13.179 - - [25/Nov/2022:09:05:49 +0200] "GET /~varlamis HTTP/1.1" 301 4507 "-" "Mozilla/5.0 AppleWebKit/537.36 (KHTML, like Gecko; compatible; MicrosoftPreview/2.0; +https://aka.ms/MicrosoftPreview) Chrome/100.0.4896.127 Safari/537.36"
207.46.13.179 - - [25/Nov/2022:09:05:49 +0200] "GET /~varlamis/ HTTP/1.1" 200 4666 "-" "Mozilla/5.0 AppleWebKit/537.36 (KHTML, like Gecko; compatible; MicrosoftPreview/2.0; +https://aka.ms/MicrosoftPreview) Chrome/100.0.4896.127 Safari/537.36"
194.219.202.34 - - [25/Nov/2022:09:05:47 +0200] "GET /otrs/customer.pl?Action=CustomerTicketOverview;Subaction=MyTickets HTTP/1.1" 200 5557 "https://webms.hua.gr/otrs/customer.pl" "Mozilla/5.0 (Windows NT 10.0; Win64; x64; rv:107.0) Gecko/20100101 Firefox/107.0"
91.220.176.250 - - [25/Nov/2022:09:05:54 +0200] "GET /stations/Delacroix-Attiki/?CFID=bf163e6c-a6cc-4d4c-868d-322275106718&CFTOKEN=0 HTTP/1.1" 200 4538 "-" "Mozilla/5.0 (Windows NT 10.0; Win64; x64; rv:107.0) Gecko/20100101 Firefox/107.0"
91.220.176.250 - - [25/Nov/2022:09:05:54 +0200] "GET /stations/Delacroix-Attiki/logo.jpg HTTP/1.1" 200 5545 "http://meteoclima.hua.gr/stations/Delacroix-Attiki/?CFID=bf163e6c-a6cc-4d4c-868d-322275106718&CFTOKEN=0" "Mozilla/5.0 (Windows NT 10.0; Win64; x64; rv:107.0) Gecko/20100101 Firefox/107.0"
91.220.176.250 - - [25/Nov/2022:09:05:54 +0200] "GET /stations/Delacroix-Attiki/OutsideTempHistory.gif HTTP/1.1" 200 12954 "http://meteoclima.hua.gr/stations/Delacroix-Attiki/?CFID=bf163e6c-a6cc-4d4c-868d-322275106718&CFTOKEN=0" "Mozilla/5.0 (Windows NT 10.0; Win64; x64; rv:107.0) Gecko/20100101 Firefox/107.0"
91.220.176.250 - - [25/Nov/2022:09:05:54 +0200] "GET /stations/Delacroix-Attiki/Davis.jpg HTTP/1.1" 200 7493 "http://meteoclima.hua.gr/stations/Delacroix-Attiki/?CFID=bf163e6c-a6cc-4d4c-868d-322275106718&CFTOKEN=0" "Mozilla/5.0 (Windows NT 10.0; Win64; x64; rv:107.0) Gecko/20100101 Firefox/107.0"
91.220.176.250 - - [25/Nov/2022:09:05:54 +0200] "GET /stations/Delacroix-Attiki/RainHistory.gif HTTP/1.1" 200 11716 "http://meteoclima.hua.gr/stations/Delacroix-Attiki/?CFID=bf163e6c-a6cc-4d4c-868d-322275106718&CFTOKEN=0" "Mozilla/5.0 (Windows NT 10.0; Win64; x64; rv:107.0) Gecko/20100101 Firefox/107.0"
91.220.176.250 - - [25/Nov/2022:09:05:54 +0200] "GET /stations/Delacroix-Attiki/OutsideHumidityHistory.gif HTTP/1.1" 200 12735 "http://meteoclima.hua.gr/stations/Delacroix-Attiki/?CFID=bf163e6c-a6cc-4d4c-868d-322275106718&CFTOKEN=0" "Mozilla/5.0 (Windows NT 10.0; Win64; x64; rv:107.0) Gecko/20100101 Firefox/107.0"
91.220.176.250 - - [25/Nov/2022:09:05:54 +0200] "GET /stations/Delacroix-Attiki/RainRateHistory.gif HTTP/1.1" 200 11887 "http://meteoclima.hua.gr/stations/Delacroix-Attiki/?CFID=bf163e6c-a6cc-4d4c-868d-322275106718&CFTOKEN=0" "Mozilla/5.0 (Windows NT 10.0; Win64; x64; rv:107.0) Gecko/20100101 Firefox/107.0"
91.220.176.250 - - [25/Nov/2022:09:05:54 +0200] "GET /stations/Delacroix-Attiki/WindDirectionHistory.gif HTTP/1.1" 200 13131 "http://meteoclima.hua.gr/stations/Delacroix-Attiki/?CFID=bf163e6c-a6cc-4d4c-868d-322275106718&CFTOKEN=0" "Mozilla/5.0 (Windows NT 10.0; Win64; x64; rv:107.0) Gecko/20100101 Firefox/107.0"
91.220.176.250 - - [25/Nov/2022:09:05:54 +0200] "GET /stations/Delacroix-Attiki/BarometerHistory.gif HTTP/1.1" 200 13324 "http://meteoclima.hua.gr/stations/Delacroix-Attiki/?CFID=bf163e6c-a6cc-4d4c-868d-322275106718&CFTOKEN=0" "Mozilla/5.0 (Windows NT 10.0; Win64; x64; rv:107.0) Gecko/20100101 Firefox/107.0"
91.220.176.250 - - [25/Nov/2022:09:05:54 +0200] "GET /stations/Delacroix-Attiki/DewPointHistory.gif HTTP/1.1" 200 13569 "http://meteoclima.hua.gr/stations/Delacroix-Attiki/?CFID=bf163e6c-a6cc-4d4c-868d-322275106718&CFTOKEN=0" "Mozilla/5.0 (Windows NT 10.0; Win64; x64; rv:107.0) Gecko/20100101 Firefox/107.0"
91.220.176.250 - - [25/Nov/2022:09:05:54 +0200] "GET /stations/Delacroix-Attiki/WindDirection.gif HTTP/1.1" 200 4882 "http://meteoclima.hua.gr/stations/Delacroix-Attiki/?CFID=bf163e6c-a6cc-4d4c-868d-322275106718&CFTOKEN=0" "Mozilla/5.0 (Windows NT 10.0; Win64; x64; rv:107.0) Gecko/20100101 Firefox/107.0"
91.220.176.250 - - [25/Nov/2022:09:05:54 +0200] "GET /stations/Delacroix-Attiki/WindSpeed.gif HTTP/1.1" 200 4910 "http://meteoclima.hua.gr/stations/Delacroix-Attiki/?CFID=bf163e6c-a6cc-4d4c-868d-322275106718&CFTOKEN=0" "Mozilla/5.0 (Windows NT 10.0; Win64; x64; rv:107.0) Gecko/20100101 Firefox/107.0"
91.220.176.250 - - [25/Nov/2022:09:05:54 +0200] "GET /stations/Delacroix-Attiki/WindSpeedHistory.gif HTTP/1.1" 200 13916 "http://meteoclima.hua.gr/stations/Delacroix-Attiki/?CFID=bf163e6c-a6cc-4d4c-868d-322275106718&CFTOKEN=0" "Mozilla/5.0 (Windows NT 10.0; Win64; x64; rv:107.0) Gecko/20100101 Firefox/107.0"
91.220.176.250 - - [25/Nov/2022:09:05:54 +0200] "GET /stations/Delacroix-Attiki/10MinAvgWindSpeed.gif HTTP/1.1" 200 4913 "http://meteoclima.hua.gr/stations/Delacroix-Attiki/?CFID=bf163e6c-a6cc-4d4c-868d-322275106718&CFTOKEN=0" "Mozilla/5.0 (Windows NT 10.0; Win64; x64; rv:107.0) Gecko/20100101 Firefox/107.0"
91.220.176.250 - - [25/Nov/2022:09:05:54 +0200] "GET /stations/Delacroix-Attiki/RainStorm.gif HTTP/1.1" 200 4924 "http://meteoclima.hua.gr/stations/Delacroix-Attiki/?CFID=bf163e6c-a6cc-4d4c-868d-322275106718&CFTOKEN=0" "Mozilla/5.0 (Windows NT 10.0; Win64; x64; rv:107.0) Gecko/20100101 Firefox/107.0"
91.220.176.250 - - [25/Nov/2022:09:05:54 +0200] "GET /stations/Delacroix-Attiki/Rain.gif HTTP/1.1" 200 4906 "http://meteoclima.hua.gr/stations/Delacroix-Attiki/?CFID=bf163e6c-a6cc-4d4c-868d-322275106718&CFTOKEN=0" "Mozilla/5.0 (Windows NT 10.0; Win64; x64; rv:107.0) Gecko/20100101 Firefox/107.0"
91.220.176.250 - - [25/Nov/2022:09:05:54 +0200] "GET /stations/Delacroix-Attiki/RainRate.gif HTTP/1.1" 200 6185 "http://meteoclima.hua.gr/stations/Delacroix-Attiki/?CFID=bf163e6c-a6cc-4d4c-868d-322275106718&CFTOKEN=0" "Mozilla/5.0 (Windows NT 10.0; Win64; x64; rv:107.0) Gecko/20100101 Firefox/107.0"
91.220.176.250 - - [25/Nov/2022:09:05:54 +0200] "GET /stations/Delacroix-Attiki/MonthlyRain.gif HTTP/1.1" 200 5050 "http://meteoclima.hua.gr/stations/Delacroix-Attiki/?CFID=bf163e6c-a6cc-4d4c-868d-322275106718&CFTOKEN=0" "Mozilla/5.0 (Windows NT 10.0; Win64; x64; rv:107.0) Gecko/20100101 Firefox/107.0"
91.220.176.250 - - [25/Nov/2022:09:05:54 +0200] "GET /stations/Delacroix-Attiki/meteoSearchBanner.jpg HTTP/1.1" 200 5397 "http://meteoclima.hua.gr/stations/Delacroix-Attiki/?CFID=bf163e6c-a6cc-4d4c-868d-322275106718&CFTOKEN=0" "Mozilla/5.0 (Windows NT 10.0; Win64; x64; rv:107.0) Gecko/20100101 Firefox/107.0"
91.220.176.250 - - [25/Nov/2022:09:05:54 +0200] "GET /stations/Delacroix-Attiki/YearlyRain.gif HTTP/1.1" 200 5519 "http://meteoclima.hua.gr/stations/Delacroix-Attiki/?CFID=bf163e6c-a6cc-4d4c-868d-322275106718&CFTOKEN=0" "Mozilla/5.0 (Windows NT 10.0; Win64; x64; rv:107.0) Gecko/20100101 Firefox/107.0"
91.220.176.250 - - [25/Nov/2022:09:05:54 +0200] "GET /stations/Delacroix-Attiki/%CE%A4%CE%B1%20%CE%AD%CE%B3%CE%B3%CF%81%CE%B1%CF%86%CE%AC%20%CE%BC%CE%BF%CF%85/noa/meteo_stations/%CE%A4%CE%B1%20%CE%AD%CE%B3%CE%B3%CF%81%CE%B1%CF%86%CE%AC%20%CE%BC%CE%BF%CF%85/noa/meteo_stations/%CE%A4%CE%B1%20%CE%AD%CE%B3%CE%B3%CF%81%CE%B1%CF%86%CE%AC%20%CE%BC%CE%BF%CF%85/noa/meteo_stations/Pl_wa012.ico HTTP/1.1" 404 673 "http://meteoclima.hua.gr/stations/Delacroix-Attiki/?CFID=bf163e6c-a6cc-4d4c-868d-322275106718&CFTOKEN=0" "Mozilla/5.0 (Windows NT 10.0; Win64; x64; rv:107.0) Gecko/20100101 Firefox/107.0"
::1 - - [25/Nov/2022:09:06:00 +0200] "OPTIONS * HTTP/1.0" 200 126 "-" "Apache/2.4.10 (Debian) OpenSSL/1.0.1t mod_perl/2.0.9dev Perl/v5.20.2 (internal dummy connection)"
83.212.240.12 - - [25/Nov/2022:09:06:22 +0200] "POST /wp-cron.php?doing_wp_cron=1669359982.5648970603942871093750 HTTP/1.1" 200 166 "http://esa13thconference.eu/wp-cron.php?doing_wp_cron=1669359982.5648970603942871093750" "WordPress/4.9.6; http://esa13thconference.eu"
202.21.38.119 - - [25/Nov/2022:09:06:21 +0200] "POST /wp-login.php HTTP/1.1" 200 2300 "-" "Mozilla/5.0 (Windows NT 10.0; WOW64) AppleWebKit/537.36 (KHTML, like Gecko) Chrome/56.0.2924.87 Safari/537.36"
207.46.13.179 - - [25/Nov/2022:09:06:25 +0200] "GET /~varlamis HTTP/1.1" 301 4507 "-" "Mozilla/5.0 AppleWebKit/537.36 (KHTML, like Gecko; compatible; MicrosoftPreview/2.0; +https://aka.ms/MicrosoftPreview) Chrome/100.0.4896.127 Safari/537.36"
207.46.13.179 - - [25/Nov/2022:09:06:25 +0200] "GET /~varlamis HTTP/1.1" 301 4507 "-" "Mozilla/5.0 AppleWebKit/537.36 (KHTML, like Gecko; compatible; MicrosoftPreview/2.0; +https://aka.ms/MicrosoftPreview) Chrome/100.0.4896.127 Safari/537.36"
207.46.13.179 - - [25/Nov/2022:09:06:25 +0200] "GET /~varlamis HTTP/1.1" 301 4507 "-" "Mozilla/5.0 AppleWebKit/537.36 (KHTML, like Gecko; compatible; MicrosoftPreview/2.0; +https://aka.ms/MicrosoftPreview) Chrome/100.0.4896.127 Safari/537.36"
207.46.13.179 - - [25/Nov/2022:09:06:25 +0200] "GET /~varlamis/ HTTP/1.1" 200 4666 "-" "Mozilla/5.0 AppleWebKit/537.36 (KHTML, like Gecko; compatible; MicrosoftPreview/2.0; +https://aka.ms/MicrosoftPreview) Chrome/100.0.4896.127 Safari/537.36"
207.46.13.179 - - [25/Nov/2022:09:06:25 +0200] "GET /~varlamis HTTP/1.1" 301 4507 "-" "Mozilla/5.0 AppleWebKit/537.36 (KHTML, like Gecko; compatible; MicrosoftPreview/2.0; +https://aka.ms/MicrosoftPreview) Chrome/100.0.4896.127 Safari/537.36"
207.46.13.179 - - [25/Nov/2022:09:06:26 +0200] "GET /~varlamis/ HTTP/1.1" 200 4666 "-" "Mozilla/5.0 AppleWebKit/537.36 (KHTML, like Gecko; compatible; MicrosoftPreview/2.0; +https://aka.ms/MicrosoftPreview) Chrome/100.0.4896.127 Safari/537.36"
207.46.13.179 - - [25/Nov/2022:09:06:26 +0200] "GET /~varlamis/ HTTP/1.1" 200 4666 "-" "Mozilla/5.0 AppleWebKit/537.36 (KHTML, like Gecko; compatible; MicrosoftPreview/2.0; +https://aka.ms/MicrosoftPreview) Chrome/100.0.4896.127 Safari/537.36"
207.46.13.179 - - [25/Nov/2022:09:06:26 +0200] "GET /~varlamis/ HTTP/1.1" 200 4666 "-" "Mozilla/5.0 AppleWebKit/537.36 (KHTML, like Gecko; compatible; MicrosoftPreview/2.0; +https://aka.ms/MicrosoftPreview) Chrome/100.0.4896.127 Safari/537.36"
109.178.239.125 - - [25/Nov/2022:09:06:50 +0200] "GET /stations/salamina/ HTTP/1.1" 200 4488 "-" "Mozilla/5.0 (Linux; Android 10; CLT-L09) AppleWebKit/537.36 (KHTML, like Gecko) Chrome/107.0.0.0 Mobile Safari/537.36"
109.178.239.125 - - [25/Nov/2022:09:06:50 +0200] "GET /stations/salamina/pep-logo.jpg HTTP/1.1" 200 52126 "http://meteoclima.hua.gr/stations/salamina/" "Mozilla/5.0 (Linux; Android 10; CLT-L09) AppleWebKit/537.36 (KHTML, like Gecko) Chrome/107.0.0.0 Mobile Safari/537.36"
109.178.239.125 - - [25/Nov/2022:09:06:50 +0200] "GET /stations/salamina/OutsideHumidityHistory.gif HTTP/1.1" 200 13274 "http://meteoclima.hua.gr/stations/salamina/" "Mozilla/5.0 (Linux; Android 10; CLT-L09) AppleWebKit/537.36 (KHTML, like Gecko) Chrome/107.0.0.0 Mobile Safari/537.36"
109.178.239.125 - - [25/Nov/2022:09:06:50 +0200] "GET /stations/salamina/OutsideTempHistory.gif HTTP/1.1" 200 12604 "http://meteoclima.hua.gr/stations/salamina/" "Mozilla/5.0 (Linux; Android 10; CLT-L09) AppleWebKit/537.36 (KHTML, like Gecko) Chrome/107.0.0.0 Mobile Safari/537.36"
109.178.239.125 - - [25/Nov/2022:09:06:50 +0200] "GET /stations/salamina/RainHistory.gif HTTP/1.1" 200 11763 "http://meteoclima.hua.gr/stations/salamina/" "Mozilla/5.0 (Linux; Android 10; CLT-L09) AppleWebKit/537.36 (KHTML, like Gecko) Chrome/107.0.0.0 Mobile Safari/537.36"
109.178.239.125 - - [25/Nov/2022:09:06:50 +0200] "GET /stations/salamina/RainRateHistory.gif HTTP/1.1" 200 11935 "http://meteoclima.hua.gr/stations/salamina/" "Mozilla/5.0 (Linux; Android 10; CLT-L09) AppleWebKit/537.36 (KHTML, like Gecko) Chrome/107.0.0.0 Mobile Safari/537.36"
109.178.239.125 - - [25/Nov/2022:09:06:50 +0200] "GET /stations/salamina/WindSpeedHistory.gif HTTP/1.1" 200 13239 "http://meteoclima.hua.gr/stations/salamina/" "Mozilla/5.0 (Linux; Android 10; CLT-L09) AppleWebKit/537.36 (KHTML, like Gecko) Chrome/107.0.0.0 Mobile Safari/537.36"
109.178.239.125 - - [25/Nov/2022:09:06:50 +0200] "GET /stations/salamina/WindDirectionHistory.gif HTTP/1.1" 200 13171 "http://meteoclima.hua.gr/stations/salamina/" "Mozilla/5.0 (Linux; Android 10; CLT-L09) AppleWebKit/537.36 (KHTML, like Gecko) Chrome/107.0.0.0 Mobile Safari/537.36"
109.178.239.125 - - [25/Nov/2022:09:06:50 +0200] "GET /stations/salamina/DewPointHistory.gif HTTP/1.1" 200 13488 "http://meteoclima.hua.gr/stations/salamina/" "Mozilla/5.0 (Linux; Android 10; CLT-L09) AppleWebKit/537.36 (KHTML, like Gecko) Chrome/107.0.0.0 Mobile Safari/537.36"
109.178.239.125 - - [25/Nov/2022:09:06:50 +0200] "GET /stations/salamina/BarometerHistory.gif HTTP/1.1" 200 12930 "http://meteoclima.hua.gr/stations/salamina/" "Mozilla/5.0 (Linux; Android 10; CLT-L09) AppleWebKit/537.36 (KHTML, like Gecko) Chrome/107.0.0.0 Mobile Safari/537.36"
109.178.239.125 - - [25/Nov/2022:09:06:50 +0200] "GET /stations/salamina/WindSpeed.gif HTTP/1.1" 200 4837 "http://meteoclima.hua.gr/stations/salamina/" "Mozilla/5.0 (Linux; Android 10; CLT-L09) AppleWebKit/537.36 (KHTML, like Gecko) Chrome/107.0.0.0 Mobile Safari/537.36"
109.178.239.125 - - [25/Nov/2022:09:06:50 +0200] "GET /stations/salamina/WindDirection.gif HTTP/1.1" 200 4894 "http://meteoclima.hua.gr/stations/salamina/" "Mozilla/5.0 (Linux; Android 10; CLT-L09) AppleWebKit/537.36 (KHTML, like Gecko) Chrome/107.0.0.0 Mobile Safari/537.36"
109.178.239.125 - - [25/Nov/2022:09:06:50 +0200] "GET /stations/salamina/10MinAvgWindSpeed.gif HTTP/1.1" 200 4910 "http://meteoclima.hua.gr/stations/salamina/" "Mozilla/5.0 (Linux; Android 10; CLT-L09) AppleWebKit/537.36 (KHTML, like Gecko) Chrome/107.0.0.0 Mobile Safari/537.36"
109.178.239.125 - - [25/Nov/2022:09:06:50 +0200] "GET /stations/salamina/Rain.gif HTTP/1.1" 200 4906 "http://meteoclima.hua.gr/stations/salamina/" "Mozilla/5.0 (Linux; Android 10; CLT-L09) AppleWebKit/537.36 (KHTML, like Gecko) Chrome/107.0.0.0 Mobile Safari/537.36"
109.178.239.125 - - [25/Nov/2022:09:06:50 +0200] "GET /stations/salamina/RainRate.gif HTTP/1.1" 200 6178 "http://meteoclima.hua.gr/stations/salamina/" "Mozilla/5.0 (Linux; Android 10; CLT-L09) AppleWebKit/537.36 (KHTML, like Gecko) Chrome/107.0.0.0 Mobile Safari/537.36"
109.178.239.125 - - [25/Nov/2022:09:06:50 +0200] "GET /stations/salamina/RainStorm.gif HTTP/1.1" 200 4923 "http://meteoclima.hua.gr/stations/salamina/" "Mozilla/5.0 (Linux; Android 10; CLT-L09) AppleWebKit/537.36 (KHTML, like Gecko) Chrome/107.0.0.0 Mobile Safari/537.36"
109.178.239.125 - - [25/Nov/2022:09:06:50 +0200] "GET /stations/salamina/MonthlyRain.gif HTTP/1.1" 200 4807 "http://meteoclima.hua.gr/stations/salamina/" "Mozilla/5.0 (Linux; Android 10; CLT-L09) AppleWebKit/537.36 (KHTML, like Gecko) Chrome/107.0.0.0 Mobile Safari/537.36"
109.178.239.125 - - [25/Nov/2022:09:06:50 +0200] "GET /stations/salamina/YearlyRain.gif HTTP/1.1" 200 5018 "http://meteoclima.hua.gr/stations/salamina/" "Mozilla/5.0 (Linux; Android 10; CLT-L09) AppleWebKit/537.36 (KHTML, like Gecko) Chrome/107.0.0.0 Mobile Safari/537.36"
109.178.239.125 - - [25/Nov/2022:09:06:50 +0200] "GET /stations/salamina/%CE%A4%CE%B1%20%CE%AD%CE%B3%CE%B3%CF%81%CE%B1%CF%86%CE%AC%20%CE%BC%CE%BF%CF%85/noa/meteo_stations/%CE%A4%CE%B1%20%CE%AD%CE%B3%CE%B3%CF%81%CE%B1%CF%86%CE%AC%20%CE%BC%CE%BF%CF%85/noa/meteo_stations/%CE%A4%CE%B1%20%CE%AD%CE%B3%CE%B3%CF%81%CE%B1%CF%86%CE%AC%20%CE%BC%CE%BF%CF%85/noa/meteo_stations/Pl_wa012.ico HTTP/1.1" 404 665 "http://meteoclima.hua.gr/stations/salamina/" "Mozilla/5.0 (Linux; Android 10; CLT-L09) AppleWebKit/537.36 (KHTML, like Gecko) Chrome/107.0.0.0 Mobile Safari/537.36"
216.117.143.165 - - [25/Nov/2022:09:07:30 +0200] "GET /stations/Delacroix-Attiki/ HTTP/1.1" 200 26916 "https://www.dealnews.gr/roi/item/358477-%CE%A3%CE%B5-%CE%B8%CE%B5%CF%84%CE%B9%CE%BA%CF%8C-%CE%AD%CE%B4%CE%B1%CF%86%CE%BF%CF%82-%CF%84%CE%BF-%CF%84%CE%B1%CE%BC%CF%80%CE%BB%CF%8C-%CF%84%CE%B7%CF%82-%CE%91%CE%B8%CE%AE%CE%BD%CE%B1%CF%82" "example.com (compatible; Mozilla/5.0)"
94.65.67.241 - - [25/Nov/2022:09:08:07 +0200] "GET / HTTP/1.1" 200 11199 "-" "Mozilla/5.0 (Windows NT 10.0; Win64; x64; rv:107.0) Gecko/20100101 Firefox/107.0"
94.65.67.241 - - [25/Nov/2022:09:08:08 +0200] "GET /media/jui/js/jquery-noconflict.js HTTP/1.1" 304 180 "http://meteoclima.hua.gr/" "Mozilla/5.0 (Windows NT 10.0; Win64; x64; rv:107.0) Gecko/20100101 Firefox/107.0"
94.65.67.241 - - [25/Nov/2022:09:08:08 +0200] "GET /media/jui/js/jquery-migrate.min.js HTTP/1.1" 200 3415 "http://meteoclima.hua.gr/" "Mozilla/5.0 (Windows NT 10.0; Win64; x64; rv:107.0) Gecko/20100101 Firefox/107.0"
94.65.67.241 - - [25/Nov/2022:09:08:08 +0200] "GET /media/system/js/core.js HTTP/1.1" 200 2030 "http://meteoclima.hua.gr/" "Mozilla/5.0 (Windows NT 10.0; Win64; x64; rv:107.0) Gecko/20100101 Firefox/107.0"
94.65.67.241 - - [25/Nov/2022:09:08:08 +0200] "GET /media/system/js/mootools-core.js HTTP/1.1" 200 27269 "http://meteoclima.hua.gr/" "Mozilla/5.0 (Windows NT 10.0; Win64; x64; rv:107.0) Gecko/20100101 Firefox/107.0"
94.65.67.241 - - [25/Nov/2022:09:08:08 +0200] "GET /media/jui/js/jquery.min.js HTTP/1.1" 200 33579 "http://meteoclima.hua.gr/" "Mozilla/5.0 (Windows NT 10.0; Win64; x64; rv:107.0) Gecko/20100101 Firefox/107.0"
94.65.67.241 - - [25/Nov/2022:09:08:08 +0200] "GET /plugins/system/jat3/jat3/base-themes/default/js/core.js HTTP/1.1" 200 2296 "http://meteoclima.hua.gr/" "Mozilla/5.0 (Windows NT 10.0; Win64; x64; rv:107.0) Gecko/20100101 Firefox/107.0"
94.65.67.241 - - [25/Nov/2022:09:08:08 +0200] "GET /media/system/js/caption.js HTTP/1.1" 200 685 "http://meteoclima.hua.gr/" "Mozilla/5.0 (Windows NT 10.0; Win64; x64; rv:107.0) Gecko/20100101 Firefox/107.0"
94.65.67.241 - - [25/Nov/2022:09:08:08 +0200] "GET /media/system/js/mootools-more.js HTTP/1.1" 200 68040 "http://meteoclima.hua.gr/" "Mozilla/5.0 (Windows NT 10.0; Win64; x64; rv:107.0) Gecko/20100101 Firefox/107.0"
94.65.67.241 - - [25/Nov/2022:09:08:08 +0200] "GET /templates/ja_purity_ii/js/ja.rightcol.js HTTP/1.1" 200 1332 "http://meteoclima.hua.gr/" "Mozilla/5.0 (Windows NT 10.0; Win64; x64; rv:107.0) Gecko/20100101 Firefox/107.0"
94.65.67.241 - - [25/Nov/2022:09:08:08 +0200] "GET /plugins/system/jat3/jat3/base-themes/default/js/menu/mega.js HTTP/1.1" 200 4821 "http://meteoclima.hua.gr/" "Mozilla/5.0 (Windows NT 10.0; Win64; x64; rv:107.0) Gecko/20100101 Firefox/107.0"
94.65.67.241 - - [25/Nov/2022:09:08:08 +0200] "GET / HTTP/1.1" 200 11197 "http://meteoclima.hua.gr/" "Mozilla/5.0 (Windows NT 10.0; Win64; x64; rv:107.0) Gecko/20100101 Firefox/107.0"
94.65.67.241 - - [25/Nov/2022:09:08:08 +0200] "GET /templates/ja_purity_ii//images/header/header3.jpg HTTP/1.1" 304 181 "http://meteoclima.hua.gr/" "Mozilla/5.0 (Windows NT 10.0; Win64; x64; rv:107.0) Gecko/20100101 Firefox/107.0"
94.65.67.241 - - [25/Nov/2022:09:08:08 +0200] "GET /images/stories/data/weathericons/sunny.gif HTTP/1.1" 304 180 "http://meteoclima.hua.gr/" "Mozilla/5.0 (Windows NT 10.0; Win64; x64; rv:107.0) Gecko/20100101 Firefox/107.0"
94.65.67.241 - - [25/Nov/2022:09:08:08 +0200] "GET /images/stories/data/weathericons/overcast.gif HTTP/1.1" 304 180 "http://meteoclima.hua.gr/" "Mozilla/5.0 (Windows NT 10.0; Win64; x64; rv:107.0) Gecko/20100101 Firefox/107.0"
94.65.67.241 - - [25/Nov/2022:09:08:08 +0200] "GET /images/stories/data/weathericons/sunnyintervals.gif HTTP/1.1" 304 180 "http://meteoclima.hua.gr/" "Mozilla/5.0 (Windows NT 10.0; Win64; x64; rv:107.0) Gecko/20100101 Firefox/107.0"
94.65.67.241 - - [25/Nov/2022:09:08:08 +0200] "GET /images/stories/data/weathericons/showers.gif HTTP/1.1" 304 180 "http://meteoclima.hua.gr/" "Mozilla/5.0 (Windows NT 10.0; Win64; x64; rv:107.0) Gecko/20100101 Firefox/107.0"
94.65.67.241 - - [25/Nov/2022:09:08:08 +0200] "GET /images/stories/data/weathericons/rain.gif HTTP/1.1" 304 180 "http://meteoclima.hua.gr/" "Mozilla/5.0 (Windows NT 10.0; Win64; x64; rv:107.0) Gecko/20100101 Firefox/107.0"
94.65.67.241 - - [25/Nov/2022:09:08:08 +0200] "GET /images/stories/data/laps/prec-mslp.d01.000.300x300.png HTTP/1.1" 304 182 "http://meteoclima.hua.gr/" "Mozilla/5.0 (Windows NT 10.0; Win64; x64; rv:107.0) Gecko/20100101 Firefox/107.0"
94.65.67.241 - - [25/Nov/2022:09:08:08 +0200] "GET /slideshow.php HTTP/1.1" 200 761 "http://meteoclima.hua.gr/" "Mozilla/5.0 (Windows NT 10.0; Win64; x64; rv:107.0) Gecko/20100101 Firefox/107.0"
94.65.67.241 - - [25/Nov/2022:09:08:08 +0200] "GET /slideshow_seasonal.php HTTP/1.1" 200 771 "http://meteoclima.hua.gr/" "Mozilla/5.0 (Windows NT 10.0; Win64; x64; rv:107.0) Gecko/20100101 Firefox/107.0"
94.65.67.241 - - [25/Nov/2022:09:08:08 +0200] "GET /labelgoogle.html HTTP/1.1" 200 552 "http://meteoclima.hua.gr/" "Mozilla/5.0 (Windows NT 10.0; Win64; x64; rv:107.0) Gecko/20100101 Firefox/107.0"
94.65.67.241 - - [25/Nov/2022:09:08:08 +0200] "GET /images/stories/data/wrf/dust/DUST_DRY_DEPOSITION_GOCART.000009.png HTTP/1.1" 304 182 "http://meteoclima.hua.gr/" "Mozilla/5.0 (Windows NT 10.0; Win64; x64; rv:107.0) Gecko/20100101 Firefox/107.0"
94.65.67.241 - - [25/Nov/2022:09:08:08 +0200] "GET /images/stories/data/boltek/hua/screenshot/latest.jpg HTTP/1.1" 200 249318 "http://meteoclima.hua.gr/" "Mozilla/5.0 (Windows NT 10.0; Win64; x64; rv:107.0) Gecko/20100101 Firefox/107.0"
94.65.67.241 - - [25/Nov/2022:09:08:08 +0200] "GET /images/stories/data/laps/prec-mslp-wind.d02.hires.zoom.000.300x300.png HTTP/1.1" 200 523563 "http://meteoclima.hua.gr/" "Mozilla/5.0 (Windows NT 10.0; Win64; x64; rv:107.0) Gecko/20100101 Firefox/107.0"
94.65.67.241 - - [25/Nov/2022:09:08:09 +0200] "GET /images/stories/data/wrf/google/t2mc.png HTTP/1.1" 304 181 "http://meteoclima.hua.gr/europe_temperature_overlay.html" "Mozilla/5.0 (Windows NT 10.0; Win64; x64; rv:107.0) Gecko/20100101 Firefox/107.0"
94.65.67.241 - - [25/Nov/2022:09:08:09 +0200] "GET /images/stories/data/wrf/meteograms/nmmV3-chart.gif HTTP/1.1" 304 181 "http://meteoclima.hua.gr/slideshow.php" "Mozilla/5.0 (Windows NT 10.0; Win64; x64; rv:107.0) Gecko/20100101 Firefox/107.0"
94.65.67.241 - - [25/Nov/2022:09:08:09 +0200] "GET /images/stories/data/wrf/meteograms/nmmV3-chart_eu.gif HTTP/1.1" 304 181 "http://meteoclima.hua.gr/slideshow.php" "Mozilla/5.0 (Windows NT 10.0; Win64; x64; rv:107.0) Gecko/20100101 Firefox/107.0"
94.65.67.241 - - [25/Nov/2022:09:08:09 +0200] "GET /slideshow-bg.png HTTP/1.1" 404 513 "http://meteoclima.hua.gr/slideshow.php" "Mozilla/5.0 (Windows NT 10.0; Win64; x64; rv:107.0) Gecko/20100101 Firefox/107.0"
94.65.67.241 - - [25/Nov/2022:09:08:09 +0200] "GET /templates/ja_purity_ii/images/favicon.ico HTTP/1.1" 304 180 "http://meteoclima.hua.gr/" "Mozilla/5.0 (Windows NT 10.0; Win64; x64; rv:107.0) Gecko/20100101 Firefox/107.0"
77.88.9.11 - - [25/Nov/2022:09:08:12 +0200] "GET /robots.txt HTTP/1.1" 301 585 "-" "Mozilla/5.0 (compatible; YandexBot/3.0; +http://yandex.com/bots)"
77.88.9.3 - - [25/Nov/2022:09:08:13 +0200] "GET /robots.txt HTTP/1.1" 403 4444 "-" "Mozilla/5.0 (compatible; YandexBot/3.0; +http://yandex.com/bots)"
77.88.9.10 - - [25/Nov/2022:09:08:17 +0200] "GET /el HTTP/1.1" 301 569 "-" "Mozilla/5.0 (compatible; YandexBot/3.0; +http://yandex.com/bots)"
::1 - - [25/Nov/2022:09:08:19 +0200] "OPTIONS * HTTP/1.0" 200 126 "-" "Apache/2.4.10 (Debian) OpenSSL/1.0.1t mod_perl/2.0.9dev Perl/v5.20.2 (internal dummy connection)"
77.88.9.10 - - [25/Nov/2022:09:08:20 +0200] "GET /el/ HTTP/1.1" 301 568 "-" "Mozilla/5.0 (compatible; YandexBot/3.0; +http://yandex.com/bots)"
::1 - - [25/Nov/2022:09:08:26 +0200] "OPTIONS * HTTP/1.0" 200 126 "-" "Apache/2.4.10 (Debian) OpenSSL/1.0.1t mod_perl/2.0.9dev Perl/v5.20.2 (internal dummy connection)"
83.212.240.12 - - [25/Nov/2022:09:08:55 +0200] "POST /wp-cron.php?doing_wp_cron=1669360135.7468841075897216796875 HTTP/1.1" 200 166 "http://esa13thconference.eu/wp-cron.php?doing_wp_cron=1669360135.7468841075897216796875" "WordPress/4.9.6; http://esa13thconference.eu"
185.119.81.100 - - [25/Nov/2022:09:08:55 +0200] "GET /wp-login.php HTTP/1.1" 200 1840 "-" "Mozilla/5.0 (Windows NT 6.3; Win64; x64) AppleWebKit/537.36 (KHTML, like Gecko) Chrome/61.0.3163.100 Safari/537.36"
83.212.240.12 - - [25/Nov/2022:09:08:57 +0200] "POST /wp-cron.php?doing_wp_cron=1669360137.4434490203857421875000 HTTP/1.1" 200 166 "http://esa13thconference.eu/wp-cron.php?doing_wp_cron=1669360137.4434490203857421875000" "WordPress/4.9.6; http://esa13thconference.eu"
185.119.81.100 - - [25/Nov/2022:09:08:56 +0200] "POST /wp-login.php HTTP/1.1" 200 2345 "http://esa13thconference.eu/wp-login.php" "Mozilla/5.0 (Windows NT 6.3; Win64; x64) AppleWebKit/537.36 (KHTML, like Gecko) Chrome/61.0.3163.100 Safari/537.36"
218.72.144.8 - - [25/Nov/2022:09:09:08 +0200] "HEAD /cris/ HTTP/1.1" 200 3856 "estia.hua.gr" "Mozilla/5.0 (Windows NT 10.0; Win64; x64) AppleWebKit/537.36 (KHTML, like Gecko) Chrome/46.0.2486.0 Safari/537.36 Edge/13.10586"
218.72.144.8 - - [25/Nov/2022:09:09:08 +0200] "GET /cris/ HTTP/1.1" 200 21115 "estia.hua.gr" "Mozilla/5.0 (Windows NT 10.0; Win64; x64) AppleWebKit/537.36 (KHTML, like Gecko) Chrome/46.0.2486.0 Safari/537.36 Edge/13.10586"
74.208.68.9 - - [25/Nov/2022:09:09:11 +0200] "GET /stations/Delacroix-Attiki/downld02.txt HTTP/1.1" 200 6941 "-" "Mozilla/5.0 (Windows NT 10.0; Win64; x64; rv:69.0) Gecko/20100101 Firefox/69.0"
74.208.68.9 - - [25/Nov/2022:09:09:18 +0200] "GET /stations/Harokopio-Athens/downld02.txt HTTP/1.1" 200 8063 "-" "Mozilla/5.0 (Windows NT 10.0; Win64; x64; rv:69.0) Gecko/20100101 Firefox/69.0"
74.208.68.9 - - [25/Nov/2022:09:09:25 +0200] "GET /stations/salamina/downld02.txt HTTP/1.1" 200 5549 "-" "Mozilla/5.0 (Windows NT 10.0; Win64; x64; rv:69.0) Gecko/20100101 Firefox/69.0"
74.208.68.9 - - [25/Nov/2022:09:09:27 +0200] "GET /stations/geraki/downld02.txt HTTP/1.1" 200 6724 "-" "Mozilla/5.0 (Windows NT 10.0; Win64; x64; rv:69.0) Gecko/20100101 Firefox/69.0"
74.208.68.9 - - [25/Nov/2022:09:09:46 +0200] "GET /stations/derveni/downld02.txt HTTP/1.1" 200 6635 "-" "Mozilla/5.0 (Windows NT 10.0; Win64; x64; rv:69.0) Gecko/20100101 Firefox/69.0"
194.177.195.20 - - [25/Nov/2022:09:10:01 +0200] "GET /stations/Delacroix-Attiki/downld02.txt HTTP/1.1" 200 41658 "-" "curl/7.64.0"
194.177.195.20 - - [25/Nov/2022:09:10:01 +0200] "GET /stations/Delacroix-Attiki/downld08.txt HTTP/1.1" 200 220508 "-" "curl/7.64.0"
194.177.195.20 - - [25/Nov/2022:09:10:01 +0200] "GET /stations/Delacroix-Attiki/ZWNTANA.htm HTTP/1.1" 200 2280 "-" "curl/7.64.0"
194.177.195.20 - - [25/Nov/2022:09:10:01 +0200] "GET /stations/Delacroix-Attiki/NOAAMO.TXT HTTP/1.1" 200 3221 "-" "curl/7.64.0"
194.177.195.20 - - [25/Nov/2022:09:10:01 +0200] "GET /stations/Delacroix-Attiki/NOAAPRMO.TXT HTTP/1.1" 200 3692 "-" "curl/7.64.0"
194.177.195.20 - - [25/Nov/2022:09:10:01 +0200] "GET /stations/Delacroix-Attiki/NOAAYR.TXT HTTP/1.1" 200 3331 "-" "curl/7.64.0"
194.177.195.20 - - [25/Nov/2022:09:10:01 +0200] "GET /stations/Delacroix-Attiki/NOAAPRYR.TXT HTTP/1.1" 200 3470 "-" "curl/7.64.0"
194.177.195.20 - - [25/Nov/2022:09:10:01 +0200] "GET /stations/derveni/downld02.txt HTTP/1.1" 200 41658 "-" "curl/7.64.0"
194.177.195.20 - - [25/Nov/2022:09:10:01 +0200] "GET /stations/derveni/downld08.txt HTTP/1.1" 200 220508 "-" "curl/7.64.0"
194.177.195.20 - - [25/Nov/2022:09:10:01 +0200] "GET /stations/derveni/ZWNTANA.htm HTTP/1.1" 200 2283 "-" "curl/7.64.0"
194.177.195.20 - - [25/Nov/2022:09:10:01 +0200] "GET /stations/derveni/NOAAMO.TXT HTTP/1.1" 200 3247 "-" "curl/7.64.0"
194.177.195.20 - - [25/Nov/2022:09:10:01 +0200] "GET /stations/derveni/NOAAPRMO.TXT HTTP/1.1" 200 3719 "-" "curl/7.64.0"
194.177.195.20 - - [25/Nov/2022:09:10:01 +0200] "GET /stations/derveni/NOAAYR.TXT HTTP/1.1" 200 3357 "-" "curl/7.64.0"
194.177.195.20 - - [25/Nov/2022:09:10:01 +0200] "GET /stations/derveni/NOAAPRYR.TXT HTTP/1.1" 200 3496 "-" "curl/7.64.0"
194.177.195.20 - - [25/Nov/2022:09:10:01 +0200] "GET /stations/geraki/downld02.txt HTTP/1.1" 200 39381 "-" "curl/7.64.0"
194.177.195.20 - - [25/Nov/2022:09:10:01 +0200] "GET /stations/geraki/downld08.txt HTTP/1.1" 200 218231 "-" "curl/7.64.0"
194.177.195.20 - - [25/Nov/2022:09:10:01 +0200] "GET /stations/geraki/ZWNTANA.htm HTTP/1.1" 200 2297 "-" "curl/7.64.0"
194.177.195.20 - - [25/Nov/2022:09:10:01 +0200] "GET /stations/geraki/NOAAMO.TXT HTTP/1.1" 200 3168 "-" "curl/7.64.0"
194.177.195.20 - - [25/Nov/2022:09:10:01 +0200] "GET /stations/geraki/NOAAPRMO.TXT HTTP/1.1" 200 3718 "-" "curl/7.64.0"
194.177.195.20 - - [25/Nov/2022:09:10:01 +0200] "GET /stations/geraki/NOAAYR.TXT HTTP/1.1" 200 3356 "-" "curl/7.64.0"
194.177.195.20 - - [25/Nov/2022:09:10:01 +0200] "GET /stations/geraki/NOAAPRYR.TXT HTTP/1.1" 200 3495 "-" "curl/7.64.0"
194.177.195.20 - - [25/Nov/2022:09:10:02 +0200] "GET /stations/Harokopio-Athens/downld02.txt HTTP/1.1" 200 67594 "-" "curl/7.64.0"
194.177.195.20 - - [25/Nov/2022:09:10:02 +0200] "GET /stations/Harokopio-Athens/downld08.txt HTTP/1.1" 200 357035 "-" "curl/7.64.0"
194.177.195.20 - - [25/Nov/2022:09:10:02 +0200] "GET /stations/Harokopio-Athens/ZWNTANA.htm HTTP/1.1" 200 2300 "-" "curl/7.64.0"
194.177.195.20 - - [25/Nov/2022:09:10:02 +0200] "GET /stations/Harokopio-Athens/NOAAMO.TXT HTTP/1.1" 200 3248 "-" "curl/7.64.0"
194.177.195.20 - - [25/Nov/2022:09:10:02 +0200] "GET /stations/Harokopio-Athens/NOAAPRMO.TXT HTTP/1.1" 200 3719 "-" "curl/7.64.0"
194.177.195.20 - - [25/Nov/2022:09:10:02 +0200] "GET /stations/Harokopio-Athens/NOAAYR.TXT HTTP/1.1" 200 3358 "-" "curl/7.64.0"
194.177.195.20 - - [25/Nov/2022:09:10:02 +0200] "GET /stations/Harokopio-Athens/NOAAPRYR.TXT HTTP/1.1" 200 3497 "-" "curl/7.64.0"
194.177.195.20 - - [25/Nov/2022:09:10:06 +0200] "GET /stations/salamina/downld02.txt HTTP/1.1" 200 38850 "-" "curl/7.64.0"
194.177.195.20 - - [25/Nov/2022:09:10:06 +0200] "GET /stations/salamina/downld08.txt HTTP/1.1" 200 204740 "-" "curl/7.64.0"
194.177.195.20 - - [25/Nov/2022:09:10:06 +0200] "GET /stations/salamina/ZWNTANA.htm HTTP/1.1" 200 2284 "-" "curl/7.64.0"
194.177.195.20 - - [25/Nov/2022:09:10:06 +0200] "GET /stations/salamina/NOAAMO.TXT HTTP/1.1" 200 3248 "-" "curl/7.64.0"
194.177.195.20 - - [25/Nov/2022:09:10:06 +0200] "GET /stations/salamina/NOAAPRMO.TXT HTTP/1.1" 200 3719 "-" "curl/7.64.0"
194.177.195.20 - - [25/Nov/2022:09:10:06 +0200] "GET /stations/salamina/NOAAYR.TXT HTTP/1.1" 200 3358 "-" "curl/7.64.0"
194.177.195.20 - - [25/Nov/2022:09:10:06 +0200] "GET /stations/salamina/NOAAPRYR.TXT HTTP/1.1" 200 3497 "-" "curl/7.64.0"
91.220.176.250 - - [25/Nov/2022:09:10:55 +0200] "GET /stations/Delacroix-Attiki/?CFID=bf163e6c-a6cc-4d4c-868d-322275106718&CFTOKEN=0 HTTP/1.1" 200 4538 "-" "Mozilla/5.0 (Windows NT 10.0; Win64; x64; rv:107.0) Gecko/20100101 Firefox/107.0"
91.220.176.250 - - [25/Nov/2022:09:10:55 +0200] "GET /stations/Delacroix-Attiki/logo.jpg HTTP/1.1" 200 5545 "http://meteoclima.hua.gr/stations/Delacroix-Attiki/?CFID=bf163e6c-a6cc-4d4c-868d-322275106718&CFTOKEN=0" "Mozilla/5.0 (Windows NT 10.0; Win64; x64; rv:107.0) Gecko/20100101 Firefox/107.0"
